Archive member included to satisfy reference by file (symbol)

lib/lcd/liblcd.a(LCD_Driver.c.o)
                              CMakeFiles/main.dir/main.c.o (LCD_SetBackLight)
lib/lcd/liblcd.a(LCD_Touch.c.o)
                              CMakeFiles/main.dir/main.c.o (TP_GetAdFac)
lib/lcd/liblcd.a(LCD_GUI.c.o)
                              lib/lcd/liblcd.a(LCD_Touch.c.o) (GUI_DrawPoint)
lib/font/libfont.a(font12.c.o)
                              lib/lcd/liblcd.a(LCD_GUI.c.o) (Font12)
lib/font/libfont.a(font16.c.o)
                              lib/lcd/liblcd.a(LCD_Touch.c.o) (Font16)
lib/font/libfont.a(font20.c.o)
                              lib/lcd/liblcd.a(LCD_GUI.c.o) (Font20)
lib/font/libfont.a(font24.c.o)
                              lib/lcd/liblcd.a(LCD_GUI.c.o) (Font24)
lib/font/libfont.a(font8.c.o)
                              lib/lcd/liblcd.a(LCD_GUI.c.o) (Font8)
lib/processing/libprocessing.a(processing.c.o)
                              lib/lcd/liblcd.a(LCD_Touch.c.o) (simple_crop)
lib/config/libconfig.a(DEV_Config.c.o)
                              lib/lcd/liblcd.a(LCD_Driver.c.o) (DEV_Digital_Write)
/usr/lib/gcc/arm-none-eabi/12.2.0/thumb/v6-m/nofp/libgcc.a(_dvmd_tls.o)
                              CMakeFiles/main.dir/usr/local/picosdk/src/rp2_common/pico_divider/divider_hardware.S.o (__aeabi_idiv0)
/usr/lib/gcc/arm-none-eabi/12.2.0/../../../../arm-none-eabi/lib/thumb/v6-m/nofp/libg.a(lib_a-atexit.o)
                              /usr/lib/gcc/arm-none-eabi/12.2.0/../../../../arm-none-eabi/lib/thumb/v6-m/nofp/crt0.o (atexit)
/usr/lib/gcc/arm-none-eabi/12.2.0/../../../../arm-none-eabi/lib/thumb/v6-m/nofp/libg.a(lib_a-atoi.o)
                              CMakeFiles/main.dir/lib/sd_card/sd_driver/sd_card.c.o (atoi)
/usr/lib/gcc/arm-none-eabi/12.2.0/../../../../arm-none-eabi/lib/thumb/v6-m/nofp/libg.a(lib_a-calloc.o)
                              CMakeFiles/main.dir/usr/local/picosdk/src/rp2_common/pico_malloc/malloc.c.o (calloc)
/usr/lib/gcc/arm-none-eabi/12.2.0/../../../../arm-none-eabi/lib/thumb/v6-m/nofp/libg.a(lib_a-callocr.o)
                              /usr/lib/gcc/arm-none-eabi/12.2.0/../../../../arm-none-eabi/lib/thumb/v6-m/nofp/libg.a(lib_a-calloc.o) (_calloc_r)
/usr/lib/gcc/arm-none-eabi/12.2.0/../../../../arm-none-eabi/lib/thumb/v6-m/nofp/libg.a(lib_a-ctype_.o)
                              CMakeFiles/main.dir/lib/sd_card/sd_driver/sd_card.c.o (_ctype_)
/usr/lib/gcc/arm-none-eabi/12.2.0/../../../../arm-none-eabi/lib/thumb/v6-m/nofp/libg.a(lib_a-errno.o)
                              CMakeFiles/main.dir/lib/sd_card/src/ff_stdio.c.o (__errno)
/usr/lib/gcc/arm-none-eabi/12.2.0/../../../../arm-none-eabi/lib/thumb/v6-m/nofp/libg.a(lib_a-fini.o)
                              /usr/lib/gcc/arm-none-eabi/12.2.0/../../../../arm-none-eabi/lib/thumb/v6-m/nofp/crt0.o (__libc_fini_array)
/usr/lib/gcc/arm-none-eabi/12.2.0/../../../../arm-none-eabi/lib/thumb/v6-m/nofp/libg.a(lib_a-fopencookie.o)
                              CMakeFiles/main.dir/lib/sd_card/src/file_stream.c.o (fopencookie)
/usr/lib/gcc/arm-none-eabi/12.2.0/../../../../arm-none-eabi/lib/thumb/v6-m/nofp/libg.a(lib_a-freer.o)
                              /usr/lib/gcc/arm-none-eabi/12.2.0/../../../../arm-none-eabi/lib/thumb/v6-m/nofp/libg.a(lib_a-fopencookie.o) (_free_r)
/usr/lib/gcc/arm-none-eabi/12.2.0/../../../../arm-none-eabi/lib/thumb/v6-m/nofp/libg.a(lib_a-impure.o)
                              /usr/lib/gcc/arm-none-eabi/12.2.0/../../../../arm-none-eabi/lib/thumb/v6-m/nofp/libg.a(lib_a-calloc.o) (_impure_ptr)
/usr/lib/gcc/arm-none-eabi/12.2.0/../../../../arm-none-eabi/lib/thumb/v6-m/nofp/libg.a(lib_a-init.o)
                              /usr/lib/gcc/arm-none-eabi/12.2.0/../../../../arm-none-eabi/lib/thumb/v6-m/nofp/crt0.o (__libc_init_array)
/usr/lib/gcc/arm-none-eabi/12.2.0/../../../../arm-none-eabi/lib/thumb/v6-m/nofp/libg.a(lib_a-lcltime_r.o)
                              CMakeFiles/main.dir/lib/sd_card/src/crash.c.o (localtime_r)
/usr/lib/gcc/arm-none-eabi/12.2.0/../../../../arm-none-eabi/lib/thumb/v6-m/nofp/libg.a(lib_a-lock.o)
                              /usr/lib/gcc/arm-none-eabi/12.2.0/../../../../arm-none-eabi/lib/thumb/v6-m/nofp/libg.a(lib_a-fopencookie.o) (__retarget_lock_close_recursive)
/usr/lib/gcc/arm-none-eabi/12.2.0/../../../../arm-none-eabi/lib/thumb/v6-m/nofp/libg.a(lib_a-malloc.o)
                              CMakeFiles/main.dir/usr/local/picosdk/src/rp2_common/pico_malloc/malloc.c.o (malloc)
/usr/lib/gcc/arm-none-eabi/12.2.0/../../../../arm-none-eabi/lib/thumb/v6-m/nofp/libg.a(lib_a-mallocr.o)
                              /usr/lib/gcc/arm-none-eabi/12.2.0/../../../../arm-none-eabi/lib/thumb/v6-m/nofp/libg.a(lib_a-callocr.o) (_malloc_r)
/usr/lib/gcc/arm-none-eabi/12.2.0/../../../../arm-none-eabi/lib/thumb/v6-m/nofp/libg.a(lib_a-memcmp.o)
                              CMakeFiles/main.dir/lib/sd_card/ff15/source/ff.c.o (memcmp)
[...]
Memory Configuration

Name             Origin             Length             Attributes
FLASH            0x0000000010000000 0x0000000000200000 xr
RAM              0x0000000020000000 0x0000000000040000 xrw
SCRATCH_X        0x0000000020040000 0x0000000000001000 xrw
SCRATCH_Y        0x0000000020041000 0x0000000000001000 xrw
*default*        0x0000000000000000 0xffffffffffffffff

Linker script and memory map

LOAD /usr/lib/gcc/arm-none-eabi/12.2.0/thumb/v6-m/nofp/crti.o
LOAD /usr/lib/gcc/arm-none-eabi/12.2.0/thumb/v6-m/nofp/crtbegin.o
LOAD /usr/lib/gcc/arm-none-eabi/12.2.0/../../../../arm-none-eabi/lib/thumb/v6-m/nofp/crt0.o

.flash_begin    0x0000000010000000        0x0
                0x0000000010000000                __flash_binary_start = .

.boot2          0x0000000010000000      0x100
                0x0000000010000000                __boot2_start__ = .
 *(.boot2)
 .boot2         0x0000000010000000      0x100 pico-sdk/src/rp2040/boot_stage2/CMakeFiles/bs2_default_library.dir/bs2_default_padded_checksummed.S.o
                0x0000000010000100                __boot2_end__ = .
                0x0000000000000001                ASSERT (((__boot2_end__ - __boot2_start__) == 0x100), ERROR: Pico second stage bootloader must be 256 bytes in size)

.text           0x0000000010000100    0x16a74
                0x0000000010000100                __logical_binary_start = .
 *(.vectors)
 .vectors       0x0000000010000100       0xd4 CMakeFiles/main.dir/usr/local/picosdk/src/rp2_common/pico_crt0/crt0.S.o
                0x0000000010000100                __vectors
                0x0000000010000100                __VECTOR_TABLE
                0x00000000100001c0                TIMER_IRQ_3_Handler
                0x00000000100001c0                UART0_IRQ_Handler
                0x00000000100001c0                TIMER_IRQ_1_Handler
                0x00000000100001c0                IO_IRQ_BANK0_Handler
                0x00000000100001c0                PIO1_IRQ_1_Handler
                0x00000000100001c0                TIMER_IRQ_0_Handler
                0x00000000100001c0                isr_irq30
                0x00000000100001c0                PIO0_IRQ_0_Handler
                0x00000000100001c0                USBCTRL_IRQ_Handler
                0x00000000100001c0                SPI1_IRQ_Handler
                0x00000000100001c0                isr_irq27
                0x00000000100001c0                isr_irq31
                0x00000000100001c0                __unhandled_user_irq
                0x00000000100001c0                DMA_IRQ_1_Handler
                0x00000000100001c0                I2C1_IRQ_Handler
                0x00000000100001c0                SPI0_IRQ_Handler
                0x00000000100001c0                isr_irq28
                0x00000000100001c0                SIO_IRQ_PROC1_Handler
                0x00000000100001c0                I2C0_IRQ_Handler
                0x00000000100001c0                PIO0_IRQ_1_Handler
                0x00000000100001c0                PWM_IRQ_WRAP_Handler
                0x00000000100001c0                PIO1_IRQ_0_Handler
                0x00000000100001c0                isr_irq29
                0x00000000100001c0                isr_irq26
                0x00000000100001c0                XIP_IRQ_Handler
                0x00000000100001c0                __vectors_end
                0x00000000100001c0                __default_isrs_start
                0x00000000100001c0                UART1_IRQ_Handler
                0x00000000100001c0                RTC_IRQ_Handler
                0x00000000100001c0                TIMER_IRQ_2_Handler
                0x00000000100001c0                CLOCKS_IRQ_Handler
                0x00000000100001c0                DMA_IRQ_0_Handler
                0x00000000100001c0                IO_IRQ_QSPI_Handler
                0x00000000100001c0                ADC_IRQ_FIFO_Handler
                0x00000000100001c0                SIO_IRQ_PROC0_Handler
                0x00000000100001c6                unhandled_user_irq_num_in_r0
                0x00000000100001c8                isr_invalid
                0x00000000100001ca                NMI_Handler
                0x00000000100001ce                SVC_Handler
                0x00000000100001d0                PendSV_Handler
                0x00000000100001d2                SysTick_Handler
                0x00000000100001d4                __default_isrs_end
 *(.binary_info_header)
 .binary_info_header
                0x00000000100001d4       0x14 CMakeFiles/main.dir/usr/local/picosdk/src/rp2_common/pico_crt0/crt0.S.o
                0x00000000100001e8                __binary_info_header_end = .
 *(.embedded_block)
                0x00000000100001e8                __embedded_block_end = .
 *(.reset)
 .reset         0x00000000100001e8       0x9c CMakeFiles/main.dir/usr/local/picosdk/src/rp2_common/pico_crt0/crt0.S.o
                0x00000000100001e8                _entry_point
 *(.init)
 .init          0x0000000010000284        0x4 /usr/lib/gcc/arm-none-eabi/12.2.0/thumb/v6-m/nofp/crti.o
                0x0000000010000284                _init
 *(EXCLUDE_FILE(*libm.a: *libc.a:*lib_a-mem*.o *libgcc.a:) .text*)
 .text.frame_dummy
                0x0000000010000288       0x20 /usr/lib/gcc/arm-none-eabi/12.2.0/thumb/v6-m/nofp/crtbegin.o
 .text.startup.main
                0x00000000100002a8       0x48 CMakeFiles/main.dir/main.c.o
                0x00000000100002a8                main
 .text.tchar2uni
                0x00000000100002f0       0xb4 CMakeFiles/main.dir/lib/sd_card/ff15/source/ff.c.o
 .text.chk_share
                0x00000000100003a4       0x70 CMakeFiles/main.dir/lib/sd_card/ff15/source/ff.c.o
 .text.inc_share
                0x0000000010000414       0x8c CMakeFiles/main.dir/lib/sd_card/ff15/source/ff.c.o
 .text.get_ldnumber
                0x00000000100004a0       0x44 CMakeFiles/main.dir/lib/sd_card/ff15/source/ff.c.o
 .text.validate
                0x00000000100004e4       0x3c CMakeFiles/main.dir/lib/sd_card/ff15/source/ff.c.o
 .text.dir_clear
                0x0000000010000520      0x1ac CMakeFiles/main.dir/lib/sd_card/ff15/source/ff.c.o
 .text.init_alloc_info.isra.0
                0x00000000100006cc       0x6c CMakeFiles/main.dir/lib/sd_card/ff15/source/ff.c.o
 .text.sync_fs  0x0000000010000738       0xfc CMakeFiles/main.dir/lib/sd_card/ff15/source/ff.c.o
 .text.move_window
                0x0000000010000834       0xc8 CMakeFiles/main.dir/lib/sd_card/ff15/source/ff.c.o
 .text.find_bitmap
                0x00000000100008fc       0xc4 CMakeFiles/main.dir/lib/sd_card/ff15/source/ff.c.o
 .text.change_bitmap
                0x00000000100009c0       0xe4 CMakeFiles/main.dir/lib/sd_card/ff15/source/ff.c.o
 .text.put_fat.part.0
                0x0000000010000aa4      0x148 CMakeFiles/main.dir/lib/sd_card/ff15/source/ff.c.o
 .text.fill_last_frag
                0x0000000010000bec       0x44 CMakeFiles/main.dir/lib/sd_card/ff15/source/ff.c.o
 .text.fill_first_frag
                0x0000000010000c30       0x48 CMakeFiles/main.dir/lib/sd_card/ff15/source/ff.c.o
 .text.get_fat  0x0000000010000c78      0x1b0 CMakeFiles/main.dir/lib/sd_card/ff15/source/ff.c.o
 .text.create_chain
                0x0000000010000e28      0x1bc CMakeFiles/main.dir/lib/sd_card/ff15/source/ff.c.o
 .text.dir_sdi  0x0000000010000fe4       0xd8 CMakeFiles/main.dir/lib/sd_card/ff15/source/ff.c.o
 .text.remove_chain
                0x00000000100010bc      0x12c CMakeFiles/main.dir/lib/sd_card/ff15/source/ff.c.o
 .text.dir_next
                0x00000000100011e8      0x110 CMakeFiles/main.dir/lib/sd_card/ff15/source/ff.c.o
 .text.dir_alloc
                0x00000000100012f8       0x5c CMakeFiles/main.dir/lib/sd_card/ff15/source/ff.c.o
 .text.load_xdir
                0x0000000010001354       0xec CMakeFiles/main.dir/lib/sd_card/ff15/source/ff.c.o
 .text.store_xdir
                0x0000000010001440       0x8c CMakeFiles/main.dir/lib/sd_card/ff15/source/ff.c.o
 .text.dir_read.constprop.0
                0x00000000100014cc      0x184 CMakeFiles/main.dir/lib/sd_card/ff15/source/ff.c.o
 .text.dir_find
                0x0000000010001650      0x29c CMakeFiles/main.dir/lib/sd_card/ff15/source/ff.c.o
 .text.follow_path
                0x00000000100018ec      0x4c4 CMakeFiles/main.dir/lib/sd_card/ff15/source/ff.c.o
 .text.check_fs
                0x0000000010001db0      0x188 CMakeFiles/main.dir/lib/sd_card/ff15/source/ff.c.o
 .text.mount_volume
                0x0000000010001f38      0x8bc CMakeFiles/main.dir/lib/sd_card/ff15/source/ff.c.o
 .text.dir_register
                0x00000000100027f4      0x520 CMakeFiles/main.dir/lib/sd_card/ff15/source/ff.c.o
 .text.f_mount  0x0000000010002d14       0x7c CMakeFiles/main.dir/lib/sd_card/ff15/source/ff.c.o
                0x0000000010002d14                f_mount
 .text.f_open   0x0000000010002d90      0x458 CMakeFiles/main.dir/lib/sd_card/ff15/source/ff.c.o
                0x0000000010002d90                f_open
 .text.f_write  0x00000000100031e8      0x2dc CMakeFiles/main.dir/lib/sd_card/ff15/source/ff.c.o
                0x00000000100031e8                f_write
 .text.f_sync   0x00000000100034c4      0x24c CMakeFiles/main.dir/lib/sd_card/ff15/source/ff.c.o
                0x00000000100034c4                f_sync
 .text.f_close  0x0000000010003710       0x58 CMakeFiles/main.dir/lib/sd_card/ff15/source/ff.c.o
                0x0000000010003710                f_close
 .text.ff_memalloc
                0x0000000010003768        0x8 CMakeFiles/main.dir/lib/sd_card/ff15/source/ffsystem.c.o
                0x0000000010003768                ff_memalloc
 .text.ff_memfree
                0x0000000010003770        0x8 CMakeFiles/main.dir/lib/sd_card/ff15/source/ffsystem.c.o
                0x0000000010003770                ff_memfree
 .text.ff_uni2oem
                0x0000000010003778       0x40 CMakeFiles/main.dir/lib/sd_card/ff15/source/ffunicode.c.o
                0x0000000010003778                ff_uni2oem
 .text.ff_wtoupper
                0x00000000100037b8       0xb8 CMakeFiles/main.dir/lib/sd_card/ff15/source/ffunicode.c.o
                0x00000000100037b8                ff_wtoupper
 .text.dma_irq_handler
                0x0000000010003870       0x5c CMakeFiles/main.dir/lib/sd_card/sd_driver/dma_interrupts.c.o
 .text.dma_irq_add_handler
                0x00000000100038cc       0x8c CMakeFiles/main.dir/lib/sd_card/sd_driver/dma_interrupts.c.o
                0x00000000100038cc                dma_irq_add_handler
 .text.sd_lock  0x0000000010003958        0xc CMakeFiles/main.dir/lib/sd_card/sd_driver/sd_card.c.o
                0x0000000010003958                sd_lock
 .text.sd_unlock
                0x0000000010003964        0xc CMakeFiles/main.dir/lib/sd_card/sd_driver/sd_card.c.o
                0x0000000010003964                sd_unlock
 .text.sd_card_detect
                0x0000000010003970       0x4c CMakeFiles/main.dir/lib/sd_card/sd_driver/sd_card.c.o
                0x0000000010003970                sd_card_detect
 .text.sd_get_drive_prefix
                0x00000000100039bc       0x18 CMakeFiles/main.dir/lib/sd_card/sd_driver/sd_card.c.o
                0x00000000100039bc                sd_get_drive_prefix
 .text.sd_init_driver
                0x00000000100039d4      0x104 CMakeFiles/main.dir/lib/sd_card/sd_driver/sd_card.c.o
                0x00000000100039d4                sd_init_driver
 .text.sdio_start_next_block_tx
                0x0000000010003ad8      0x184 CMakeFiles/main.dir/lib/sd_card/sd_driver/SDIO/rp2040_sdio.c.o
 .text.rp2040_sdio_stop.isra.0
                0x0000000010003c5c       0x9c CMakeFiles/main.dir/lib/sd_card/sd_driver/SDIO/rp2040_sdio.c.o
 .text.sdio_send_command.isra.0
                0x0000000010003cf8       0x8c CMakeFiles/main.dir/lib/sd_card/sd_driver/SDIO/rp2040_sdio.c.o
 .text.sdio_crc16_4bit_checksum
                0x0000000010003d84       0x88 CMakeFiles/main.dir/lib/sd_card/sd_driver/SDIO/rp2040_sdio.c.o
                0x0000000010003d84                sdio_crc16_4bit_checksum
 .text.sdio_verify_rx_checksums
                0x0000000010003e0c       0xe4 CMakeFiles/main.dir/lib/sd_card/sd_driver/SDIO/rp2040_sdio.c.o
 .text.rp2040_sdio_command_R1
                0x0000000010003ef0      0x164 CMakeFiles/main.dir/lib/sd_card/sd_driver/SDIO/rp2040_sdio.c.o
                0x0000000010003ef0                rp2040_sdio_command_R1
 .text.rp2040_sdio_command_R2
                0x0000000010004054      0x1e0 CMakeFiles/main.dir/lib/sd_card/sd_driver/SDIO/rp2040_sdio.c.o
                0x0000000010004054                rp2040_sdio_command_R2
 .text.rp2040_sdio_command_R3
                0x0000000010004234       0xa8 CMakeFiles/main.dir/lib/sd_card/sd_driver/SDIO/rp2040_sdio.c.o
                0x0000000010004234                rp2040_sdio_command_R3
 .text.rp2040_sdio_rx_start
                0x00000000100042dc      0x1ec CMakeFiles/main.dir/lib/sd_card/sd_driver/SDIO/rp2040_sdio.c.o
                0x00000000100042dc                rp2040_sdio_rx_start
 .text.rp2040_sdio_rx_poll
                0x00000000100044c8       0xa4 CMakeFiles/main.dir/lib/sd_card/sd_driver/SDIO/rp2040_sdio.c.o
                0x00000000100044c8                rp2040_sdio_rx_poll
 .text.rp2040_sdio_tx_start
                0x000000001000456c       0xa0 CMakeFiles/main.dir/lib/sd_card/sd_driver/SDIO/rp2040_sdio.c.o
                0x000000001000456c                rp2040_sdio_tx_start
 .text.rp2040_sdio_tx_poll
                0x000000001000460c       0x8c CMakeFiles/main.dir/lib/sd_card/sd_driver/SDIO/rp2040_sdio.c.o
                0x000000001000460c                rp2040_sdio_tx_poll
 .text.rp2040_sdio_init
                0x0000000010004698      0x478 CMakeFiles/main.dir/lib/sd_card/sd_driver/SDIO/rp2040_sdio.c.o
                0x0000000010004698                rp2040_sdio_init
 .text.sd_sdio_test_com
                0x0000000010004b10       0x8c CMakeFiles/main.dir/lib/sd_card/sd_driver/SDIO/sd_card_sdio.c.o
 .text.sd_sdio_deinit
                0x0000000010004b9c       0xd4 CMakeFiles/main.dir/lib/sd_card/sd_driver/SDIO/sd_card_sdio.c.o
 .text.sd_sdio_sectorCount
                0x0000000010004c70       0x98 CMakeFiles/main.dir/lib/sd_card/sd_driver/SDIO/sd_card_sdio.c.o
                0x0000000010004c70                sd_sdio_sectorCount
 .text.sd_sdio_begin
                0x0000000010004d08      0x4a0 CMakeFiles/main.dir/lib/sd_card/sd_driver/SDIO/sd_card_sdio.c.o
                0x0000000010004d08                sd_sdio_begin
 .text.sd_sdio_init
                0x00000000100051a8       0xf4 CMakeFiles/main.dir/lib/sd_card/sd_driver/SDIO/sd_card_sdio.c.o
 .text.sd_sdio_stopTransmission
                0x000000001000529c       0xd0 CMakeFiles/main.dir/lib/sd_card/sd_driver/SDIO/sd_card_sdio.c.o
                0x000000001000529c                sd_sdio_stopTransmission
 .text.sd_sync  0x000000001000536c       0x34 CMakeFiles/main.dir/lib/sd_card/sd_driver/SDIO/sd_card_sdio.c.o
 .text.sd_sdio_writeSector
                0x00000000100053a0      0x138 CMakeFiles/main.dir/lib/sd_card/sd_driver/SDIO/sd_card_sdio.c.o
                0x00000000100053a0                sd_sdio_writeSector
 .text.sd_sdio_writeSectors
                0x00000000100054d8      0x1b8 CMakeFiles/main.dir/lib/sd_card/sd_driver/SDIO/sd_card_sdio.c.o
                0x00000000100054d8                sd_sdio_writeSectors
 .text.sd_sdio_write_blocks
                0x0000000010005690       0x40 CMakeFiles/main.dir/lib/sd_card/sd_driver/SDIO/sd_card_sdio.c.o
 .text.sd_sdio_readSector
                0x00000000100056d0      0x13c CMakeFiles/main.dir/lib/sd_card/sd_driver/SDIO/sd_card_sdio.c.o
                0x00000000100056d0                sd_sdio_readSector
 .text.sd_sdio_readSectors
                0x000000001000580c      0x170 CMakeFiles/main.dir/lib/sd_card/sd_driver/SDIO/sd_card_sdio.c.o
                0x000000001000580c                sd_sdio_readSectors
 .text.sd_sdio_read_blocks
                0x000000001000597c       0x40 CMakeFiles/main.dir/lib/sd_card/sd_driver/SDIO/sd_card_sdio.c.o
 .text.sd_sdio_ctor
                0x00000000100059bc       0x6c CMakeFiles/main.dir/lib/sd_card/sd_driver/SDIO/sd_card_sdio.c.o
                0x00000000100059bc                sd_sdio_ctor
 .text.calculate_transfer_time_ms
                0x0000000010005a28       0x4c CMakeFiles/main.dir/lib/sd_card/sd_driver/SPI/my_spi.c.o
                0x0000000010005a28                calculate_transfer_time_ms
 .text.my_spi_init
                0x0000000010005a74      0x1e8 CMakeFiles/main.dir/lib/sd_card/sd_driver/SPI/my_spi.c.o
                0x0000000010005a74                my_spi_init
 .text.sd_deinit
                0x0000000010005c5c       0x2c CMakeFiles/main.dir/lib/sd_card/sd_driver/SPI/sd_card_spi.c.o
 .text.crc7.constprop.0
                0x0000000010005c88       0x2c CMakeFiles/main.dir/lib/sd_card/sd_driver/SPI/sd_card_spi.c.o
 .text.sd_wait_ready
                0x0000000010005cb4       0xa8 CMakeFiles/main.dir/lib/sd_card/sd_driver/SPI/sd_card_spi.c.o
 .text.sd_wait_token.constprop.0
                0x0000000010005d5c       0xa0 CMakeFiles/main.dir/lib/sd_card/sd_driver/SPI/sd_card_spi.c.o
 .text.sd_cmd_spi
                0x0000000010005dfc      0x184 CMakeFiles/main.dir/lib/sd_card/sd_driver/SPI/sd_card_spi.c.o
 .text.sd_spi_test_com
                0x0000000010005f80      0x1a4 CMakeFiles/main.dir/lib/sd_card/sd_driver/SPI/sd_card_spi.c.o
 .text.read_bytes
                0x0000000010006124      0x108 CMakeFiles/main.dir/lib/sd_card/sd_driver/SPI/sd_card_spi.c.o
 .text.send_block.constprop.0
                0x000000001000622c      0x20c CMakeFiles/main.dir/lib/sd_card/sd_driver/SPI/sd_card_spi.c.o
 .text.sd_cmd   0x0000000010006438      0x3e0 CMakeFiles/main.dir/lib/sd_card/sd_driver/SPI/sd_card_spi.c.o
 .text.stop_wr_tran
                0x0000000010006818       0x80 CMakeFiles/main.dir/lib/sd_card/sd_driver/SPI/sd_card_spi.c.o
 .text.sd_sync  0x0000000010006898      0x128 CMakeFiles/main.dir/lib/sd_card/sd_driver/SPI/sd_card_spi.c.o
 .text.in_sd_spi_sectors
                0x00000000100069c0       0xc0 CMakeFiles/main.dir/lib/sd_card/sd_driver/SPI/sd_card_spi.c.o
 .text.sd_spi_sectors
                0x0000000010006a80      0x110 CMakeFiles/main.dir/lib/sd_card/sd_driver/SPI/sd_card_spi.c.o
                0x0000000010006a80                sd_spi_sectors
 .text.in_sd_go_idle_state
                0x0000000010006b90      0x154 CMakeFiles/main.dir/lib/sd_card/sd_driver/SPI/sd_card_spi.c.o
 .text.sd_card_spi_init
                0x0000000010006ce4      0x538 CMakeFiles/main.dir/lib/sd_card/sd_driver/SPI/sd_card_spi.c.o
                0x0000000010006ce4                sd_card_spi_init
 .text.sd_read_blocks
                0x000000001000721c      0x340 CMakeFiles/main.dir/lib/sd_card/sd_driver/SPI/sd_card_spi.c.o
 .text.send_all_blocks
                0x000000001000755c       0x94 CMakeFiles/main.dir/lib/sd_card/sd_driver/SPI/sd_card_spi.c.o
 .text.sd_write_blocks
                0x00000000100075f0      0x1ec CMakeFiles/main.dir/lib/sd_card/sd_driver/SPI/sd_card_spi.c.o
 .text.sd_go_idle_state
                0x00000000100077dc       0xa0 CMakeFiles/main.dir/lib/sd_card/sd_driver/SPI/sd_card_spi.c.o
                0x00000000100077dc                sd_go_idle_state
 .text.sd_spi_ctor
                0x000000001000787c       0x7c CMakeFiles/main.dir/lib/sd_card/sd_driver/SPI/sd_card_spi.c.o
                0x000000001000787c                sd_spi_ctor
 .text.sd_spi_go_high_frequency
                0x00000000100078f8       0x10 CMakeFiles/main.dir/lib/sd_card/sd_driver/SPI/sd_spi.c.o
                0x00000000100078f8                sd_spi_go_high_frequency
 .text.sd_spi_go_low_frequency
                0x0000000010007908       0x14 CMakeFiles/main.dir/lib/sd_card/sd_driver/SPI/sd_spi.c.o
                0x0000000010007908                sd_spi_go_low_frequency
 .text.sd_spi_send_initializing_sequence
                0x000000001000791c       0x70 CMakeFiles/main.dir/lib/sd_card/sd_driver/SPI/sd_spi.c.o
                0x000000001000791c                sd_spi_send_initializing_sequence
 .text.__NVIC_SystemReset
                0x000000001000798c       0x1c CMakeFiles/main.dir/lib/sd_card/src/crash.c.o
 .text.crc7.constprop.0
                0x00000000100079a8       0x20 CMakeFiles/main.dir/lib/sd_card/src/crash.c.o
 .text.Hardfault_HandlerC
                0x00000000100079c8       0x60 CMakeFiles/main.dir/lib/sd_card/src/crash.c.o
                0x00000000100079c8                Hardfault_HandlerC
 .text.HardFault_Handler
                0x0000000010007a28       0x18 CMakeFiles/main.dir/lib/sd_card/src/crash.c.o
                0x0000000010007a28                HardFault_Handler
 .text.crc16ibm_3740_word.constprop.0
                0x0000000010007a40      0x20c CMakeFiles/main.dir/lib/sd_card/src/crc.c.o
 .text.crc16    0x0000000010007c4c        0x8 CMakeFiles/main.dir/lib/sd_card/src/crc.c.o
                0x0000000010007c4c                crc16
 .text.FRESULT_str
                0x0000000010007c54       0x18 CMakeFiles/main.dir/lib/sd_card/src/f_util.c.o
                0x0000000010007c54                FRESULT_str
 .text.sdrc2dresult
                0x0000000010007c6c       0x34 CMakeFiles/main.dir/lib/sd_card/src/glue.c.o
 .text.disk_status
                0x0000000010007ca0       0x18 CMakeFiles/main.dir/lib/sd_card/src/glue.c.o
                0x0000000010007ca0                disk_status
 .text.disk_initialize
                0x0000000010007cb8       0x40 CMakeFiles/main.dir/lib/sd_card/src/glue.c.o
                0x0000000010007cb8                disk_initialize
 .text.disk_read
                0x0000000010007cf8       0x28 CMakeFiles/main.dir/lib/sd_card/src/glue.c.o
                0x0000000010007cf8                disk_read
 .text.disk_write
                0x0000000010007d20       0x28 CMakeFiles/main.dir/lib/sd_card/src/glue.c.o
                0x0000000010007d20                disk_write
 .text.disk_ioctl
                0x0000000010007d48       0x48 CMakeFiles/main.dir/lib/sd_card/src/glue.c.o
                0x0000000010007d48                disk_ioctl
 .text.put_out_error_message
                0x0000000010007d90        0x4 CMakeFiles/main.dir/lib/sd_card/src/my_debug.c.o
                0x0000000010007d90                put_out_error_message
 .text.error_message_printf
                0x0000000010007d94       0x3c CMakeFiles/main.dir/lib/sd_card/src/my_debug.c.o
                0x0000000010007d94                error_message_printf
 .text.get_fattime
                0x0000000010007dd0       0x64 CMakeFiles/main.dir/lib/sd_card/src/my_rtc.c.o
                0x0000000010007dd0                get_fattime
 .text.sd_create_file
                0x0000000010007e34       0x70 CMakeFiles/main.dir/lib/sd_card/sd_utils.c.o
 .text.sd_write_data
                0x0000000010007ea4       0x6c CMakeFiles/main.dir/lib/sd_card/sd_utils.c.o
 .text.sd_close_file.isra.0
                0x0000000010007f10       0x24 CMakeFiles/main.dir/lib/sd_card/sd_utils.c.o
 .text.write_on_sd
                0x0000000010007f34      0x11c CMakeFiles/main.dir/lib/sd_card/sd_utils.c.o
                0x0000000010007f34                write_on_sd
 .text.write_on_sd_bit_pack
                0x0000000010008050      0x1a4 CMakeFiles/main.dir/lib/sd_card/sd_utils.c.o
                0x0000000010008050                write_on_sd_bit_pack
 .text.core1_sd_writer.part.0
                0x00000000100081f4      0x130 CMakeFiles/main.dir/lib/sd_card/sd_utils.c.o
 .text.core1_sd_writer
                0x0000000010008324       0xd4 CMakeFiles/main.dir/lib/sd_card/sd_utils.c.o
 .text.sd_writer_init
                0x00000000100083f8       0x44 CMakeFiles/main.dir/lib/sd_card/sd_utils.c.o
                0x00000000100083f8                sd_writer_init
 .text.sd_write_async_packed
                0x000000001000843c       0xbc CMakeFiles/main.dir/lib/sd_card/sd_utils.c.o
                0x000000001000843c                sd_write_async_packed
 .text.generate_uuid
                0x00000000100084f8       0x40 CMakeFiles/main.dir/lib/sd_card/sd_utils.c.o
                0x00000000100084f8                generate_uuid
 .text.sd_write_async_json
                0x0000000010008538       0xa0 CMakeFiles/main.dir/lib/sd_card/sd_utils.c.o
                0x0000000010008538                sd_write_async_json
 .text.sd_get_num
                0x00000000100085d8        0x4 CMakeFiles/main.dir/lib/sd_card/src/hw_config.c.o
                0x00000000100085d8                sd_get_num
 .text.sd_get_by_num
                0x00000000100085dc       0x1c CMakeFiles/main.dir/lib/sd_card/src/hw_config.c.o
                0x00000000100085dc                sd_get_by_num
 .text.dma_channel_claim
                0x00000000100085f8       0x18 CMakeFiles/main.dir/usr/local/picosdk/src/rp2_common/hardware_dma/dma.c.o
                0x00000000100085f8                dma_channel_claim
 .text.dma_claim_unused_channel
                0x0000000010008610       0x24 CMakeFiles/main.dir/usr/local/picosdk/src/rp2_common/hardware_dma/dma.c.o
                0x0000000010008610                dma_claim_unused_channel
 .text.rp2040_chip_version
                0x0000000010008634        0xc CMakeFiles/main.dir/usr/local/picosdk/src/rp2040/pico_platform/platform.c.o
                0x0000000010008634                rp2040_chip_version
 .text.panic    0x0000000010008640       0x30 CMakeFiles/main.dir/usr/local/picosdk/src/rp2_common/pico_platform_panic/panic.c.o
                0x0000000010008640                panic
 .text.hw_claim_lock
                0x0000000010008670       0x18 CMakeFiles/main.dir/usr/local/picosdk/src/common/hardware_claim/claim.c.o
                0x0000000010008670                hw_claim_lock
 .text.hw_claim_unlock
                0x0000000010008688       0x14 CMakeFiles/main.dir/usr/local/picosdk/src/common/hardware_claim/claim.c.o
                0x0000000010008688                hw_claim_unlock
 .text.hw_claim_or_assert
                0x000000001000869c       0x44 CMakeFiles/main.dir/usr/local/picosdk/src/common/hardware_claim/claim.c.o
                0x000000001000869c                hw_claim_or_assert
 .text.hw_claim_unused_from_range
                0x00000000100086e0       0x9c CMakeFiles/main.dir/usr/local/picosdk/src/common/hardware_claim/claim.c.o
                0x00000000100086e0                hw_claim_unused_from_range
 .text.next_striped_spin_lock_num
                0x000000001000877c       0x18 CMakeFiles/main.dir/usr/local/picosdk/src/rp2_common/hardware_sync/sync.c.o
                0x000000001000877c                next_striped_spin_lock_num
 .text.spin_lock_claim_unused
                0x0000000010008794       0x24 CMakeFiles/main.dir/usr/local/picosdk/src/rp2_common/hardware_sync/sync.c.o
                0x0000000010008794                spin_lock_claim_unused
 .text.spin_locks_reset
                0x00000000100087b8       0x1c CMakeFiles/main.dir/usr/local/picosdk/src/rp2_common/hardware_sync_spin_lock/sync_spin_lock.c.o
                0x00000000100087b8                spin_locks_reset
 .text.find_offset_for_program.isra.0
                0x00000000100087d4       0x54 CMakeFiles/main.dir/usr/local/picosdk/src/rp2_common/hardware_pio/pio.c.o
 .text.add_program_at_offset
                0x0000000010008828       0x9c CMakeFiles/main.dir/usr/local/picosdk/src/rp2_common/hardware_pio/pio.c.o
 .text.pio_claim_unused_sm
                0x00000000100088c4       0x38 CMakeFiles/main.dir/usr/local/picosdk/src/rp2_common/hardware_pio/pio.c.o
                0x00000000100088c4                pio_claim_unused_sm
 .text.pio_add_program
                0x00000000100088fc       0x34 CMakeFiles/main.dir/usr/local/picosdk/src/rp2_common/hardware_pio/pio.c.o
                0x00000000100088fc                pio_add_program
 .text.pio_clear_instruction_memory
                0x0000000010008930       0x34 CMakeFiles/main.dir/usr/local/picosdk/src/rp2_common/hardware_pio/pio.c.o
                0x0000000010008930                pio_clear_instruction_memory
 .text.pio_sm_set_consecutive_pindirs
                0x0000000010008964       0xb4 CMakeFiles/main.dir/usr/local/picosdk/src/rp2_common/hardware_pio/pio.c.o
                0x0000000010008964                pio_sm_set_consecutive_pindirs
 .text.pio_sm_init
                0x0000000010008a18       0x9c CMakeFiles/main.dir/usr/local/picosdk/src/rp2_common/hardware_pio/pio.c.o
                0x0000000010008a18                pio_sm_init
 .text.gpio_set_function
                0x0000000010008ab4       0x34 CMakeFiles/main.dir/usr/local/picosdk/src/rp2_common/hardware_gpio/gpio.c.o
                0x0000000010008ab4                gpio_set_function
 .text.gpio_set_pulls
                0x0000000010008ae8       0x28 CMakeFiles/main.dir/usr/local/picosdk/src/rp2_common/hardware_gpio/gpio.c.o
                0x0000000010008ae8                gpio_set_pulls
 .text.gpio_set_slew_rate
                0x0000000010008b10       0x20 CMakeFiles/main.dir/usr/local/picosdk/src/rp2_common/hardware_gpio/gpio.c.o
                0x0000000010008b10                gpio_set_slew_rate
 .text.gpio_set_drive_strength
                0x0000000010008b30       0x24 CMakeFiles/main.dir/usr/local/picosdk/src/rp2_common/hardware_gpio/gpio.c.o
                0x0000000010008b30                gpio_set_drive_strength
 .text.gpio_init
                0x0000000010008b54       0x40 CMakeFiles/main.dir/usr/local/picosdk/src/rp2_common/hardware_gpio/gpio.c.o
                0x0000000010008b54                gpio_init
 .text.gpio_deinit
                0x0000000010008b94       0x34 CMakeFiles/main.dir/usr/local/picosdk/src/rp2_common/hardware_gpio/gpio.c.o
                0x0000000010008b94                gpio_deinit
 .text.runtime_init_per_core_irq_priorities
                0x0000000010008bc8       0x24 CMakeFiles/main.dir/usr/local/picosdk/src/rp2_common/hardware_irq/irq.c.o
                0x0000000010008bc8                runtime_init_per_core_irq_priorities
 .text.irq_set_enabled
                0x0000000010008bec       0x24 CMakeFiles/main.dir/usr/local/picosdk/src/rp2_common/hardware_irq/irq.c.o
                0x0000000010008bec                irq_set_enabled
 .text.irq_is_enabled
                0x0000000010008c10       0x18 CMakeFiles/main.dir/usr/local/picosdk/src/rp2_common/hardware_irq/irq.c.o
                0x0000000010008c10                irq_is_enabled
 .text.irq_set_pending
                0x0000000010008c28       0x10 CMakeFiles/main.dir/usr/local/picosdk/src/rp2_common/hardware_irq/irq.c.o
                0x0000000010008c28                irq_set_pending
 .text.irq_has_shared_handler
                0x0000000010008c38       0x24 CMakeFiles/main.dir/usr/local/picosdk/src/rp2_common/hardware_irq/irq.c.o
                0x0000000010008c38                irq_has_shared_handler
 .text.irq_set_exclusive_handler
                0x0000000010008c5c       0x54 CMakeFiles/main.dir/usr/local/picosdk/src/rp2_common/hardware_irq/irq.c.o
                0x0000000010008c5c                irq_set_exclusive_handler
 .text.irq_add_shared_handler
                0x0000000010008cb0      0x1e0 CMakeFiles/main.dir/usr/local/picosdk/src/rp2_common/hardware_irq/irq.c.o
                0x0000000010008cb0                irq_add_shared_handler
 .text.irq_add_tail_to_free_list
                0x0000000010008e90       0xa4 CMakeFiles/main.dir/usr/local/picosdk/src/rp2_common/hardware_irq/irq.c.o
                0x0000000010008e90                irq_add_tail_to_free_list
 .text.user_irq_claim_unused
                0x0000000010008f34       0x2c CMakeFiles/main.dir/usr/local/picosdk/src/rp2_common/hardware_irq/irq.c.o
                0x0000000010008f34                user_irq_claim_unused
 .text.lock_init
                0x0000000010008f60       0x10 CMakeFiles/main.dir/usr/local/picosdk/src/common/pico_sync/lock_core.c.o
                0x0000000010008f60                lock_init
 .text.runtime_init_mutex
                0x0000000010008f70       0x60 CMakeFiles/main.dir/usr/local/picosdk/src/common/pico_sync/mutex.c.o
                0x0000000010008f70                runtime_init_mutex
 .text.mutex_init
                0x0000000010008fd0       0x1c CMakeFiles/main.dir/usr/local/picosdk/src/common/pico_sync/mutex.c.o
                0x0000000010008fd0                mutex_init
 .text.critical_section_init
                0x0000000010008fec       0x1c CMakeFiles/main.dir/usr/local/picosdk/src/common/pico_sync/critical_section.c.o
                0x0000000010008fec                critical_section_init
 .text.critical_section_init_with_lock_num
                0x0000000010009008       0x14 CMakeFiles/main.dir/usr/local/picosdk/src/common/pico_sync/critical_section.c.o
                0x0000000010009008                critical_section_init_with_lock_num
 .text.sleep_until_callback
                0x000000001000901c       0x30 CMakeFiles/main.dir/usr/local/picosdk/src/common/pico_time/time.c.o
 .text.alarm_pool_irq_handler
                0x000000001000904c      0x2f4 CMakeFiles/main.dir/usr/local/picosdk/src/common/pico_time/time.c.o
 .text.runtime_init_default_alarm_pool
                0x0000000010009340       0x9c CMakeFiles/main.dir/usr/local/picosdk/src/common/pico_time/time.c.o
                0x0000000010009340                runtime_init_default_alarm_pool
 .text.alarm_pool_get_default
                0x00000000100093dc        0x8 CMakeFiles/main.dir/usr/local/picosdk/src/common/pico_time/time.c.o
                0x00000000100093dc                alarm_pool_get_default
 .text.alarm_pool_add_alarm_at_force_in_context
                0x00000000100093e4       0xb0 CMakeFiles/main.dir/usr/local/picosdk/src/common/pico_time/time.c.o
                0x00000000100093e4                alarm_pool_add_alarm_at_force_in_context
 .text.alarm_pool_add_alarm_at
                0x0000000010009494       0x3c CMakeFiles/main.dir/usr/local/picosdk/src/common/pico_time/time.c.o
                0x0000000010009494                alarm_pool_add_alarm_at
 .text.alarm_pool_cancel_alarm
                0x00000000100094d0       0x74 CMakeFiles/main.dir/usr/local/picosdk/src/common/pico_time/time.c.o
                0x00000000100094d0                alarm_pool_cancel_alarm
 .text.alarm_pool_core_num
                0x0000000010009544        0x4 CMakeFiles/main.dir/usr/local/picosdk/src/common/pico_time/time.c.o
                0x0000000010009544                alarm_pool_core_num
 .text.sleep_until
                0x0000000010009548       0xd8 CMakeFiles/main.dir/usr/local/picosdk/src/common/pico_time/time.c.o
                0x0000000010009548                sleep_until
 .text.sleep_ms
                0x0000000010009620       0x38 CMakeFiles/main.dir/usr/local/picosdk/src/common/pico_time/time.c.o
                0x0000000010009620                sleep_ms
 .text.best_effort_wfe_or_timeout
                0x0000000010009658       0xf8 CMakeFiles/main.dir/usr/local/picosdk/src/common/pico_time/time.c.o
                0x0000000010009658                best_effort_wfe_or_timeout
 .text.timer_hardware_alarm_claim
                0x0000000010009750       0x14 CMakeFiles/main.dir/usr/local/picosdk/src/rp2_common/hardware_timer/timer.c.o
                0x0000000010009750                timer_hardware_alarm_claim
 .text.timer_time_us_64
                0x0000000010009764       0x10 CMakeFiles/main.dir/usr/local/picosdk/src/rp2_common/hardware_timer/timer.c.o
                0x0000000010009764                timer_time_us_64
 .text.time_us_64
                0x0000000010009774       0x14 CMakeFiles/main.dir/usr/local/picosdk/src/rp2_common/hardware_timer/timer.c.o
                0x0000000010009774                time_us_64
 .text.busy_wait_until
                0x0000000010009788       0x20 CMakeFiles/main.dir/usr/local/picosdk/src/rp2_common/hardware_timer/timer.c.o
                0x0000000010009788                busy_wait_until
 .text.pico_mktime
                0x00000000100097a8        0x8 CMakeFiles/main.dir/usr/local/picosdk/src/common/pico_util/datetime.c.o
                0x00000000100097a8                pico_mktime
 .text.datetime_to_tm
                0x00000000100097b0       0x38 CMakeFiles/main.dir/usr/local/picosdk/src/common/pico_util/datetime.c.o
                0x00000000100097b0                datetime_to_tm
 .text.queue_add_internal
                0x00000000100097e8       0x84 CMakeFiles/main.dir/usr/local/picosdk/src/common/pico_util/queue.c.o
 .text.queue_remove_internal
                0x000000001000986c       0x84 CMakeFiles/main.dir/usr/local/picosdk/src/common/pico_util/queue.c.o
 .text.queue_init_with_spinlock
                0x00000000100098f0       0x24 CMakeFiles/main.dir/usr/local/picosdk/src/common/pico_util/queue.c.o
                0x00000000100098f0                queue_init_with_spinlock
 .text.queue_try_add
                0x0000000010009914        0xc CMakeFiles/main.dir/usr/local/picosdk/src/common/pico_util/queue.c.o
                0x0000000010009914                queue_try_add
 .text.queue_remove_blocking
                0x0000000010009920        0xc CMakeFiles/main.dir/usr/local/picosdk/src/common/pico_util/queue.c.o
                0x0000000010009920                queue_remove_blocking
 .text.spi_set_baudrate
                0x000000001000992c       0xdc CMakeFiles/main.dir/usr/local/picosdk/src/rp2_common/hardware_spi/spi.c.o
                0x000000001000992c                spi_set_baudrate
 .text.spi_init
                0x0000000010009a08       0x80 CMakeFiles/main.dir/usr/local/picosdk/src/rp2_common/hardware_spi/spi.c.o
                0x0000000010009a08                spi_init
 .text.spi_get_baudrate
                0x0000000010009a88       0x1c CMakeFiles/main.dir/usr/local/picosdk/src/rp2_common/hardware_spi/spi.c.o
                0x0000000010009a88                spi_get_baudrate
 .text.clock_configure_internal
                0x0000000010009aa4       0xe0 CMakeFiles/main.dir/usr/local/picosdk/src/rp2_common/hardware_clocks/clocks.c.o
 .text.clock_configure_int_divider
                0x0000000010009b84       0x28 CMakeFiles/main.dir/usr/local/picosdk/src/rp2_common/hardware_clocks/clocks.c.o
                0x0000000010009b84                clock_configure_int_divider
 .text.clock_configure_undivided
                0x0000000010009bac       0x14 CMakeFiles/main.dir/usr/local/picosdk/src/rp2_common/hardware_clocks/clocks.c.o
                0x0000000010009bac                clock_configure_undivided
 .text.clock_get_hz
                0x0000000010009bc0        0xc CMakeFiles/main.dir/usr/local/picosdk/src/rp2_common/hardware_clocks/clocks.c.o
                0x0000000010009bc0                clock_get_hz
 .text.pll_init
                0x0000000010009bcc       0xa0 CMakeFiles/main.dir/usr/local/picosdk/src/rp2_common/hardware_pll/pll.c.o
                0x0000000010009bcc                pll_init
 .text.watchdog_reboot
                0x0000000010009c6c       0x9c CMakeFiles/main.dir/usr/local/picosdk/src/rp2_common/hardware_watchdog/watchdog.c.o
                0x0000000010009c6c                watchdog_reboot
 .text.tick_start
                0x0000000010009d08       0x10 CMakeFiles/main.dir/usr/local/picosdk/src/rp2_common/hardware_ticks/ticks.c.o
                0x0000000010009d08                tick_start
 .text.rom_func_lookup
                0x0000000010009d18       0x10 CMakeFiles/main.dir/usr/local/picosdk/src/rp2_common/pico_bootrom/bootrom.c.o
                0x0000000010009d18                rom_func_lookup
 .text.rom_data_lookup
                0x0000000010009d28       0x10 CMakeFiles/main.dir/usr/local/picosdk/src/rp2_common/pico_bootrom/bootrom.c.o
                0x0000000010009d28                rom_data_lookup
 .text.rom_funcs_lookup
                0x0000000010009d38       0x44 CMakeFiles/main.dir/usr/local/picosdk/src/rp2_common/pico_bootrom/bootrom.c.o
                0x0000000010009d38                rom_funcs_lookup
 .text.rom_reset_usb_boot_extra
                0x0000000010009d7c       0x28 CMakeFiles/main.dir/usr/local/picosdk/src/rp2_common/pico_bootrom/bootrom.c.o
                0x0000000010009d7c                rom_reset_usb_boot_extra
 .text.xosc_init
                0x0000000010009da4       0x28 CMakeFiles/main.dir/usr/local/picosdk/src/rp2_common/hardware_xosc/xosc.c.o
                0x0000000010009da4                xosc_init
 .text.aon_timer_get_time
                0x0000000010009dcc       0x44 CMakeFiles/main.dir/usr/local/picosdk/src/rp2_common/pico_aon_timer/aon_timer.c.o
                0x0000000010009dcc                aon_timer_get_time
 .text.aon_timer_is_running
                0x0000000010009e10        0x8 CMakeFiles/main.dir/usr/local/picosdk/src/rp2_common/pico_aon_timer/aon_timer.c.o
                0x0000000010009e10                aon_timer_is_running
 .text.rtc_running
                0x0000000010009e18       0x10 CMakeFiles/main.dir/usr/local/picosdk/src/rp2_common/hardware_rtc/rtc.c.o
                0x0000000010009e18                rtc_running
 .text.rtc_get_datetime
                0x0000000010009e28       0x44 CMakeFiles/main.dir/usr/local/picosdk/src/rp2_common/hardware_rtc/rtc.c.o
                0x0000000010009e28                rtc_get_datetime
 .text.first_per_core_initializer
                0x0000000010009e6c        0x4 CMakeFiles/main.dir/usr/local/picosdk/src/rp2_common/pico_runtime/runtime.c.o
 .text.hard_assertion_failure
                0x0000000010009e70        0xc CMakeFiles/main.dir/usr/local/picosdk/src/rp2_common/pico_runtime/runtime.c.o
                0x0000000010009e70                hard_assertion_failure
 .text.runtime_run_initializers
                0x0000000010009e7c       0x28 CMakeFiles/main.dir/usr/local/picosdk/src/rp2_common/pico_runtime/runtime.c.o
                0x0000000010009e7c                runtime_run_initializers
 .text.runtime_run_per_core_initializers
                0x0000000010009ea4       0x28 CMakeFiles/main.dir/usr/local/picosdk/src/rp2_common/pico_runtime/runtime.c.o
                0x0000000010009ea4                runtime_run_per_core_initializers
 .text.runtime_init_early_resets
                0x0000000010009ecc       0x2c CMakeFiles/main.dir/usr/local/picosdk/src/rp2_common/pico_runtime_init/runtime_init.c.o
                0x0000000010009ecc                runtime_init_early_resets
 .text.runtime_init_usb_power_down
                0x0000000010009ef8       0x1c CMakeFiles/main.dir/usr/local/picosdk/src/rp2_common/pico_runtime_init/runtime_init.c.o
                0x0000000010009ef8                runtime_init_usb_power_down
 .text.runtime_init_post_clock_resets
                0x0000000010009f14       0x20 CMakeFiles/main.dir/usr/local/picosdk/src/rp2_common/pico_runtime_init/runtime_init.c.o
                0x0000000010009f14                runtime_init_post_clock_resets
 .text.runtime_init_rp2040_gpio_ie_disable
                0x0000000010009f34       0x14 CMakeFiles/main.dir/usr/local/picosdk/src/rp2_common/pico_runtime_init/runtime_init.c.o
                0x0000000010009f34                runtime_init_rp2040_gpio_ie_disable
 .text.runtime_init_spin_locks_reset
                0x0000000010009f48        0x8 CMakeFiles/main.dir/usr/local/picosdk/src/rp2_common/pico_runtime_init/runtime_init.c.o
                0x0000000010009f48                runtime_init_spin_locks_reset
 .text.runtime_init_install_ram_vector_table
                0x0000000010009f50       0x48 CMakeFiles/main.dir/usr/local/picosdk/src/rp2_common/pico_runtime_init/runtime_init.c.o
                0x0000000010009f50                runtime_init_install_ram_vector_table
 .text.runtime_init_clocks
                0x0000000010009f98       0xd8 CMakeFiles/main.dir/usr/local/picosdk/src/rp2_common/pico_runtime_init/runtime_init_clocks.c.o
                0x0000000010009f98                runtime_init_clocks
 .text          0x000000001000a070       0x10 CMakeFiles/main.dir/usr/local/picosdk/src/rp2_common/pico_bit_ops/bit_ops_aeabi.S.o
 .text.__wrap___aeabi_idiv
                0x000000001000a080       0x50 CMakeFiles/main.dir/usr/local/picosdk/src/rp2_common/pico_divider/divider_hardware.S.o
                0x000000001000a080                divmod_s32s32
                0x000000001000a080                __wrap___aeabi_idivmod
                0x000000001000a080                __wrap___aeabi_idiv
                0x000000001000a080                div_s32s32
                0x000000001000a088                divmod_s32s32_unsafe
                0x000000001000a0b4                divmod_s32s32_savestate
 .text.__wrap___aeabi_uidiv
                0x000000001000a0d0       0x4c CMakeFiles/main.dir/usr/local/picosdk/src/rp2_common/pico_divider/divider_hardware.S.o
                0x000000001000a0d0                __wrap___aeabi_uidivmod
                0x000000001000a0d0                __wrap___aeabi_uidiv
                0x000000001000a0d0                divmod_u32u32
                0x000000001000a0d0                div_u32u32
                0x000000001000a0d8                divmod_u32u32_unsafe
                0x000000001000a100                divmod_u32u32_savestate
 .text.__wrap___aeabi_ldiv
                0x000000001000a11c      0x424 CMakeFiles/main.dir/usr/local/picosdk/src/rp2_common/pico_divider/divider_hardware.S.o
                0x000000001000a11c                __wrap___aeabi_ldivmod
                0x000000001000a11c                div_s64s64
                0x000000001000a11c                divmod_s64s64
                0x000000001000a14c                div_u64u64
                0x000000001000a14c                divmod_u64u64
                0x000000001000a14c                __wrap___aeabi_uldivmod
                0x000000001000a15c                divmod_u64u64_savestate
                0x000000001000a17c                divmod_s64s64_unsafe
                0x000000001000a204                divmod_u64u64_unsafe
 .text.__wrap___aeabi_darithmetic
                0x000000001000a540       0x80 CMakeFiles/main.dir/usr/local/picosdk/src/rp2_common/pico_double/double_aeabi_rp2040.S.o
                0x000000001000a540                __wrap___aeabi_drsub
                0x000000001000a546                __wrap___aeabi_dsub
                0x000000001000a558                __wrap___aeabi_dadd
                0x000000001000a56a                __wrap___aeabi_ddiv
                0x000000001000a5a6                __wrap___aeabi_dmul
 .text.__wrap___aeabi_cdcmple
                0x000000001000a5c0       0x6c CMakeFiles/main.dir/usr/local/picosdk/src/rp2_common/pico_double/double_aeabi_rp2040.S.o
                0x000000001000a5c0                __wrap___aeabi_cdrcmple
                0x000000001000a5d0                __wrap___aeabi_cdcmple
                0x000000001000a5d0                __wrap___aeabi_cdcmpeq
 .text.__wrap___aeabi_dcmplt
                0x000000001000a62c        0xc CMakeFiles/main.dir/usr/local/picosdk/src/rp2_common/pico_double/double_aeabi_rp2040.S.o
                0x000000001000a62c                __wrap___aeabi_dcmplt
 .text.__wrap___aeabi_dcmpge
                0x000000001000a638       0x10 CMakeFiles/main.dir/usr/local/picosdk/src/rp2_common/pico_double/double_aeabi_rp2040.S.o
                0x000000001000a638                __wrap___aeabi_dcmpge
 .text.__wrap___aeabi_dcmpgt
                0x000000001000a648        0xa CMakeFiles/main.dir/usr/local/picosdk/src/rp2_common/pico_double/double_aeabi_rp2040.S.o
                0x000000001000a648                __wrap___aeabi_dcmpgt
 .text.__wrap___aeabi_dcmpun
                0x000000001000a652       0x18 CMakeFiles/main.dir/usr/local/picosdk/src/rp2_common/pico_double/double_aeabi_rp2040.S.o
                0x000000001000a652                __wrap___aeabi_dcmpun
 *fill*         0x000000001000a66a        0x2 
 .text.__wrap___aeabi_i2d
                0x000000001000a66c       0x38 CMakeFiles/main.dir/usr/local/picosdk/src/rp2_common/pico_double/double_aeabi_rp2040.S.o
                0x000000001000a66c                __wrap___aeabi_ui2d
                0x000000001000a66c                uint2double
                0x000000001000a674                __wrap___aeabi_i2d
                0x000000001000a674                int2double
 .text.__wrap___aeabi_d2iz
                0x000000001000a6a4       0x48 CMakeFiles/main.dir/usr/local/picosdk/src/rp2_common/pico_double/double_aeabi_rp2040.S.o
                0x000000001000a6a4                __wrap___aeabi_d2iz
                0x000000001000a6a4                double2int_z
 .text.__wrap___aeabi_d2uiz
                0x000000001000a6ec       0x18 CMakeFiles/main.dir/usr/local/picosdk/src/rp2_common/pico_double/double_aeabi_rp2040.S.o
                0x000000001000a6ec                double2uint_z
                0x000000001000a6ec                double2uint
                0x000000001000a6ec                __wrap___aeabi_d2uiz
 .text.__wrap___aeabi_d2f
                0x000000001000a704       0x18 CMakeFiles/main.dir/usr/local/picosdk/src/rp2_common/pico_double/double_aeabi_rp2040.S.o
                0x000000001000a704                __wrap___aeabi_d2f
 .text.__aeabi_double_init
                0x000000001000a71c       0x70 CMakeFiles/main.dir/usr/local/picosdk/src/rp2_common/pico_double/double_init_rom_rp2040.c.o
                0x000000001000a71c                __aeabi_double_init
 .text.double_table_shim_on_use_helper
                0x000000001000a78c       0x2c CMakeFiles/main.dir/usr/local/picosdk/src/rp2_common/pico_double/double_v1_rom_shim_rp2040.S.o
                0x000000001000a78c                double_table_shim_on_use_helper
 .text.__wrap___aeabi_dsub
                0x000000001000a7b8       0x10 CMakeFiles/main.dir/usr/local/picosdk/src/rp2_common/pico_double/double_v1_rom_shim_rp2040.S.o
                0x000000001000a7b8                drsub_shim
                0x000000001000a7be                dsub_shim
 .text.dadd_shim
                0x000000001000a7c8      0x15c CMakeFiles/main.dir/usr/local/picosdk/src/rp2_common/pico_double/double_v1_rom_shim_rp2040.S.o
                0x000000001000a7c8                dadd_shim
 .text.dmul_shim
                0x000000001000a924      0x15c CMakeFiles/main.dir/usr/local/picosdk/src/rp2_common/pico_double/double_v1_rom_shim_rp2040.S.o
                0x000000001000a924                dmul_shim
 .text.ddiv_shim
                0x000000001000aa80      0x1b0 CMakeFiles/main.dir/usr/local/picosdk/src/rp2_common/pico_double/double_v1_rom_shim_rp2040.S.o
                0x000000001000aa80                ddiv_shim
 .text.double2uint_shim
                0x000000001000ac30        0xe CMakeFiles/main.dir/usr/local/picosdk/src/rp2_common/pico_double/double_v1_rom_shim_rp2040.S.o
                0x000000001000ac30                double2uint_shim
                0x000000001000ac32                double2ufix_shim
 *fill*         0x000000001000ac3e        0x2 
 .text.double2uint64_shim
                0x000000001000ac40       0x70 CMakeFiles/main.dir/usr/local/picosdk/src/rp2_common/pico_double/double_v1_rom_shim_rp2040.S.o
                0x000000001000ac40                double2uint64_shim
                0x000000001000ac42                double2ufix64_shim
                0x000000001000ac62                d2fix_a
 .text.double2float_shim
                0x000000001000acb0       0x5c CMakeFiles/main.dir/usr/local/picosdk/src/rp2_common/pico_double/double_v1_rom_shim_rp2040.S.o
                0x000000001000acb0                double2float_shim
 .text.dunpacks
                0x000000001000ad0c       0x3c CMakeFiles/main.dir/usr/local/picosdk/src/rp2_common/pico_double/double_v1_rom_shim_rp2040.S.o
                0x000000001000ad0c                dunpacks
 .text.__aeabi_lmul
                0x000000001000ad48       0x32 CMakeFiles/main.dir/usr/local/picosdk/src/rp2_common/pico_int64_ops/pico_int64_ops_aeabi.S.o
                0x000000001000ad48                __wrap___aeabi_lmul
 *fill*         0x000000001000ad7a        0x2 
 .text.__wrap___aeabi_farithmetic
                0x000000001000ad7c       0x48 CMakeFiles/main.dir/usr/local/picosdk/src/rp2_common/pico_float/float_aeabi_rp2040.S.o
                0x000000001000ad7c                __wrap___aeabi_frsub
                0x000000001000ad82                __wrap___aeabi_fsub
                0x000000001000ad88                __wrap___aeabi_fadd
                0x000000001000ad8e                __wrap___aeabi_fdiv
                0x000000001000adb6                __wrap___aeabi_fmul
 .text.__wrap___aeabi_ui2f
                0x000000001000adc4        0xa CMakeFiles/main.dir/usr/local/picosdk/src/rp2_common/pico_float/float_aeabi_rp2040.S.o
                0x000000001000adc4                uint2float
                0x000000001000adc4                __wrap___aeabi_ui2f
 *fill*         0x000000001000adce        0x2 
 .text.__wrap___aeabi_i2f
                0x000000001000add0       0x44 CMakeFiles/main.dir/usr/local/picosdk/src/rp2_common/pico_float/float_aeabi_rp2040.S.o
                0x000000001000add0                int2float
                0x000000001000add0                __wrap___aeabi_i2f
 .text.__wrap___aeabi_f2uiz
                0x000000001000ae14        0xc CMakeFiles/main.dir/usr/local/picosdk/src/rp2_common/pico_float/float_aeabi_rp2040.S.o
                0x000000001000ae14                float2uint
                0x000000001000ae14                float2uint_z
                0x000000001000ae14                __wrap___aeabi_f2uiz
 .text.__wrap___aeabi_f2d
                0x000000001000ae20       0x14 CMakeFiles/main.dir/usr/local/picosdk/src/rp2_common/pico_float/float_aeabi_rp2040.S.o
                0x000000001000ae20                __wrap___aeabi_f2d
 .text.__aeabi_float_init
                0x000000001000ae34       0x5c CMakeFiles/main.dir/usr/local/picosdk/src/rp2_common/pico_float/float_init_rom_rp2040.c.o
                0x000000001000ae34                __aeabi_float_init
 .text.float_table_shim_on_use_helper
                0x000000001000ae90       0x2c CMakeFiles/main.dir/usr/local/picosdk/src/rp2_common/pico_float/float_v1_rom_shim_rp2040.S.o
                0x000000001000ae90                float_table_shim_on_use_helper
 .text.float2double_shim
                0x000000001000aebc       0x30 CMakeFiles/main.dir/usr/local/picosdk/src/rp2_common/pico_float/float_v1_rom_shim_rp2040.S.o
                0x000000001000aebc                float2double_shim
 .text.__wrap_malloc
                0x000000001000aeec       0x3c CMakeFiles/main.dir/usr/local/picosdk/src/rp2_common/pico_malloc/malloc.c.o
                0x000000001000aeec                __wrap_malloc
 .text.__wrap_calloc
                0x000000001000af28       0x44 CMakeFiles/main.dir/usr/local/picosdk/src/rp2_common/pico_malloc/malloc.c.o
                0x000000001000af28                __wrap_calloc
 .text.__wrap_realloc
                0x000000001000af6c       0x40 CMakeFiles/main.dir/usr/local/picosdk/src/rp2_common/pico_malloc/malloc.c.o
                0x000000001000af6c                __wrap_realloc
 .text.__wrap_free
                0x000000001000afac       0x20 CMakeFiles/main.dir/usr/local/picosdk/src/rp2_common/pico_malloc/malloc.c.o
                0x000000001000afac                __wrap_free
 .text          0x000000001000afcc       0x10 CMakeFiles/main.dir/usr/local/picosdk/src/rp2_common/pico_mem_ops/mem_ops_aeabi.S.o
                0x000000001000afcc                __aeabi_mem_init
 .text.memset   0x000000001000afdc        0xc CMakeFiles/main.dir/usr/local/picosdk/src/rp2_common/pico_mem_ops/mem_ops_aeabi.S.o
                0x000000001000afdc                __wrap_memset
 .text.memcpy   0x000000001000afe8        0xc CMakeFiles/main.dir/usr/local/picosdk/src/rp2_common/pico_mem_ops/mem_ops_aeabi.S.o
                0x000000001000afe8                __wrap___aeabi_memcpy
                0x000000001000afe8                __wrap_memcpy
 .text._out_buffer
                0x000000001000aff4        0x8 CMakeFiles/main.dir/usr/local/picosdk/src/rp2_common/pico_printf/printf.c.o
 .text._out_null
                0x000000001000affc        0x4 CMakeFiles/main.dir/usr/local/picosdk/src/rp2_common/pico_printf/printf.c.o
 .text._out_rev
                0x000000001000b000       0x90 CMakeFiles/main.dir/usr/local/picosdk/src/rp2_common/pico_printf/printf.c.o
 .text._ntoa_format
                0x000000001000b090      0x20c CMakeFiles/main.dir/usr/local/picosdk/src/rp2_common/pico_printf/printf.c.o
 .text._ntoa_long
                0x000000001000b29c       0xb8 CMakeFiles/main.dir/usr/local/picosdk/src/rp2_common/pico_printf/printf.c.o
 .text._ntoa_long_long
                0x000000001000b354       0xd4 CMakeFiles/main.dir/usr/local/picosdk/src/rp2_common/pico_printf/printf.c.o
 .text._etoa    0x000000001000b428      0x410 CMakeFiles/main.dir/usr/local/picosdk/src/rp2_common/pico_printf/printf.c.o
 .text._ftoa    0x000000001000b838      0x3c4 CMakeFiles/main.dir/usr/local/picosdk/src/rp2_common/pico_printf/printf.c.o
 .text._out_char
                0x000000001000bbfc       0x10 CMakeFiles/main.dir/usr/local/picosdk/src/rp2_common/pico_printf/printf.c.o
 .text._out_fct
                0x000000001000bc0c       0x10 CMakeFiles/main.dir/usr/local/picosdk/src/rp2_common/pico_printf/printf.c.o
 .text._vsnprintf
                0x000000001000bc1c      0x744 CMakeFiles/main.dir/usr/local/picosdk/src/rp2_common/pico_printf/printf.c.o
 .text.__wrap_sprintf
                0x000000001000c360       0x2c CMakeFiles/main.dir/usr/local/picosdk/src/rp2_common/pico_printf/printf.c.o
                0x000000001000c360                __wrap_sprintf
 .text.__wrap_snprintf
                0x000000001000c38c       0x28 CMakeFiles/main.dir/usr/local/picosdk/src/rp2_common/pico_printf/printf.c.o
                0x000000001000c38c                __wrap_snprintf
 .text.__wrap_vsnprintf
                0x000000001000c3b4       0x1c CMakeFiles/main.dir/usr/local/picosdk/src/rp2_common/pico_printf/printf.c.o
                0x000000001000c3b4                __wrap_vsnprintf
 .text.vfctprintf
                0x000000001000c3d0       0x20 CMakeFiles/main.dir/usr/local/picosdk/src/rp2_common/pico_printf/printf.c.o
                0x000000001000c3d0                vfctprintf
 .text.weak_raw_vprintf
                0x000000001000c3f0       0x30 CMakeFiles/main.dir/usr/local/picosdk/src/rp2_common/pico_printf/printf.c.o
                0x000000001000c3f0                weak_raw_vprintf
 .text._exit    0x000000001000c420        0x4 CMakeFiles/main.dir/usr/local/picosdk/src/rp2_common/pico_clib_interface/newlib_interface.c.o
                0x000000001000c420                _exit
 .text._sbrk    0x000000001000c424       0x34 CMakeFiles/main.dir/usr/local/picosdk/src/rp2_common/pico_clib_interface/newlib_interface.c.o
                0x000000001000c424                _sbrk
 .text.exit     0x000000001000c458        0x8 CMakeFiles/main.dir/usr/local/picosdk/src/rp2_common/pico_clib_interface/newlib_interface.c.o
                0x000000001000c458                exit
 .text.runtime_init
                0x000000001000c460       0x2c CMakeFiles/main.dir/usr/local/picosdk/src/rp2_common/pico_clib_interface/newlib_interface.c.o
                0x000000001000c460                runtime_init
 .text.stdio_out_chars_no_crlf
                0x000000001000c48c       0x10 CMakeFiles/main.dir/usr/local/picosdk/src/rp2_common/pico_stdio/stdio.c.o
 .text.stdio_out_chars_crlf
                0x000000001000c49c       0x94 CMakeFiles/main.dir/usr/local/picosdk/src/rp2_common/pico_stdio/stdio.c.o
 .text.stdio_stack_buffer_flush.part.0
                0x000000001000c530       0x48 CMakeFiles/main.dir/usr/local/picosdk/src/rp2_common/pico_stdio/stdio.c.o
 .text.stdio_buffered_printer
                0x000000001000c578       0x20 CMakeFiles/main.dir/usr/local/picosdk/src/rp2_common/pico_stdio/stdio.c.o
 .text.stdio_put_string
                0x000000001000c598       0xd4 CMakeFiles/main.dir/usr/local/picosdk/src/rp2_common/pico_stdio/stdio.c.o
                0x000000001000c598                stdio_put_string
 .text.stdio_set_driver_enabled
                0x000000001000c66c       0x30 CMakeFiles/main.dir/usr/local/picosdk/src/rp2_common/pico_stdio/stdio.c.o
                0x000000001000c66c                stdio_set_driver_enabled
 .text.stdio_init_all
                0x000000001000c69c        0x8 CMakeFiles/main.dir/usr/local/picosdk/src/rp2_common/pico_stdio/stdio.c.o
                0x000000001000c69c                stdio_init_all
 .text.__wrap_putchar
                0x000000001000c6a4       0x1c CMakeFiles/main.dir/usr/local/picosdk/src/rp2_common/pico_stdio/stdio.c.o
                0x000000001000c6a4                stdio_putchar
                0x000000001000c6a4                __wrap_putchar
 .text.__wrap_puts
                0x000000001000c6c0       0x34 CMakeFiles/main.dir/usr/local/picosdk/src/rp2_common/pico_stdio/stdio.c.o
                0x000000001000c6c0                __wrap_puts
                0x000000001000c6c0                stdio_puts
 .text.__wrap_vprintf
                0x000000001000c6f4       0x88 CMakeFiles/main.dir/usr/local/picosdk/src/rp2_common/pico_stdio/stdio.c.o
                0x000000001000c6f4                __wrap_vprintf
                0x000000001000c6f4                stdio_vprintf
 .text.__wrap_printf
                0x000000001000c77c       0x18 CMakeFiles/main.dir/usr/local/picosdk/src/rp2_common/pico_stdio/stdio.c.o
                0x000000001000c77c                stdio_printf
                0x000000001000c77c                __wrap_printf
 .text.resetd_init
                0x000000001000c794        0x4 CMakeFiles/main.dir/usr/local/picosdk/src/rp2_common/pico_stdio_usb/reset_interface.c.o
 .text.resetd_reset
                0x000000001000c798        0xc CMakeFiles/main.dir/usr/local/picosdk/src/rp2_common/pico_stdio_usb/reset_interface.c.o
 .text.resetd_open
                0x000000001000c7a4       0x28 CMakeFiles/main.dir/usr/local/picosdk/src/rp2_common/pico_stdio_usb/reset_interface.c.o
 .text.resetd_xfer_cb
                0x000000001000c7cc        0x4 CMakeFiles/main.dir/usr/local/picosdk/src/rp2_common/pico_stdio_usb/reset_interface.c.o
 .text.resetd_control_xfer_cb
                0x000000001000c7d0       0x5c CMakeFiles/main.dir/usr/local/picosdk/src/rp2_common/pico_stdio_usb/reset_interface.c.o
 .text.tud_descriptor_bos_cb
                0x000000001000c82c        0x8 CMakeFiles/main.dir/usr/local/picosdk/src/rp2_common/pico_stdio_usb/reset_interface.c.o
                0x000000001000c82c                tud_descriptor_bos_cb
 .text.tud_vendor_control_xfer_cb
                0x000000001000c834       0x34 CMakeFiles/main.dir/usr/local/picosdk/src/rp2_common/pico_stdio_usb/reset_interface.c.o
                0x000000001000c834                tud_vendor_control_xfer_cb
 .text.usbd_app_driver_get_cb
                0x000000001000c868        0xc CMakeFiles/main.dir/usr/local/picosdk/src/rp2_common/pico_stdio_usb/reset_interface.c.o
                0x000000001000c868                usbd_app_driver_get_cb
 .text.tud_cdc_line_coding_cb
                0x000000001000c874       0x2c CMakeFiles/main.dir/usr/local/picosdk/src/rp2_common/pico_stdio_usb/reset_interface.c.o
                0x000000001000c874                tud_cdc_line_coding_cb
 .text.stdio_usb_set_chars_available_callback
                0x000000001000c8a0       0x14 CMakeFiles/main.dir/usr/local/picosdk/src/rp2_common/pico_stdio_usb/stdio_usb.c.o
                0x000000001000c8a0                stdio_usb_set_chars_available_callback
 .text.usb_irq  0x000000001000c8b4       0x10 CMakeFiles/main.dir/usr/local/picosdk/src/rp2_common/pico_stdio_usb/stdio_usb.c.o
 .text.timer_task
                0x000000001000c8c4       0x64 CMakeFiles/main.dir/usr/local/picosdk/src/rp2_common/pico_stdio_usb/stdio_usb.c.o
 .text.stdio_usb_in_chars
                0x000000001000c928       0x90 CMakeFiles/main.dir/usr/local/picosdk/src/rp2_common/pico_stdio_usb/stdio_usb.c.o
                0x000000001000c928                stdio_usb_in_chars
 .text.stdio_usb_out_flush
                0x000000001000c9b8       0x50 CMakeFiles/main.dir/usr/local/picosdk/src/rp2_common/pico_stdio_usb/stdio_usb.c.o
 .text.stdio_usb_out_chars
                0x000000001000ca08      0x104 CMakeFiles/main.dir/usr/local/picosdk/src/rp2_common/pico_stdio_usb/stdio_usb.c.o
 .text.low_priority_worker_irq
                0x000000001000cb0c       0xcc CMakeFiles/main.dir/usr/local/picosdk/src/rp2_common/pico_stdio_usb/stdio_usb.c.o
 .text.stdio_usb_init
                0x000000001000cbd8       0xec CMakeFiles/main.dir/usr/local/picosdk/src/rp2_common/pico_stdio_usb/stdio_usb.c.o
                0x000000001000cbd8                stdio_usb_init
 .text.tud_descriptor_device_cb
                0x000000001000ccc4        0x8 CMakeFiles/main.dir/usr/local/picosdk/src/rp2_common/pico_stdio_usb/stdio_usb_descriptors.c.o
                0x000000001000ccc4                tud_descriptor_device_cb
 .text.tud_descriptor_configuration_cb
                0x000000001000cccc        0x8 CMakeFiles/main.dir/usr/local/picosdk/src/rp2_common/pico_stdio_usb/stdio_usb_descriptors.c.o
                0x000000001000cccc                tud_descriptor_configuration_cb
 .text.tud_descriptor_string_cb
                0x000000001000ccd4       0x78 CMakeFiles/main.dir/usr/local/picosdk/src/rp2_common/pico_stdio_usb/stdio_usb_descriptors.c.o
                0x000000001000ccd4                tud_descriptor_string_cb
 .text.startup._retrieve_unique_id_on_boot
                0x000000001000cd4c       0x10 CMakeFiles/main.dir/usr/local/picosdk/src/rp2_common/pico_unique_id/unique_id.c.o
 .text.pico_get_unique_board_id
                0x000000001000cd5c       0x10 CMakeFiles/main.dir/usr/local/picosdk/src/rp2_common/pico_unique_id/unique_id.c.o
                0x000000001000cd5c                pico_get_unique_board_id
 .text.pico_get_unique_board_id_string
                0x000000001000cd6c       0x50 CMakeFiles/main.dir/usr/local/picosdk/src/rp2_common/pico_unique_id/unique_id.c.o
                0x000000001000cd6c                pico_get_unique_board_id_string
 .text.flash_get_unique_id
                0x000000001000cdbc       0x40 CMakeFiles/main.dir/usr/local/picosdk/src/rp2_common/hardware_flash/flash.c.o
                0x000000001000cdbc                flash_get_unique_id
 .text.hw_endpoint_init
                0x000000001000cdfc       0x8c CMakeFiles/main.dir/usr/local/picosdk/lib/tinyusb/src/portable/raspberrypi/rp2040/dcd_rp2040.c.o
 .text.dcd_init
                0x000000001000ce88       0x90 CMakeFiles/main.dir/usr/local/picosdk/lib/tinyusb/src/portable/raspberrypi/rp2040/dcd_rp2040.c.o
                0x000000001000ce88                dcd_init
 .text.dcd_int_enable
                0x000000001000cf18        0xc CMakeFiles/main.dir/usr/local/picosdk/lib/tinyusb/src/portable/raspberrypi/rp2040/dcd_rp2040.c.o
                0x000000001000cf18                dcd_int_enable
 .text.dcd_set_address
                0x000000001000cf24       0x14 CMakeFiles/main.dir/usr/local/picosdk/lib/tinyusb/src/portable/raspberrypi/rp2040/dcd_rp2040.c.o
                0x000000001000cf24                dcd_set_address
 .text.dcd_sof_enable
                0x000000001000cf38       0x1c CMakeFiles/main.dir/usr/local/picosdk/lib/tinyusb/src/portable/raspberrypi/rp2040/dcd_rp2040.c.o
                0x000000001000cf38                dcd_sof_enable
 .text.dcd_edpt0_status_complete
                0x000000001000cf54       0x1c CMakeFiles/main.dir/usr/local/picosdk/lib/tinyusb/src/portable/raspberrypi/rp2040/dcd_rp2040.c.o
                0x000000001000cf54                dcd_edpt0_status_complete
 .text.dcd_edpt_open
                0x000000001000cf70       0x98 CMakeFiles/main.dir/usr/local/picosdk/lib/tinyusb/src/portable/raspberrypi/rp2040/dcd_rp2040.c.o
                0x000000001000cf70                dcd_edpt_open
 .text.dcd_edpt_close_all
                0x000000001000d008        0x8 CMakeFiles/main.dir/usr/local/picosdk/lib/tinyusb/src/portable/raspberrypi/rp2040/dcd_rp2040.c.o
                0x000000001000d008                dcd_edpt_close_all
 .text.dcd_edpt_xfer
                0x000000001000d010       0x24 CMakeFiles/main.dir/usr/local/picosdk/lib/tinyusb/src/portable/raspberrypi/rp2040/dcd_rp2040.c.o
                0x000000001000d010                dcd_edpt_xfer
 .text.dcd_edpt_stall
                0x000000001000d034       0x34 CMakeFiles/main.dir/usr/local/picosdk/lib/tinyusb/src/portable/raspberrypi/rp2040/dcd_rp2040.c.o
                0x000000001000d034                dcd_edpt_stall
 .text.dcd_edpt_clear_stall
                0x000000001000d068       0x30 CMakeFiles/main.dir/usr/local/picosdk/lib/tinyusb/src/portable/raspberrypi/rp2040/dcd_rp2040.c.o
                0x000000001000d068                dcd_edpt_clear_stall
 .text.rp2040_usb_init
                0x000000001000d098       0x40 CMakeFiles/main.dir/usr/local/picosdk/lib/tinyusb/src/portable/raspberrypi/rp2040/rp2040_usb.c.o
                0x000000001000d098                rp2040_usb_init
 .text.hw_endpoint_xfer_start
                0x000000001000d0d8       0x40 CMakeFiles/main.dir/usr/local/picosdk/lib/tinyusb/src/portable/raspberrypi/rp2040/rp2040_usb.c.o
                0x000000001000d0d8                hw_endpoint_xfer_start
 .text.configuration_reset
                0x000000001000d118       0x7c CMakeFiles/main.dir/usr/local/picosdk/lib/tinyusb/src/device/usbd.c.o
 .text.tud_event_hook_cb
                0x000000001000d194        0x4 CMakeFiles/main.dir/usr/local/picosdk/lib/tinyusb/src/device/usbd.c.o
                0x000000001000d194                tud_event_hook_cb
 .text.tud_sof_cb
                0x000000001000d198        0x4 CMakeFiles/main.dir/usr/local/picosdk/lib/tinyusb/src/device/usbd.c.o
                0x000000001000d198                tud_sof_cb
 .text.tud_descriptor_device_qualifier_cb
                0x000000001000d19c        0x4 CMakeFiles/main.dir/usr/local/picosdk/lib/tinyusb/src/device/usbd.c.o
                0x000000001000d19c                tud_descriptor_device_qualifier_cb
 .text.tud_descriptor_other_speed_configuration_cb
                0x000000001000d1a0        0x4 CMakeFiles/main.dir/usr/local/picosdk/lib/tinyusb/src/device/usbd.c.o
                0x000000001000d1a0                tud_descriptor_other_speed_configuration_cb
 .text.tud_mount_cb
                0x000000001000d1a4        0x4 CMakeFiles/main.dir/usr/local/picosdk/lib/tinyusb/src/device/usbd.c.o
                0x000000001000d1a4                tud_mount_cb
 .text.tud_umount_cb
                0x000000001000d1a8        0x4 CMakeFiles/main.dir/usr/local/picosdk/lib/tinyusb/src/device/usbd.c.o
                0x000000001000d1a8                tud_umount_cb
 .text.tud_suspend_cb
                0x000000001000d1ac        0x4 CMakeFiles/main.dir/usr/local/picosdk/lib/tinyusb/src/device/usbd.c.o
                0x000000001000d1ac                tud_suspend_cb
 .text.tud_resume_cb
                0x000000001000d1b0        0x4 CMakeFiles/main.dir/usr/local/picosdk/lib/tinyusb/src/device/usbd.c.o
                0x000000001000d1b0                tud_resume_cb
 .text.tud_mounted
                0x000000001000d1b4       0x10 CMakeFiles/main.dir/usr/local/picosdk/lib/tinyusb/src/device/usbd.c.o
                0x000000001000d1b4                tud_mounted
 .text.tud_suspended
                0x000000001000d1c4       0x10 CMakeFiles/main.dir/usr/local/picosdk/lib/tinyusb/src/device/usbd.c.o
                0x000000001000d1c4                tud_suspended
 .text.tud_rhport_init
                0x000000001000d1d4       0xfc CMakeFiles/main.dir/usr/local/picosdk/lib/tinyusb/src/device/usbd.c.o
                0x000000001000d1d4                tud_rhport_init
 .text.tud_task_ext
                0x000000001000d2d0      0x680 CMakeFiles/main.dir/usr/local/picosdk/lib/tinyusb/src/device/usbd.c.o
                0x000000001000d2d0                tud_task_ext
 .text.usbd_open_edpt_pair
                0x000000001000d950       0x9c CMakeFiles/main.dir/usr/local/picosdk/lib/tinyusb/src/device/usbd.c.o
                0x000000001000d950                usbd_open_edpt_pair
 .text.usbd_edpt_open
                0x000000001000d9ec       0x34 CMakeFiles/main.dir/usr/local/picosdk/lib/tinyusb/src/device/usbd.c.o
                0x000000001000d9ec                usbd_edpt_open
 .text.usbd_edpt_claim
                0x000000001000da20       0x28 CMakeFiles/main.dir/usr/local/picosdk/lib/tinyusb/src/device/usbd.c.o
                0x000000001000da20                usbd_edpt_claim
 .text.usbd_edpt_release
                0x000000001000da48       0x28 CMakeFiles/main.dir/usr/local/picosdk/lib/tinyusb/src/device/usbd.c.o
                0x000000001000da48                usbd_edpt_release
 .text.usbd_edpt_xfer
                0x000000001000da70       0x4c CMakeFiles/main.dir/usr/local/picosdk/lib/tinyusb/src/device/usbd.c.o
                0x000000001000da70                usbd_edpt_xfer
 .text.data_stage_xact
                0x000000001000dabc       0x58 CMakeFiles/main.dir/usr/local/picosdk/lib/tinyusb/src/device/usbd_control.c.o
 .text.tud_control_status
                0x000000001000db14       0x2c CMakeFiles/main.dir/usr/local/picosdk/lib/tinyusb/src/device/usbd_control.c.o
                0x000000001000db14                tud_control_status
 .text.tud_control_xfer
                0x000000001000db40       0x6c CMakeFiles/main.dir/usr/local/picosdk/lib/tinyusb/src/device/usbd_control.c.o
                0x000000001000db40                tud_control_xfer
 .text.usbd_control_reset
                0x000000001000dbac       0x14 CMakeFiles/main.dir/usr/local/picosdk/lib/tinyusb/src/device/usbd_control.c.o
                0x000000001000dbac                usbd_control_reset
 .text.usbd_control_set_complete_callback
                0x000000001000dbc0        0xc CMakeFiles/main.dir/usr/local/picosdk/lib/tinyusb/src/device/usbd_control.c.o
                0x000000001000dbc0                usbd_control_set_complete_callback
 .text.usbd_control_set_request
                0x000000001000dbcc       0x1c CMakeFiles/main.dir/usr/local/picosdk/lib/tinyusb/src/device/usbd_control.c.o
                0x000000001000dbcc                usbd_control_set_request
 .text.usbd_control_xfer_cb
                0x000000001000dbe8       0xac CMakeFiles/main.dir/usr/local/picosdk/lib/tinyusb/src/device/usbd_control.c.o
                0x000000001000dbe8                usbd_control_xfer_cb
 .text._prep_out_transaction.isra.0
                0x000000001000dc94       0x6c CMakeFiles/main.dir/usr/local/picosdk/lib/tinyusb/src/class/cdc/cdc_device.c.o
 .text.tud_cdc_n_connected
                0x000000001000dd00       0x2c CMakeFiles/main.dir/usr/local/picosdk/lib/tinyusb/src/class/cdc/cdc_device.c.o
                0x000000001000dd00                tud_cdc_n_connected
 .text.tud_cdc_n_available
                0x000000001000dd2c       0x14 CMakeFiles/main.dir/usr/local/picosdk/lib/tinyusb/src/class/cdc/cdc_device.c.o
                0x000000001000dd2c                tud_cdc_n_available
 .text.tud_cdc_n_read
                0x000000001000dd40       0x30 CMakeFiles/main.dir/usr/local/picosdk/lib/tinyusb/src/class/cdc/cdc_device.c.o
                0x000000001000dd40                tud_cdc_n_read
 .text.tud_cdc_n_write_flush
                0x000000001000dd70       0x74 CMakeFiles/main.dir/usr/local/picosdk/lib/tinyusb/src/class/cdc/cdc_device.c.o
                0x000000001000dd70                tud_cdc_n_write_flush
 .text.tud_cdc_n_write
                0x000000001000dde4       0x40 CMakeFiles/main.dir/usr/local/picosdk/lib/tinyusb/src/class/cdc/cdc_device.c.o
                0x000000001000dde4                tud_cdc_n_write
 .text.tud_cdc_n_write_available
                0x000000001000de24       0x14 CMakeFiles/main.dir/usr/local/picosdk/lib/tinyusb/src/class/cdc/cdc_device.c.o
                0x000000001000de24                tud_cdc_n_write_available
 .text.cdcd_init
                0x000000001000de38       0x70 CMakeFiles/main.dir/usr/local/picosdk/lib/tinyusb/src/class/cdc/cdc_device.c.o
                0x000000001000de38                cdcd_init
 .text.cdcd_deinit
                0x000000001000dea8       0x24 CMakeFiles/main.dir/usr/local/picosdk/lib/tinyusb/src/class/cdc/cdc_device.c.o
                0x000000001000dea8                cdcd_deinit
 .text.cdcd_reset
                0x000000001000decc       0x4c CMakeFiles/main.dir/usr/local/picosdk/lib/tinyusb/src/class/cdc/cdc_device.c.o
                0x000000001000decc                cdcd_reset
 .text.cdcd_open
                0x000000001000df18       0xa8 CMakeFiles/main.dir/usr/local/picosdk/lib/tinyusb/src/class/cdc/cdc_device.c.o
                0x000000001000df18                cdcd_open
 .text.cdcd_control_xfer_cb
                0x000000001000dfc0       0xe8 CMakeFiles/main.dir/usr/local/picosdk/lib/tinyusb/src/class/cdc/cdc_device.c.o
                0x000000001000dfc0                cdcd_control_xfer_cb
 .text.cdcd_xfer_cb
                0x000000001000e0a8      0x100 CMakeFiles/main.dir/usr/local/picosdk/lib/tinyusb/src/class/cdc/cdc_device.c.o
                0x000000001000e0a8                cdcd_xfer_cb
 .text.vendord_init
                0x000000001000e1a8       0x5c CMakeFiles/main.dir/usr/local/picosdk/lib/tinyusb/src/class/vendor/vendor_device.c.o
                0x000000001000e1a8                vendord_init
 .text.vendord_deinit
                0x000000001000e204       0x1c CMakeFiles/main.dir/usr/local/picosdk/lib/tinyusb/src/class/vendor/vendor_device.c.o
                0x000000001000e204                vendord_deinit
 .text.vendord_reset
                0x000000001000e220       0x28 CMakeFiles/main.dir/usr/local/picosdk/lib/tinyusb/src/class/vendor/vendor_device.c.o
                0x000000001000e220                vendord_reset
 .text.vendord_open
                0x000000001000e248      0x128 CMakeFiles/main.dir/usr/local/picosdk/lib/tinyusb/src/class/vendor/vendor_device.c.o
                0x000000001000e248                vendord_open
 .text.vendord_xfer_cb
                0x000000001000e370       0x9c CMakeFiles/main.dir/usr/local/picosdk/lib/tinyusb/src/class/vendor/vendor_device.c.o
                0x000000001000e370                vendord_xfer_cb
 .text.tusb_rhport_init
                0x000000001000e40c       0x48 CMakeFiles/main.dir/usr/local/picosdk/lib/tinyusb/src/tusb.c.o
                0x000000001000e40c                tusb_rhport_init
 .text.tu_edpt_claim
                0x000000001000e454       0x50 CMakeFiles/main.dir/usr/local/picosdk/lib/tinyusb/src/tusb.c.o
                0x000000001000e454                tu_edpt_claim
 .text.tu_edpt_release
                0x000000001000e4a4       0x38 CMakeFiles/main.dir/usr/local/picosdk/lib/tinyusb/src/tusb.c.o
                0x000000001000e4a4                tu_edpt_release
 .text.tu_edpt_validate
                0x000000001000e4dc       0x7c CMakeFiles/main.dir/usr/local/picosdk/lib/tinyusb/src/tusb.c.o
                0x000000001000e4dc                tu_edpt_validate
 .text.tu_edpt_bind_driver
                0x000000001000e558       0x28 CMakeFiles/main.dir/usr/local/picosdk/lib/tinyusb/src/tusb.c.o
                0x000000001000e558                tu_edpt_bind_driver
 .text.tu_edpt_stream_init
                0x000000001000e580       0x6c CMakeFiles/main.dir/usr/local/picosdk/lib/tinyusb/src/tusb.c.o
                0x000000001000e580                tu_edpt_stream_init
 .text.tu_edpt_stream_deinit
                0x000000001000e5ec        0x4 CMakeFiles/main.dir/usr/local/picosdk/lib/tinyusb/src/tusb.c.o
                0x000000001000e5ec                tu_edpt_stream_deinit
 .text.tu_edpt_stream_write_zlp_if_needed
                0x000000001000e5f0       0x68 CMakeFiles/main.dir/usr/local/picosdk/lib/tinyusb/src/tusb.c.o
                0x000000001000e5f0                tu_edpt_stream_write_zlp_if_needed
 .text.tu_edpt_stream_write_xfer
                0x000000001000e658       0x64 CMakeFiles/main.dir/usr/local/picosdk/lib/tinyusb/src/tusb.c.o
                0x000000001000e658                tu_edpt_stream_write_xfer
 .text.tu_edpt_stream_read_xfer
                0x000000001000e6bc       0xd8 CMakeFiles/main.dir/usr/local/picosdk/lib/tinyusb/src/tusb.c.o
                0x000000001000e6bc                tu_edpt_stream_read_xfer
 .text._tu_fifo_peek
                0x000000001000e794       0x54 CMakeFiles/main.dir/usr/local/picosdk/lib/tinyusb/src/common/tusb_fifo.c.o
 .text._tu_fifo_peek_n.constprop.0
                0x000000001000e7e8       0xa4 CMakeFiles/main.dir/usr/local/picosdk/lib/tinyusb/src/common/tusb_fifo.c.o
 .text.tu_fifo_config
                0x000000001000e88c       0x6c CMakeFiles/main.dir/usr/local/picosdk/lib/tinyusb/src/common/tusb_fifo.c.o
                0x000000001000e88c                tu_fifo_config
 .text.tu_fifo_count
                0x000000001000e8f8       0x2c CMakeFiles/main.dir/usr/local/picosdk/lib/tinyusb/src/common/tusb_fifo.c.o
                0x000000001000e8f8                tu_fifo_count
 .text.tu_fifo_empty
                0x000000001000e924       0x10 CMakeFiles/main.dir/usr/local/picosdk/lib/tinyusb/src/common/tusb_fifo.c.o
                0x000000001000e924                tu_fifo_empty
 .text.tu_fifo_remaining
                0x000000001000e934       0x2c CMakeFiles/main.dir/usr/local/picosdk/lib/tinyusb/src/common/tusb_fifo.c.o
                0x000000001000e934                tu_fifo_remaining
 .text.tu_fifo_read
                0x000000001000e960       0x50 CMakeFiles/main.dir/usr/local/picosdk/lib/tinyusb/src/common/tusb_fifo.c.o
                0x000000001000e960                tu_fifo_read
 .text.tu_fifo_read_n
                0x000000001000e9b0       0x58 CMakeFiles/main.dir/usr/local/picosdk/lib/tinyusb/src/common/tusb_fifo.c.o
                0x000000001000e9b0                tu_fifo_read_n
 .text.tu_fifo_write
                0x000000001000ea08       0x88 CMakeFiles/main.dir/usr/local/picosdk/lib/tinyusb/src/common/tusb_fifo.c.o
                0x000000001000ea08                tu_fifo_write
 .text.tu_fifo_write_n
                0x000000001000ea90      0x178 CMakeFiles/main.dir/usr/local/picosdk/lib/tinyusb/src/common/tusb_fifo.c.o
                0x000000001000ea90                tu_fifo_write_n
 .text.tu_fifo_clear
                0x000000001000ec08       0x40 CMakeFiles/main.dir/usr/local/picosdk/lib/tinyusb/src/common/tusb_fifo.c.o
                0x000000001000ec08                tu_fifo_clear
 .text.tu_fifo_set_overwritable
                0x000000001000ec48       0x48 CMakeFiles/main.dir/usr/local/picosdk/lib/tinyusb/src/common/tusb_fifo.c.o
                0x000000001000ec48                tu_fifo_set_overwritable
 .text.splitmix64
                0x000000001000ec90       0x58 CMakeFiles/main.dir/usr/local/picosdk/src/rp2_common/pico_rand/rand.c.o
 .text.xoroshiro128ss
                0x000000001000ece8       0x90 CMakeFiles/main.dir/usr/local/picosdk/src/rp2_common/pico_rand/rand.c.o
 .text.capture_additional_rosc_samples
                0x000000001000ed78      0x154 CMakeFiles/main.dir/usr/local/picosdk/src/rp2_common/pico_rand/rand.c.o
 .text.get_rand_64
                0x000000001000eecc      0x270 CMakeFiles/main.dir/usr/local/picosdk/src/rp2_common/pico_rand/rand.c.o
                0x000000001000eecc                get_rand_64
 .text.get_rand_32
                0x000000001000f13c        0x8 CMakeFiles/main.dir/usr/local/picosdk/src/rp2_common/pico_rand/rand.c.o
                0x000000001000f13c                get_rand_32
 .text.startup.SystemInit
                0x000000001000f144       0x14 CMakeFiles/main.dir/usr/local/picosdk/src/rp2_common/cmsis/stub/CMSIS/Device/RP2040/Source/system_RP2040.c.o
                0x000000001000f144                SystemInit
 .text.core1_trampoline
                0x000000001000f158        0x4 CMakeFiles/main.dir/usr/local/picosdk/src/rp2_common/pico_multicore/multicore.c.o
 .text.core1_wrapper
                0x000000001000f15c        0xc CMakeFiles/main.dir/usr/local/picosdk/src/rp2_common/pico_multicore/multicore.c.o
                0x000000001000f15c                core1_wrapper
 .text.multicore_launch_core1_raw
                0x000000001000f168       0x84 CMakeFiles/main.dir/usr/local/picosdk/src/rp2_common/pico_multicore/multicore.c.o
                0x000000001000f168                multicore_launch_core1_raw
 .text.multicore_launch_core1
                0x000000001000f1ec       0x58 CMakeFiles/main.dir/usr/local/picosdk/src/rp2_common/pico_multicore/multicore.c.o
                0x000000001000f1ec                multicore_launch_core1
 .text.LCD_SetBackLight
                0x000000001000f244       0x44 lib/lcd/liblcd.a(LCD_Driver.c.o)
                0x000000001000f244                LCD_SetBackLight
 .text.LCD_SetGramScanWay
                0x000000001000f288      0x1a4 lib/lcd/liblcd.a(LCD_Driver.c.o)
                0x000000001000f288                LCD_SetGramScanWay
 .text.LCD_Init
                0x000000001000f42c     0x175c lib/lcd/liblcd.a(LCD_Driver.c.o)
                0x000000001000f42c                LCD_Init
 .text.LCD_SetWindow
                0x0000000010010b88      0x268 lib/lcd/liblcd.a(LCD_Driver.c.o)
                0x0000000010010b88                LCD_SetWindow
 .text.LCD_SetPointlColor
                0x0000000010010df0       0x48 lib/lcd/liblcd.a(LCD_Driver.c.o)
                0x0000000010010df0                LCD_SetPointlColor
 .text.LCD_SetArealColor
                0x0000000010010e38       0x64 lib/lcd/liblcd.a(LCD_Driver.c.o)
                0x0000000010010e38                LCD_SetArealColor
 .text.LCD_Clear
                0x0000000010010e9c       0x58 lib/lcd/liblcd.a(LCD_Driver.c.o)
                0x0000000010010e9c                LCD_Clear
 .text.TP_Read_ADC_Average
                0x0000000010010ef4      0x104 lib/lcd/liblcd.a(LCD_Touch.c.o)
 .text.TP_GetAdFac
                0x0000000010010ff8       0xe8 lib/lcd/liblcd.a(LCD_Touch.c.o)
                0x0000000010010ff8                TP_GetAdFac
 .text.TP_Dialog
                0x00000000100110e0       0x78 lib/lcd/liblcd.a(LCD_Touch.c.o)
                0x00000000100110e0                TP_Dialog
 .text.TP_Save  0x0000000010011158      0x2bc lib/lcd/liblcd.a(LCD_Touch.c.o)
                0x0000000010011158                TP_Save
 .text.TP_DrawBoard
                0x0000000010011414      0x364 lib/lcd/liblcd.a(LCD_Touch.c.o)
                0x0000000010011414                TP_DrawBoard
 .text.TP_Init  0x0000000010011778       0x28 lib/lcd/liblcd.a(LCD_Touch.c.o)
                0x0000000010011778                TP_Init
 .text.GUI_DisChar.part.0
                0x00000000100117a0      0x128 lib/lcd/liblcd.a(LCD_GUI.c.o)
 .text.GUI_DrawLine.part.0
                0x00000000100118c8      0x1b8 lib/lcd/liblcd.a(LCD_GUI.c.o)
 .text.GUI_DrawPoint
                0x0000000010011a80       0xbc lib/lcd/liblcd.a(LCD_GUI.c.o)
                0x0000000010011a80                GUI_DrawPoint
 .text.GUI_DrawRectangle
                0x0000000010011b3c      0x100 lib/lcd/liblcd.a(LCD_GUI.c.o)
                0x0000000010011b3c                GUI_DrawRectangle
 .text.GUI_DisString_EN
                0x0000000010011c3c       0xa8 lib/lcd/liblcd.a(LCD_GUI.c.o)
                0x0000000010011c3c                GUI_DisString_EN
 .text          0x0000000010011ce4      0xd00 lib/processing/libprocessing.a(processing.c.o)
                0x0000000010011ce4                simple_crop
                0x0000000010011ea4                connected_components
                0x00000000100123fc                density
                0x0000000010012438                edge_detection
                0x00000000100125bc                compactness
                0x0000000010012810                extract_features_json
                0x00000000100129c8                print_free_memory
 .text.DEV_Digital_Write
                0x00000000100129e4       0x14 lib/config/libconfig.a(DEV_Config.c.o)
                0x00000000100129e4                DEV_Digital_Write
 .text.DEV_Digital_Read
                0x00000000100129f8       0x14 lib/config/libconfig.a(DEV_Config.c.o)
                0x00000000100129f8                DEV_Digital_Read
 .text.System_Init
                0x0000000010012a0c       0x8c lib/config/libconfig.a(DEV_Config.c.o)
                0x0000000010012a0c                System_Init
 .text.SPI4W_Write_Byte
                0x0000000010012a98       0x24 lib/config/libconfig.a(DEV_Config.c.o)
                0x0000000010012a98                SPI4W_Write_Byte
 .text.SPI4W_Read_Byte
                0x0000000010012abc       0x20 lib/config/libconfig.a(DEV_Config.c.o)
                0x0000000010012abc                SPI4W_Read_Byte
 .text.Driver_Delay_ms
                0x0000000010012adc        0x8 lib/config/libconfig.a(DEV_Config.c.o)
                0x0000000010012adc                Driver_Delay_ms
 .text.Driver_Delay_us
                0x0000000010012ae4        0x4 lib/config/libconfig.a(DEV_Config.c.o)
                0x0000000010012ae4                Driver_Delay_us
 .text.atexit   0x0000000010012ae8       0x10 /usr/lib/gcc/arm-none-eabi/12.2.0/../../../../arm-none-eabi/lib/thumb/v6-m/nofp/libg.a(lib_a-atexit.o)
                0x0000000010012ae8                atexit
 .text.calloc   0x0000000010012af8       0x18 /usr/lib/gcc/arm-none-eabi/12.2.0/../../../../arm-none-eabi/lib/thumb/v6-m/nofp/libg.a(lib_a-calloc.o)
                0x0000000010012af8                calloc
 .text._calloc_r
                0x0000000010012b10       0xa8 /usr/lib/gcc/arm-none-eabi/12.2.0/../../../../arm-none-eabi/lib/thumb/v6-m/nofp/libg.a(lib_a-callocr.o)
                0x0000000010012b10                _calloc_r
 .text.__errno  0x0000000010012bb8        0xc /usr/lib/gcc/arm-none-eabi/12.2.0/../../../../arm-none-eabi/lib/thumb/v6-m/nofp/libg.a(lib_a-errno.o)
                0x0000000010012bb8                __errno
 .text.__libc_fini_array
                0x0000000010012bc4       0x28 /usr/lib/gcc/arm-none-eabi/12.2.0/../../../../arm-none-eabi/lib/thumb/v6-m/nofp/libg.a(lib_a-fini.o)
                0x0000000010012bc4                __libc_fini_array
 .text._malloc_trim_r
                0x0000000010012bec       0xa8 /usr/lib/gcc/arm-none-eabi/12.2.0/../../../../arm-none-eabi/lib/thumb/v6-m/nofp/libg.a(lib_a-freer.o)
                0x0000000010012bec                _malloc_trim_r
 .text._free_r  0x0000000010012c94      0x1d4 /usr/lib/gcc/arm-none-eabi/12.2.0/../../../../arm-none-eabi/lib/thumb/v6-m/nofp/libg.a(lib_a-freer.o)
                0x0000000010012c94                _free_r
 .text.localtime_r
                0x0000000010012e68      0x224 /usr/lib/gcc/arm-none-eabi/12.2.0/../../../../arm-none-eabi/lib/thumb/v6-m/nofp/libg.a(lib_a-lcltime_r.o)
                0x0000000010012e68                localtime_r
 .text.__retarget_lock_acquire
                0x000000001001308c        0x4 /usr/lib/gcc/arm-none-eabi/12.2.0/../../../../arm-none-eabi/lib/thumb/v6-m/nofp/libg.a(lib_a-lock.o)
                0x000000001001308c                __retarget_lock_acquire
 .text.__retarget_lock_acquire_recursive
                0x0000000010013090        0x4 /usr/lib/gcc/arm-none-eabi/12.2.0/../../../../arm-none-eabi/lib/thumb/v6-m/nofp/libg.a(lib_a-lock.o)
                0x0000000010013090                __retarget_lock_acquire_recursive
 .text.__retarget_lock_release
                0x0000000010013094        0x4 /usr/lib/gcc/arm-none-eabi/12.2.0/../../../../arm-none-eabi/lib/thumb/v6-m/nofp/libg.a(lib_a-lock.o)
                0x0000000010013094                __retarget_lock_release
 .text.__retarget_lock_release_recursive
                0x0000000010013098        0x4 /usr/lib/gcc/arm-none-eabi/12.2.0/../../../../arm-none-eabi/lib/thumb/v6-m/nofp/libg.a(lib_a-lock.o)
                0x0000000010013098                __retarget_lock_release_recursive
 .text.malloc   0x000000001001309c       0x14 /usr/lib/gcc/arm-none-eabi/12.2.0/../../../../arm-none-eabi/lib/thumb/v6-m/nofp/libg.a(lib_a-malloc.o)
                0x000000001001309c                malloc
 .text.free     0x00000000100130b0       0x14 /usr/lib/gcc/arm-none-eabi/12.2.0/../../../../arm-none-eabi/lib/thumb/v6-m/nofp/libg.a(lib_a-malloc.o)
                0x00000000100130b0                free
 .text._malloc_r
                0x00000000100130c4      0x548 /usr/lib/gcc/arm-none-eabi/12.2.0/../../../../arm-none-eabi/lib/thumb/v6-m/nofp/libg.a(lib_a-mallocr.o)
                0x00000000100130c4                _malloc_r
 .text.memcmp   0x000000001001360c       0x44 /usr/lib/gcc/arm-none-eabi/12.2.0/../../../../arm-none-eabi/lib/thumb/v6-m/nofp/libg.a(lib_a-memcmp.o)
                0x000000001001360c                memcmp
 .text.validate_structure
                0x0000000010013650      0x1d0 /usr/lib/gcc/arm-none-eabi/12.2.0/../../../../arm-none-eabi/lib/thumb/v6-m/nofp/libg.a(lib_a-mktime.o)
 .text.mktime   0x0000000010013820      0x3e4 /usr/lib/gcc/arm-none-eabi/12.2.0/../../../../arm-none-eabi/lib/thumb/v6-m/nofp/libg.a(lib_a-mktime.o)
                0x0000000010013820                mktime
 .text.__malloc_lock
                0x0000000010013c04       0x10 /usr/lib/gcc/arm-none-eabi/12.2.0/../../../../arm-none-eabi/lib/thumb/v6-m/nofp/libg.a(lib_a-mlock.o)
                0x0000000010013c04                __malloc_lock
 .text.__malloc_unlock
                0x0000000010013c14       0x10 /usr/lib/gcc/arm-none-eabi/12.2.0/../../../../arm-none-eabi/lib/thumb/v6-m/nofp/libg.a(lib_a-mlock.o)
                0x0000000010013c14                __malloc_unlock
 .text.realloc  0x0000000010013c24       0x18 /usr/lib/gcc/arm-none-eabi/12.2.0/../../../../arm-none-eabi/lib/thumb/v6-m/nofp/libg.a(lib_a-realloc.o)
                0x0000000010013c24                realloc
 .text._realloc_r
                0x0000000010013c3c      0x350 /usr/lib/gcc/arm-none-eabi/12.2.0/../../../../arm-none-eabi/lib/thumb/v6-m/nofp/libg.a(lib_a-reallocr.o)
                0x0000000010013c3c                _realloc_r
 .text._sbrk_r  0x0000000010013f8c       0x24 /usr/lib/gcc/arm-none-eabi/12.2.0/../../../../arm-none-eabi/lib/thumb/v6-m/nofp/libg.a(lib_a-sbrkr.o)
                0x0000000010013f8c                _sbrk_r
 .text.strchr   0x0000000010013fb0       0xc4 /usr/lib/gcc/arm-none-eabi/12.2.0/../../../../arm-none-eabi/lib/thumb/v6-m/nofp/libg.a(lib_a-strchr.o)
                0x0000000010013fb0                strchr
 .text          0x0000000010014074       0x88 /usr/lib/gcc/arm-none-eabi/12.2.0/../../../../arm-none-eabi/lib/thumb/v6-m/nofp/libg.a(lib_a-strcmp.o)