Archive member included to satisfy reference by file (symbol)

lib/lcd/liblcd.a(LCD_Driver.c.o)
                              CMakeFiles/main.dir/main.c.o (LCD_Init)
lib/lcd/liblcd.a(LCD_Touch.c.o)
                              CMakeFiles/main.dir/main.c.o (TP_GetAdFac)
lib/lcd/liblcd.a(LCD_GUI.c.o)
                              lib/lcd/liblcd.a(LCD_Touch.c.o) (GUI_DrawPoint)
lib/font/libfont.a(font12.c.o)
                              lib/lcd/liblcd.a(LCD_GUI.c.o) (Font12)
lib/font/libfont.a(font16.c.o)
                              lib/lcd/liblcd.a(LCD_Touch.c.o) (Font16)
lib/font/libfont.a(font20.c.o)
                              lib/lcd/liblcd.a(LCD_GUI.c.o) (Font20)
lib/font/libfont.a(font24.c.o)
                              lib/lcd/liblcd.a(LCD_GUI.c.o) (Font24)
lib/font/libfont.a(font8.c.o)
                              lib/lcd/liblcd.a(LCD_GUI.c.o) (Font8)
lib/config/libconfig.a(DEV_Config.c.o)
                              lib/lcd/liblcd.a(LCD_Driver.c.o) (DEV_Digital_Write)
/usr/lib/gcc/arm-none-eabi/12.2.0/thumb/v6-m/nofp/libgcc.a(_dvmd_tls.o)
                              CMakeFiles/main.dir/usr/local/picosdk/src/rp2_common/pico_divider/divider_hardware.S.o (__aeabi_idiv0)
/usr/lib/gcc/arm-none-eabi/12.2.0/../../../../arm-none-eabi/lib/thumb/v6-m/nofp/libg.a(lib_a-atexit.o)
                              /usr/lib/gcc/arm-none-eabi/12.2.0/../../../../arm-none-eabi/lib/thumb/v6-m/nofp/crt0.o (atexit)
/usr/lib/gcc/arm-none-eabi/12.2.0/../../../../arm-none-eabi/lib/thumb/v6-m/nofp/libg.a(lib_a-atoi.o)
                              CMakeFiles/main.dir/lib/sd_card/sd_driver/sd_card.c.o (atoi)
/usr/lib/gcc/arm-none-eabi/12.2.0/../../../../arm-none-eabi/lib/thumb/v6-m/nofp/libg.a(lib_a-calloc.o)
                              CMakeFiles/main.dir/usr/local/picosdk/src/rp2_common/pico_malloc/malloc.c.o (calloc)
/usr/lib/gcc/arm-none-eabi/12.2.0/../../../../arm-none-eabi/lib/thumb/v6-m/nofp/libg.a(lib_a-callocr.o)
                              /usr/lib/gcc/arm-none-eabi/12.2.0/../../../../arm-none-eabi/lib/thumb/v6-m/nofp/libg.a(lib_a-calloc.o) (_calloc_r)
/usr/lib/gcc/arm-none-eabi/12.2.0/../../../../arm-none-eabi/lib/thumb/v6-m/nofp/libg.a(lib_a-ctype_.o)
                              CMakeFiles/main.dir/lib/sd_card/sd_driver/sd_card.c.o (_ctype_)
/usr/lib/gcc/arm-none-eabi/12.2.0/../../../../arm-none-eabi/lib/thumb/v6-m/nofp/libg.a(lib_a-errno.o)
                              CMakeFiles/main.dir/lib/sd_card/src/ff_stdio.c.o (__errno)
/usr/lib/gcc/arm-none-eabi/12.2.0/../../../../arm-none-eabi/lib/thumb/v6-m/nofp/libg.a(lib_a-fini.o)
                              /usr/lib/gcc/arm-none-eabi/12.2.0/../../../../arm-none-eabi/lib/thumb/v6-m/nofp/crt0.o (__libc_fini_array)
/usr/lib/gcc/arm-none-eabi/12.2.0/../../../../arm-none-eabi/lib/thumb/v6-m/nofp/libg.a(lib_a-fopencookie.o)
                              CMakeFiles/main.dir/lib/sd_card/src/file_stream.c.o (fopencookie)
/usr/lib/gcc/arm-none-eabi/12.2.0/../../../../arm-none-eabi/lib/thumb/v6-m/nofp/libg.a(lib_a-freer.o)
                              /usr/lib/gcc/arm-none-eabi/12.2.0/../../../../arm-none-eabi/lib/thumb/v6-m/nofp/libg.a(lib_a-fopencookie.o) (_free_r)
/usr/lib/gcc/arm-none-eabi/12.2.0/../../../../arm-none-eabi/lib/thumb/v6-m/nofp/libg.a(lib_a-impure.o)
                              /usr/lib/gcc/arm-none-eabi/12.2.0/../../../../arm-none-eabi/lib/thumb/v6-m/nofp/libg.a(lib_a-calloc.o) (_impure_ptr)
/usr/lib/gcc/arm-none-eabi/12.2.0/../../../../arm-none-eabi/lib/thumb/v6-m/nofp/libg.a(lib_a-init.o)
                              /usr/lib/gcc/arm-none-eabi/12.2.0/../../../../arm-none-eabi/lib/thumb/v6-m/nofp/crt0.o (__libc_init_array)
/usr/lib/gcc/arm-none-eabi/12.2.0/../../../../arm-none-eabi/lib/thumb/v6-m/nofp/libg.a(lib_a-lcltime_r.o)
                              CMakeFiles/main.dir/lib/sd_card/src/crash.c.o (localtime_r)
/usr/lib/gcc/arm-none-eabi/12.2.0/../../../../arm-none-eabi/lib/thumb/v6-m/nofp/libg.a(lib_a-lock.o)
                              /usr/lib/gcc/arm-none-eabi/12.2.0/../../../../arm-none-eabi/lib/thumb/v6-m/nofp/libg.a(lib_a-fopencookie.o) (__retarget_lock_close_recursive)
/usr/lib/gcc/arm-none-eabi/12.2.0/../../../../arm-none-eabi/lib/thumb/v6-m/nofp/libg.a(lib_a-malloc.o)
                              CMakeFiles/main.dir/usr/local/picosdk/src/rp2_common/pico_malloc/malloc.c.o (malloc)
/usr/lib/gcc/arm-none-eabi/12.2.0/../../../../arm-none-eabi/lib/thumb/v6-m/nofp/libg.a(lib_a-mallocr.o)
                              /usr/lib/gcc/arm-none-eabi/12.2.0/../../../../arm-none-eabi/lib/thumb/v6-m/nofp/libg.a(lib_a-callocr.o) (_malloc_r)
/usr/lib/gcc/arm-none-eabi/12.2.0/../../../../arm-none-eabi/lib/thumb/v6-m/nofp/libg.a(lib_a-memcmp.o)
                              CMakeFiles/main.dir/lib/sd_card/ff15/source/ff.c.o (memcmp)
/usr/lib/gcc/arm-none-eabi/12.2.0/../../../../arm-none-eabi/lib/thumb/v6-m/nofp/libg.a(lib_a-mktime.o)
[...]
Memory Configuration

Name             Origin             Length             Attributes
FLASH            0x0000000010000000 0x0000000000200000 xr
RAM              0x0000000020000000 0x0000000000040000 xrw
SCRATCH_X        0x0000000020040000 0x0000000000001000 xrw
SCRATCH_Y        0x0000000020041000 0x0000000000001000 xrw
*default*        0x0000000000000000 0xffffffffffffffff

Linker script and memory map

LOAD /usr/lib/gcc/arm-none-eabi/12.2.0/thumb/v6-m/nofp/crti.o
LOAD /usr/lib/gcc/arm-none-eabi/12.2.0/thumb/v6-m/nofp/crtbegin.o
LOAD /usr/lib/gcc/arm-none-eabi/12.2.0/../../../../arm-none-eabi/lib/thumb/v6-m/nofp/crt0.o

.flash_begin    0x0000000010000000        0x0
                0x0000000010000000                __flash_binary_start = .

.boot2          0x0000000010000000      0x100
                0x0000000010000000                __boot2_start__ = .
 *(.boot2)
 .boot2         0x0000000010000000      0x100 pico-sdk/src/rp2040/boot_stage2/CMakeFiles/bs2_default_library.dir/bs2_default_padded_checksummed.S.o
                0x0000000010000100                __boot2_end__ = .
                0x0000000000000001                ASSERT (((__boot2_end__ - __boot2_start__) == 0x100), ERROR: Pico second stage bootloader must be 256 bytes in size)

.text           0x0000000010000100     0x934c
                0x0000000010000100                __logical_binary_start = .
 *(.vectors)
 .vectors       0x0000000010000100       0xd4 CMakeFiles/main.dir/usr/local/picosdk/src/rp2_common/pico_crt0/crt0.S.o
                0x0000000010000100                __vectors
                0x0000000010000100                __VECTOR_TABLE
                0x00000000100001c0                TIMER_IRQ_3_Handler
                0x00000000100001c0                UART0_IRQ_Handler
                0x00000000100001c0                TIMER_IRQ_1_Handler
                0x00000000100001c0                IO_IRQ_BANK0_Handler
                0x00000000100001c0                PIO1_IRQ_1_Handler
                0x00000000100001c0                TIMER_IRQ_0_Handler
                0x00000000100001c0                isr_irq30
                0x00000000100001c0                PIO0_IRQ_0_Handler
                0x00000000100001c0                USBCTRL_IRQ_Handler
                0x00000000100001c0                SPI1_IRQ_Handler
                0x00000000100001c0                isr_irq27
                0x00000000100001c0                isr_irq31
                0x00000000100001c0                __unhandled_user_irq
                0x00000000100001c0                DMA_IRQ_1_Handler
                0x00000000100001c0                I2C1_IRQ_Handler
                0x00000000100001c0                SPI0_IRQ_Handler
                0x00000000100001c0                isr_irq28
                0x00000000100001c0                SIO_IRQ_PROC1_Handler
                0x00000000100001c0                I2C0_IRQ_Handler
                0x00000000100001c0                PIO0_IRQ_1_Handler
                0x00000000100001c0                PWM_IRQ_WRAP_Handler
                0x00000000100001c0                PIO1_IRQ_0_Handler
                0x00000000100001c0                isr_irq29
                0x00000000100001c0                isr_irq26
                0x00000000100001c0                XIP_IRQ_Handler
                0x00000000100001c0                __vectors_end
                0x00000000100001c0                __default_isrs_start
                0x00000000100001c0                UART1_IRQ_Handler
                0x00000000100001c0                RTC_IRQ_Handler
                0x00000000100001c0                TIMER_IRQ_2_Handler
                0x00000000100001c0                CLOCKS_IRQ_Handler
                0x00000000100001c0                DMA_IRQ_0_Handler
                0x00000000100001c0                IO_IRQ_QSPI_Handler
                0x00000000100001c0                ADC_IRQ_FIFO_Handler
                0x00000000100001c0                SIO_IRQ_PROC0_Handler
                0x00000000100001c6                unhandled_user_irq_num_in_r0
                0x00000000100001c8                isr_invalid
                0x00000000100001ca                NMI_Handler
                0x00000000100001ce                SVC_Handler
                0x00000000100001d0                PendSV_Handler
                0x00000000100001d2                SysTick_Handler
                0x00000000100001d4                __default_isrs_end
 *(.binary_info_header)
 .binary_info_header
                0x00000000100001d4       0x14 CMakeFiles/main.dir/usr/local/picosdk/src/rp2_common/pico_crt0/crt0.S.o
                0x00000000100001e8                __binary_info_header_end = .
 *(.embedded_block)
                0x00000000100001e8                __embedded_block_end = .
 *(.reset)
 .reset         0x00000000100001e8       0x9c CMakeFiles/main.dir/usr/local/picosdk/src/rp2_common/pico_crt0/crt0.S.o
                0x00000000100001e8                _entry_point
 *(.init)
 .init          0x0000000010000284        0x4 /usr/lib/gcc/arm-none-eabi/12.2.0/thumb/v6-m/nofp/crti.o
                0x0000000010000284                _init
 *(EXCLUDE_FILE(*libm.a: *libc.a:*lib_a-mem*.o *libgcc.a:) .text*)
 .text.frame_dummy
                0x0000000010000288       0x20 /usr/lib/gcc/arm-none-eabi/12.2.0/thumb/v6-m/nofp/crtbegin.o
 .text.startup.main
                0x00000000100002a8       0x4c CMakeFiles/main.dir/main.c.o
                0x00000000100002a8                main
 .text.__NVIC_SystemReset
                0x00000000100002f4       0x1c CMakeFiles/main.dir/lib/sd_card/src/crash.c.o
 .text.crc7.constprop.0
                0x0000000010000310       0x20 CMakeFiles/main.dir/lib/sd_card/src/crash.c.o
 .text.Hardfault_HandlerC
                0x0000000010000330       0x60 CMakeFiles/main.dir/lib/sd_card/src/crash.c.o
                0x0000000010000330                Hardfault_HandlerC
 .text.HardFault_Handler
                0x0000000010000390       0x18 CMakeFiles/main.dir/lib/sd_card/src/crash.c.o
                0x0000000010000390                HardFault_Handler
 .text.sd_write_async
                0x00000000100003a8       0xa8 CMakeFiles/main.dir/lib/sd_card/sd_utils.c.o
                0x00000000100003a8                sd_write_async
 .text.rp2040_chip_version
                0x0000000010000450        0xc CMakeFiles/main.dir/usr/local/picosdk/src/rp2040/pico_platform/platform.c.o
                0x0000000010000450                rp2040_chip_version
 .text.panic    0x000000001000045c       0x30 CMakeFiles/main.dir/usr/local/picosdk/src/rp2_common/pico_platform_panic/panic.c.o
                0x000000001000045c                panic
 .text.hw_claim_or_assert
                0x000000001000048c       0x44 CMakeFiles/main.dir/usr/local/picosdk/src/common/hardware_claim/claim.c.o
                0x000000001000048c                hw_claim_or_assert
 .text.hw_claim_unused_from_range
                0x00000000100004d0       0x9c CMakeFiles/main.dir/usr/local/picosdk/src/common/hardware_claim/claim.c.o
                0x00000000100004d0                hw_claim_unused_from_range
 .text.next_striped_spin_lock_num
                0x000000001000056c       0x18 CMakeFiles/main.dir/usr/local/picosdk/src/rp2_common/hardware_sync/sync.c.o
                0x000000001000056c                next_striped_spin_lock_num
 .text.spin_lock_claim_unused
                0x0000000010000584       0x24 CMakeFiles/main.dir/usr/local/picosdk/src/rp2_common/hardware_sync/sync.c.o
                0x0000000010000584                spin_lock_claim_unused
 .text.spin_locks_reset
                0x00000000100005a8       0x1c CMakeFiles/main.dir/usr/local/picosdk/src/rp2_common/hardware_sync_spin_lock/sync_spin_lock.c.o
                0x00000000100005a8                spin_locks_reset
 .text.gpio_set_function
                0x00000000100005c4       0x34 CMakeFiles/main.dir/usr/local/picosdk/src/rp2_common/hardware_gpio/gpio.c.o
                0x00000000100005c4                gpio_set_function
 .text.gpio_init
                0x00000000100005f8       0x40 CMakeFiles/main.dir/usr/local/picosdk/src/rp2_common/hardware_gpio/gpio.c.o
                0x00000000100005f8                gpio_init
 .text.runtime_init_per_core_irq_priorities
                0x0000000010000638       0x24 CMakeFiles/main.dir/usr/local/picosdk/src/rp2_common/hardware_irq/irq.c.o
                0x0000000010000638                runtime_init_per_core_irq_priorities
 .text.irq_set_enabled
                0x000000001000065c       0x24 CMakeFiles/main.dir/usr/local/picosdk/src/rp2_common/hardware_irq/irq.c.o
                0x000000001000065c                irq_set_enabled
 .text.irq_is_enabled
                0x0000000010000680       0x18 CMakeFiles/main.dir/usr/local/picosdk/src/rp2_common/hardware_irq/irq.c.o
                0x0000000010000680                irq_is_enabled
 .text.irq_set_pending
                0x0000000010000698       0x10 CMakeFiles/main.dir/usr/local/picosdk/src/rp2_common/hardware_irq/irq.c.o
                0x0000000010000698                irq_set_pending
 .text.irq_has_shared_handler
                0x00000000100006a8       0x24 CMakeFiles/main.dir/usr/local/picosdk/src/rp2_common/hardware_irq/irq.c.o
                0x00000000100006a8                irq_has_shared_handler
 .text.irq_set_exclusive_handler
                0x00000000100006cc       0x54 CMakeFiles/main.dir/usr/local/picosdk/src/rp2_common/hardware_irq/irq.c.o
                0x00000000100006cc                irq_set_exclusive_handler
 .text.irq_add_shared_handler
                0x0000000010000720      0x1e0 CMakeFiles/main.dir/usr/local/picosdk/src/rp2_common/hardware_irq/irq.c.o
                0x0000000010000720                irq_add_shared_handler
 .text.irq_add_tail_to_free_list
                0x0000000010000900       0xe4 CMakeFiles/main.dir/usr/local/picosdk/src/rp2_common/hardware_irq/irq.c.o
                0x0000000010000900                irq_add_tail_to_free_list
 .text.user_irq_claim_unused
                0x00000000100009e4       0x2c CMakeFiles/main.dir/usr/local/picosdk/src/rp2_common/hardware_irq/irq.c.o
                0x00000000100009e4                user_irq_claim_unused
 .text.lock_init
                0x0000000010000a10       0x10 CMakeFiles/main.dir/usr/local/picosdk/src/common/pico_sync/lock_core.c.o
                0x0000000010000a10                lock_init
 .text.runtime_init_mutex
                0x0000000010000a20       0x60 CMakeFiles/main.dir/usr/local/picosdk/src/common/pico_sync/mutex.c.o
                0x0000000010000a20                runtime_init_mutex
 .text.mutex_init
                0x0000000010000a80       0x1c CMakeFiles/main.dir/usr/local/picosdk/src/common/pico_sync/mutex.c.o
                0x0000000010000a80                mutex_init
 .text.critical_section_init
                0x0000000010000a9c       0x1c CMakeFiles/main.dir/usr/local/picosdk/src/common/pico_sync/critical_section.c.o
                0x0000000010000a9c                critical_section_init
 .text.critical_section_init_with_lock_num
                0x0000000010000ab8       0x14 CMakeFiles/main.dir/usr/local/picosdk/src/common/pico_sync/critical_section.c.o
                0x0000000010000ab8                critical_section_init_with_lock_num
 .text.sleep_until_callback
                0x0000000010000acc       0x30 CMakeFiles/main.dir/usr/local/picosdk/src/common/pico_time/time.c.o
 .text.alarm_pool_irq_handler
                0x0000000010000afc      0x2fc CMakeFiles/main.dir/usr/local/picosdk/src/common/pico_time/time.c.o
 .text.runtime_init_default_alarm_pool
                0x0000000010000df8       0xdc CMakeFiles/main.dir/usr/local/picosdk/src/common/pico_time/time.c.o
                0x0000000010000df8                runtime_init_default_alarm_pool
 .text.alarm_pool_get_default
                0x0000000010000ed4        0x8 CMakeFiles/main.dir/usr/local/picosdk/src/common/pico_time/time.c.o
                0x0000000010000ed4                alarm_pool_get_default
 .text.alarm_pool_add_alarm_at
                0x0000000010000edc       0xd4 CMakeFiles/main.dir/usr/local/picosdk/src/common/pico_time/time.c.o
                0x0000000010000edc                alarm_pool_add_alarm_at
 .text.alarm_pool_add_alarm_at_force_in_context
                0x0000000010000fb0       0xb0 CMakeFiles/main.dir/usr/local/picosdk/src/common/pico_time/time.c.o
                0x0000000010000fb0                alarm_pool_add_alarm_at_force_in_context
 .text.alarm_pool_cancel_alarm
                0x0000000010001060       0x74 CMakeFiles/main.dir/usr/local/picosdk/src/common/pico_time/time.c.o
                0x0000000010001060                alarm_pool_cancel_alarm
 .text.alarm_pool_core_num
                0x00000000100010d4        0x4 CMakeFiles/main.dir/usr/local/picosdk/src/common/pico_time/time.c.o
                0x00000000100010d4                alarm_pool_core_num
 .text.sleep_until
                0x00000000100010d8       0xd8 CMakeFiles/main.dir/usr/local/picosdk/src/common/pico_time/time.c.o
                0x00000000100010d8                sleep_until
 .text.sleep_ms
                0x00000000100011b0       0x38 CMakeFiles/main.dir/usr/local/picosdk/src/common/pico_time/time.c.o
                0x00000000100011b0                sleep_ms
 .text.best_effort_wfe_or_timeout
                0x00000000100011e8       0xf8 CMakeFiles/main.dir/usr/local/picosdk/src/common/pico_time/time.c.o
                0x00000000100011e8                best_effort_wfe_or_timeout
 .text.timer_hardware_alarm_claim
                0x00000000100012e0       0x14 CMakeFiles/main.dir/usr/local/picosdk/src/rp2_common/hardware_timer/timer.c.o
                0x00000000100012e0                timer_hardware_alarm_claim
 .text.timer_time_us_64
                0x00000000100012f4       0x10 CMakeFiles/main.dir/usr/local/picosdk/src/rp2_common/hardware_timer/timer.c.o
                0x00000000100012f4                timer_time_us_64
 .text.time_us_64
                0x0000000010001304       0x14 CMakeFiles/main.dir/usr/local/picosdk/src/rp2_common/hardware_timer/timer.c.o
                0x0000000010001304                time_us_64
 .text.busy_wait_until
                0x0000000010001318       0x20 CMakeFiles/main.dir/usr/local/picosdk/src/rp2_common/hardware_timer/timer.c.o
                0x0000000010001318                busy_wait_until
 .text.queue_try_add
                0x0000000010001338       0x70 CMakeFiles/main.dir/usr/local/picosdk/src/common/pico_util/queue.c.o
                0x0000000010001338                queue_try_add
 .text.spi_init
                0x00000000100013a8      0x140 CMakeFiles/main.dir/usr/local/picosdk/src/rp2_common/hardware_spi/spi.c.o
                0x00000000100013a8                spi_init
 .text.spi_set_baudrate
                0x00000000100014e8       0xdc CMakeFiles/main.dir/usr/local/picosdk/src/rp2_common/hardware_spi/spi.c.o
                0x00000000100014e8                spi_set_baudrate
 .text.clock_configure_int_divider
                0x00000000100015c4       0xf0 CMakeFiles/main.dir/usr/local/picosdk/src/rp2_common/hardware_clocks/clocks.c.o
                0x00000000100015c4                clock_configure_int_divider
 .text.clock_configure_undivided
                0x00000000100016b4       0xe4 CMakeFiles/main.dir/usr/local/picosdk/src/rp2_common/hardware_clocks/clocks.c.o
                0x00000000100016b4                clock_configure_undivided
 .text.clock_get_hz
                0x0000000010001798        0xc CMakeFiles/main.dir/usr/local/picosdk/src/rp2_common/hardware_clocks/clocks.c.o
                0x0000000010001798                clock_get_hz
 .text.pll_init
                0x00000000100017a4       0xa0 CMakeFiles/main.dir/usr/local/picosdk/src/rp2_common/hardware_pll/pll.c.o
                0x00000000100017a4                pll_init
 .text.watchdog_reboot
                0x0000000010001844       0x9c CMakeFiles/main.dir/usr/local/picosdk/src/rp2_common/hardware_watchdog/watchdog.c.o
                0x0000000010001844                watchdog_reboot
 .text.tick_start
                0x00000000100018e0       0x10 CMakeFiles/main.dir/usr/local/picosdk/src/rp2_common/hardware_ticks/ticks.c.o
                0x00000000100018e0                tick_start
 .text.rom_func_lookup
                0x00000000100018f0       0x10 CMakeFiles/main.dir/usr/local/picosdk/src/rp2_common/pico_bootrom/bootrom.c.o
                0x00000000100018f0                rom_func_lookup
 .text.rom_data_lookup
                0x0000000010001900       0x10 CMakeFiles/main.dir/usr/local/picosdk/src/rp2_common/pico_bootrom/bootrom.c.o
                0x0000000010001900                rom_data_lookup
 .text.rom_funcs_lookup
                0x0000000010001910       0x44 CMakeFiles/main.dir/usr/local/picosdk/src/rp2_common/pico_bootrom/bootrom.c.o
                0x0000000010001910                rom_funcs_lookup
 .text.rom_reset_usb_boot_extra
                0x0000000010001954       0x28 CMakeFiles/main.dir/usr/local/picosdk/src/rp2_common/pico_bootrom/bootrom.c.o
                0x0000000010001954                rom_reset_usb_boot_extra
 .text.xosc_init
                0x000000001000197c       0x28 CMakeFiles/main.dir/usr/local/picosdk/src/rp2_common/hardware_xosc/xosc.c.o
                0x000000001000197c                xosc_init
 .text.first_per_core_initializer
                0x00000000100019a4        0x4 CMakeFiles/main.dir/usr/local/picosdk/src/rp2_common/pico_runtime/runtime.c.o
 .text.hard_assertion_failure
                0x00000000100019a8        0xc CMakeFiles/main.dir/usr/local/picosdk/src/rp2_common/pico_runtime/runtime.c.o
                0x00000000100019a8                hard_assertion_failure
 .text.runtime_run_initializers
                0x00000000100019b4       0x28 CMakeFiles/main.dir/usr/local/picosdk/src/rp2_common/pico_runtime/runtime.c.o
                0x00000000100019b4                runtime_run_initializers
 .text.runtime_init_early_resets
                0x00000000100019dc       0x2c CMakeFiles/main.dir/usr/local/picosdk/src/rp2_common/pico_runtime_init/runtime_init.c.o
                0x00000000100019dc                runtime_init_early_resets
 .text.runtime_init_usb_power_down
                0x0000000010001a08       0x1c CMakeFiles/main.dir/usr/local/picosdk/src/rp2_common/pico_runtime_init/runtime_init.c.o
                0x0000000010001a08                runtime_init_usb_power_down
 .text.runtime_init_post_clock_resets
                0x0000000010001a24       0x20 CMakeFiles/main.dir/usr/local/picosdk/src/rp2_common/pico_runtime_init/runtime_init.c.o
                0x0000000010001a24                runtime_init_post_clock_resets
 .text.runtime_init_rp2040_gpio_ie_disable
                0x0000000010001a44       0x14 CMakeFiles/main.dir/usr/local/picosdk/src/rp2_common/pico_runtime_init/runtime_init.c.o
                0x0000000010001a44                runtime_init_rp2040_gpio_ie_disable
 .text.runtime_init_spin_locks_reset
                0x0000000010001a58        0x8 CMakeFiles/main.dir/usr/local/picosdk/src/rp2_common/pico_runtime_init/runtime_init.c.o
                0x0000000010001a58                runtime_init_spin_locks_reset
 .text.runtime_init_install_ram_vector_table
                0x0000000010001a60       0xc4 CMakeFiles/main.dir/usr/local/picosdk/src/rp2_common/pico_runtime_init/runtime_init.c.o
                0x0000000010001a60                runtime_init_install_ram_vector_table
 .text.runtime_init_clocks
                0x0000000010001b24       0xd8 CMakeFiles/main.dir/usr/local/picosdk/src/rp2_common/pico_runtime_init/runtime_init_clocks.c.o
                0x0000000010001b24                runtime_init_clocks
 .text          0x0000000010001bfc       0x10 CMakeFiles/main.dir/usr/local/picosdk/src/rp2_common/pico_bit_ops/bit_ops_aeabi.S.o
 .text.__wrap___aeabi_idiv
                0x0000000010001c0c       0x50 CMakeFiles/main.dir/usr/local/picosdk/src/rp2_common/pico_divider/divider_hardware.S.o
                0x0000000010001c0c                divmod_s32s32
                0x0000000010001c0c                __wrap___aeabi_idivmod
                0x0000000010001c0c                __wrap___aeabi_idiv
                0x0000000010001c0c                div_s32s32
                0x0000000010001c14                divmod_s32s32_unsafe
                0x0000000010001c40                divmod_s32s32_savestate
 .text.__wrap___aeabi_uidiv
                0x0000000010001c5c       0x4c CMakeFiles/main.dir/usr/local/picosdk/src/rp2_common/pico_divider/divider_hardware.S.o
                0x0000000010001c5c                __wrap___aeabi_uidivmod
                0x0000000010001c5c                __wrap___aeabi_uidiv
                0x0000000010001c5c                divmod_u32u32
                0x0000000010001c5c                div_u32u32
                0x0000000010001c64                divmod_u32u32_unsafe
                0x0000000010001c8c                divmod_u32u32_savestate
 .text.__wrap___aeabi_ldiv
                0x0000000010001ca8      0x424 CMakeFiles/main.dir/usr/local/picosdk/src/rp2_common/pico_divider/divider_hardware.S.o
                0x0000000010001ca8                __wrap___aeabi_ldivmod
                0x0000000010001ca8                div_s64s64
                0x0000000010001ca8                divmod_s64s64
                0x0000000010001cd8                div_u64u64
                0x0000000010001cd8                divmod_u64u64
                0x0000000010001cd8                __wrap___aeabi_uldivmod
                0x0000000010001ce8                divmod_u64u64_savestate
                0x0000000010001d08                divmod_s64s64_unsafe
                0x0000000010001d90                divmod_u64u64_unsafe
 .text.__wrap___aeabi_darithmetic
                0x00000000100020cc       0x80 CMakeFiles/main.dir/usr/local/picosdk/src/rp2_common/pico_double/double_aeabi_rp2040.S.o
                0x00000000100020cc                __wrap___aeabi_drsub
                0x00000000100020d2                __wrap___aeabi_dsub
                0x00000000100020e4                __wrap___aeabi_dadd
                0x00000000100020f6                __wrap___aeabi_ddiv
                0x0000000010002132                __wrap___aeabi_dmul
 .text.__wrap___aeabi_cdcmple
                0x000000001000214c       0x6c CMakeFiles/main.dir/usr/local/picosdk/src/rp2_common/pico_double/double_aeabi_rp2040.S.o
                0x000000001000214c                __wrap___aeabi_cdrcmple
                0x000000001000215c                __wrap___aeabi_cdcmple
                0x000000001000215c                __wrap___aeabi_cdcmpeq
 .text.__wrap___aeabi_dcmplt
                0x00000000100021b8        0xc CMakeFiles/main.dir/usr/local/picosdk/src/rp2_common/pico_double/double_aeabi_rp2040.S.o
                0x00000000100021b8                __wrap___aeabi_dcmplt
 .text.__wrap___aeabi_dcmpge
                0x00000000100021c4       0x10 CMakeFiles/main.dir/usr/local/picosdk/src/rp2_common/pico_double/double_aeabi_rp2040.S.o
                0x00000000100021c4                __wrap___aeabi_dcmpge
 .text.__wrap___aeabi_dcmpgt
                0x00000000100021d4        0xa CMakeFiles/main.dir/usr/local/picosdk/src/rp2_common/pico_double/double_aeabi_rp2040.S.o
                0x00000000100021d4                __wrap___aeabi_dcmpgt
 .text.__wrap___aeabi_dcmpun
                0x00000000100021de       0x18 CMakeFiles/main.dir/usr/local/picosdk/src/rp2_common/pico_double/double_aeabi_rp2040.S.o
                0x00000000100021de                __wrap___aeabi_dcmpun
 *fill*         0x00000000100021f6        0x2 
 .text.__wrap___aeabi_i2d
                0x00000000100021f8       0x38 CMakeFiles/main.dir/usr/local/picosdk/src/rp2_common/pico_double/double_aeabi_rp2040.S.o
                0x00000000100021f8                __wrap___aeabi_ui2d
                0x00000000100021f8                uint2double
                0x0000000010002200                __wrap___aeabi_i2d
                0x0000000010002200                int2double
 .text.__wrap___aeabi_d2iz
                0x0000000010002230       0x48 CMakeFiles/main.dir/usr/local/picosdk/src/rp2_common/pico_double/double_aeabi_rp2040.S.o
                0x0000000010002230                __wrap___aeabi_d2iz
                0x0000000010002230                double2int_z
 .text.__wrap___aeabi_d2uiz
                0x0000000010002278       0x18 CMakeFiles/main.dir/usr/local/picosdk/src/rp2_common/pico_double/double_aeabi_rp2040.S.o
                0x0000000010002278                double2uint_z
                0x0000000010002278                double2uint
                0x0000000010002278                __wrap___aeabi_d2uiz
 .text.__aeabi_double_init
                0x0000000010002290       0xa4 CMakeFiles/main.dir/usr/local/picosdk/src/rp2_common/pico_double/double_init_rom_rp2040.c.o
                0x0000000010002290                __aeabi_double_init
 .text.double_table_shim_on_use_helper
                0x0000000010002334       0x2c CMakeFiles/main.dir/usr/local/picosdk/src/rp2_common/pico_double/double_v1_rom_shim_rp2040.S.o
                0x0000000010002334                double_table_shim_on_use_helper
 .text.__wrap___aeabi_dsub
                0x0000000010002360       0x10 CMakeFiles/main.dir/usr/local/picosdk/src/rp2_common/pico_double/double_v1_rom_shim_rp2040.S.o
                0x0000000010002360                drsub_shim
                0x0000000010002366                dsub_shim
 .text.dadd_shim
                0x0000000010002370      0x15c CMakeFiles/main.dir/usr/local/picosdk/src/rp2_common/pico_double/double_v1_rom_shim_rp2040.S.o
                0x0000000010002370                dadd_shim
 .text.dmul_shim
                0x00000000100024cc      0x15c CMakeFiles/main.dir/usr/local/picosdk/src/rp2_common/pico_double/double_v1_rom_shim_rp2040.S.o
                0x00000000100024cc                dmul_shim
 .text.ddiv_shim
                0x0000000010002628      0x1b0 CMakeFiles/main.dir/usr/local/picosdk/src/rp2_common/pico_double/double_v1_rom_shim_rp2040.S.o
                0x0000000010002628                ddiv_shim
 .text.double2uint_shim
                0x00000000100027d8        0xe CMakeFiles/main.dir/usr/local/picosdk/src/rp2_common/pico_double/double_v1_rom_shim_rp2040.S.o
                0x00000000100027d8                double2uint_shim
                0x00000000100027da                double2ufix_shim
 *fill*         0x00000000100027e6        0x2 
 .text.double2uint64_shim
                0x00000000100027e8       0x70 CMakeFiles/main.dir/usr/local/picosdk/src/rp2_common/pico_double/double_v1_rom_shim_rp2040.S.o
                0x00000000100027e8                double2uint64_shim
                0x00000000100027ea                double2ufix64_shim
                0x000000001000280a                d2fix_a
 .text.dunpacks
                0x0000000010002858       0x3c CMakeFiles/main.dir/usr/local/picosdk/src/rp2_common/pico_double/double_v1_rom_shim_rp2040.S.o
                0x0000000010002858                dunpacks
 .text.__aeabi_lmul
                0x0000000010002894       0x32 CMakeFiles/main.dir/usr/local/picosdk/src/rp2_common/pico_int64_ops/pico_int64_ops_aeabi.S.o
                0x0000000010002894                __wrap___aeabi_lmul
 *fill*         0x00000000100028c6        0x2 
 .text.__aeabi_float_init
                0x00000000100028c8       0x64 CMakeFiles/main.dir/usr/local/picosdk/src/rp2_common/pico_float/float_init_rom_rp2040.c.o
                0x00000000100028c8                __aeabi_float_init
 .text.float_table_shim_on_use_helper
                0x000000001000292c       0x2c CMakeFiles/main.dir/usr/local/picosdk/src/rp2_common/pico_float/float_v1_rom_shim_rp2040.S.o
                0x000000001000292c                float_table_shim_on_use_helper
 .text          0x0000000010002958       0x10 CMakeFiles/main.dir/usr/local/picosdk/src/rp2_common/pico_mem_ops/mem_ops_aeabi.S.o
                0x0000000010002958                __aeabi_mem_init
 .text.memset   0x0000000010002968        0xc CMakeFiles/main.dir/usr/local/picosdk/src/rp2_common/pico_mem_ops/mem_ops_aeabi.S.o
                0x0000000010002968                __wrap_memset
 .text.memcpy   0x0000000010002974        0xc CMakeFiles/main.dir/usr/local/picosdk/src/rp2_common/pico_mem_ops/mem_ops_aeabi.S.o
                0x0000000010002974                __wrap___aeabi_memcpy
                0x0000000010002974                __wrap_memcpy
 .text._out_null
                0x0000000010002980        0x4 CMakeFiles/main.dir/usr/local/picosdk/src/rp2_common/pico_printf/printf.c.o
 .text._out_rev
                0x0000000010002984       0x90 CMakeFiles/main.dir/usr/local/picosdk/src/rp2_common/pico_printf/printf.c.o
 .text._ntoa_format
                0x0000000010002a14      0x208 CMakeFiles/main.dir/usr/local/picosdk/src/rp2_common/pico_printf/printf.c.o
 .text._out_char
                0x0000000010002c1c       0x10 CMakeFiles/main.dir/usr/local/picosdk/src/rp2_common/pico_printf/printf.c.o
 .text._out_fct
                0x0000000010002c2c       0x10 CMakeFiles/main.dir/usr/local/picosdk/src/rp2_common/pico_printf/printf.c.o
 .text._etoa    0x0000000010002c3c      0x464 CMakeFiles/main.dir/usr/local/picosdk/src/rp2_common/pico_printf/printf.c.o
 .text._ftoa    0x00000000100030a0      0x3c4 CMakeFiles/main.dir/usr/local/picosdk/src/rp2_common/pico_printf/printf.c.o
 .text._vsnprintf
                0x0000000010003464      0xc18 CMakeFiles/main.dir/usr/local/picosdk/src/rp2_common/pico_printf/printf.c.o
 .text.vfctprintf
                0x000000001000407c       0x20 CMakeFiles/main.dir/usr/local/picosdk/src/rp2_common/pico_printf/printf.c.o
                0x000000001000407c                vfctprintf
 .text.weak_raw_vprintf
                0x000000001000409c       0x30 CMakeFiles/main.dir/usr/local/picosdk/src/rp2_common/pico_printf/printf.c.o
                0x000000001000409c                weak_raw_vprintf
 .text._exit    0x00000000100040cc        0x4 CMakeFiles/main.dir/usr/local/picosdk/src/rp2_common/pico_clib_interface/newlib_interface.c.o
                0x00000000100040cc                _exit
 .text.exit     0x00000000100040d0        0x8 CMakeFiles/main.dir/usr/local/picosdk/src/rp2_common/pico_clib_interface/newlib_interface.c.o
                0x00000000100040d0                exit
 .text.runtime_init
                0x00000000100040d8       0x2c CMakeFiles/main.dir/usr/local/picosdk/src/rp2_common/pico_clib_interface/newlib_interface.c.o
                0x00000000100040d8                runtime_init
 .text.stdio_out_chars_no_crlf
                0x0000000010004104       0x10 CMakeFiles/main.dir/usr/local/picosdk/src/rp2_common/pico_stdio/stdio.c.o
 .text.stdio_out_chars_crlf
                0x0000000010004114       0x94 CMakeFiles/main.dir/usr/local/picosdk/src/rp2_common/pico_stdio/stdio.c.o
 .text.stdio_buffered_printer
                0x00000000100041a8       0x64 CMakeFiles/main.dir/usr/local/picosdk/src/rp2_common/pico_stdio/stdio.c.o
 .text.stdio_put_string
                0x000000001000420c      0x100 CMakeFiles/main.dir/usr/local/picosdk/src/rp2_common/pico_stdio/stdio.c.o
                0x000000001000420c                stdio_put_string
 .text.stdio_set_driver_enabled
                0x000000001000430c       0x30 CMakeFiles/main.dir/usr/local/picosdk/src/rp2_common/pico_stdio/stdio.c.o
                0x000000001000430c                stdio_set_driver_enabled
 .text.stdio_init_all
                0x000000001000433c        0x8 CMakeFiles/main.dir/usr/local/picosdk/src/rp2_common/pico_stdio/stdio.c.o
                0x000000001000433c                stdio_init_all
 .text.__wrap_putchar
                0x0000000010004344       0x98 CMakeFiles/main.dir/usr/local/picosdk/src/rp2_common/pico_stdio/stdio.c.o
                0x0000000010004344                stdio_putchar
                0x0000000010004344                __wrap_putchar
 .text.__wrap_puts
                0x00000000100043dc       0x3c CMakeFiles/main.dir/usr/local/picosdk/src/rp2_common/pico_stdio/stdio.c.o
                0x00000000100043dc                __wrap_puts
                0x00000000100043dc                stdio_puts
 .text.__wrap_vprintf
                0x0000000010004418       0xd4 CMakeFiles/main.dir/usr/local/picosdk/src/rp2_common/pico_stdio/stdio.c.o
                0x0000000010004418                __wrap_vprintf
                0x0000000010004418                stdio_vprintf
 .text.__wrap_printf
                0x00000000100044ec       0x18 CMakeFiles/main.dir/usr/local/picosdk/src/rp2_common/pico_stdio/stdio.c.o
                0x00000000100044ec                stdio_printf
                0x00000000100044ec                __wrap_printf
 .text.resetd_init
                0x0000000010004504        0x4 CMakeFiles/main.dir/usr/local/picosdk/src/rp2_common/pico_stdio_usb/reset_interface.c.o
 .text.resetd_reset
                0x0000000010004508        0xc CMakeFiles/main.dir/usr/local/picosdk/src/rp2_common/pico_stdio_usb/reset_interface.c.o
 .text.resetd_open
                0x0000000010004514       0x28 CMakeFiles/main.dir/usr/local/picosdk/src/rp2_common/pico_stdio_usb/reset_interface.c.o
 .text.resetd_xfer_cb
                0x000000001000453c        0x4 CMakeFiles/main.dir/usr/local/picosdk/src/rp2_common/pico_stdio_usb/reset_interface.c.o
 .text.resetd_control_xfer_cb
                0x0000000010004540       0x5c CMakeFiles/main.dir/usr/local/picosdk/src/rp2_common/pico_stdio_usb/reset_interface.c.o
 .text.tud_descriptor_bos_cb
                0x000000001000459c        0x8 CMakeFiles/main.dir/usr/local/picosdk/src/rp2_common/pico_stdio_usb/reset_interface.c.o
                0x000000001000459c                tud_descriptor_bos_cb
 .text.tud_vendor_control_xfer_cb
                0x00000000100045a4       0x34 CMakeFiles/main.dir/usr/local/picosdk/src/rp2_common/pico_stdio_usb/reset_interface.c.o
                0x00000000100045a4                tud_vendor_control_xfer_cb
 .text.usbd_app_driver_get_cb
                0x00000000100045d8        0xc CMakeFiles/main.dir/usr/local/picosdk/src/rp2_common/pico_stdio_usb/reset_interface.c.o
                0x00000000100045d8                usbd_app_driver_get_cb
 .text.tud_cdc_line_coding_cb
                0x00000000100045e4       0x2c CMakeFiles/main.dir/usr/local/picosdk/src/rp2_common/pico_stdio_usb/reset_interface.c.o
                0x00000000100045e4                tud_cdc_line_coding_cb
 .text.stdio_usb_set_chars_available_callback
                0x0000000010004610       0x14 CMakeFiles/main.dir/usr/local/picosdk/src/rp2_common/pico_stdio_usb/stdio_usb.c.o
                0x0000000010004610                stdio_usb_set_chars_available_callback
 .text.usb_irq  0x0000000010004624       0x10 CMakeFiles/main.dir/usr/local/picosdk/src/rp2_common/pico_stdio_usb/stdio_usb.c.o
 .text.timer_task
                0x0000000010004634       0x64 CMakeFiles/main.dir/usr/local/picosdk/src/rp2_common/pico_stdio_usb/stdio_usb.c.o
 .text.stdio_usb_in_chars
                0x0000000010004698       0x90 CMakeFiles/main.dir/usr/local/picosdk/src/rp2_common/pico_stdio_usb/stdio_usb.c.o
                0x0000000010004698                stdio_usb_in_chars
 .text.stdio_usb_out_flush
                0x0000000010004728       0x50 CMakeFiles/main.dir/usr/local/picosdk/src/rp2_common/pico_stdio_usb/stdio_usb.c.o
 .text.stdio_usb_out_chars
                0x0000000010004778      0x104 CMakeFiles/main.dir/usr/local/picosdk/src/rp2_common/pico_stdio_usb/stdio_usb.c.o
 .text.low_priority_worker_irq
                0x000000001000487c       0xcc CMakeFiles/main.dir/usr/local/picosdk/src/rp2_common/pico_stdio_usb/stdio_usb.c.o
 .text.stdio_usb_init
                0x0000000010004948       0xec CMakeFiles/main.dir/usr/local/picosdk/src/rp2_common/pico_stdio_usb/stdio_usb.c.o
                0x0000000010004948                stdio_usb_init
 .text.tud_descriptor_device_cb
                0x0000000010004a34        0x8 CMakeFiles/main.dir/usr/local/picosdk/src/rp2_common/pico_stdio_usb/stdio_usb_descriptors.c.o
                0x0000000010004a34                tud_descriptor_device_cb
 .text.tud_descriptor_configuration_cb
                0x0000000010004a3c        0x8 CMakeFiles/main.dir/usr/local/picosdk/src/rp2_common/pico_stdio_usb/stdio_usb_descriptors.c.o
                0x0000000010004a3c                tud_descriptor_configuration_cb
 .text.tud_descriptor_string_cb
                0x0000000010004a44       0x78 CMakeFiles/main.dir/usr/local/picosdk/src/rp2_common/pico_stdio_usb/stdio_usb_descriptors.c.o
                0x0000000010004a44                tud_descriptor_string_cb
 .text.startup._retrieve_unique_id_on_boot
                0x0000000010004abc       0x10 CMakeFiles/main.dir/usr/local/picosdk/src/rp2_common/pico_unique_id/unique_id.c.o
 .text.pico_get_unique_board_id_string
                0x0000000010004acc      0x1a8 CMakeFiles/main.dir/usr/local/picosdk/src/rp2_common/pico_unique_id/unique_id.c.o
                0x0000000010004acc                pico_get_unique_board_id_string
 .text.flash_get_unique_id
                0x0000000010004c74       0x40 CMakeFiles/main.dir/usr/local/picosdk/src/rp2_common/hardware_flash/flash.c.o
                0x0000000010004c74                flash_get_unique_id
 .text.dcd_init
                0x0000000010004cb4       0x90 CMakeFiles/main.dir/usr/local/picosdk/lib/tinyusb/src/portable/raspberrypi/rp2040/dcd_rp2040.c.o
                0x0000000010004cb4                dcd_init
 .text.dcd_int_enable
                0x0000000010004d44        0xc CMakeFiles/main.dir/usr/local/picosdk/lib/tinyusb/src/portable/raspberrypi/rp2040/dcd_rp2040.c.o
                0x0000000010004d44                dcd_int_enable
 .text.dcd_set_address
                0x0000000010004d50       0x14 CMakeFiles/main.dir/usr/local/picosdk/lib/tinyusb/src/portable/raspberrypi/rp2040/dcd_rp2040.c.o
                0x0000000010004d50                dcd_set_address
 .text.dcd_sof_enable
                0x0000000010004d64       0x1c CMakeFiles/main.dir/usr/local/picosdk/lib/tinyusb/src/portable/raspberrypi/rp2040/dcd_rp2040.c.o
                0x0000000010004d64                dcd_sof_enable
 .text.dcd_edpt0_status_complete
                0x0000000010004d80       0x1c CMakeFiles/main.dir/usr/local/picosdk/lib/tinyusb/src/portable/raspberrypi/rp2040/dcd_rp2040.c.o
                0x0000000010004d80                dcd_edpt0_status_complete
 .text.dcd_edpt_open
                0x0000000010004d9c      0x114 CMakeFiles/main.dir/usr/local/picosdk/lib/tinyusb/src/portable/raspberrypi/rp2040/dcd_rp2040.c.o
                0x0000000010004d9c                dcd_edpt_open
 .text.dcd_edpt_close_all
                0x0000000010004eb0        0x8 CMakeFiles/main.dir/usr/local/picosdk/lib/tinyusb/src/portable/raspberrypi/rp2040/dcd_rp2040.c.o
                0x0000000010004eb0                dcd_edpt_close_all
 .text.dcd_edpt_xfer
                0x0000000010004eb8       0x24 CMakeFiles/main.dir/usr/local/picosdk/lib/tinyusb/src/portable/raspberrypi/rp2040/dcd_rp2040.c.o
                0x0000000010004eb8                dcd_edpt_xfer
 .text.dcd_edpt_stall
                0x0000000010004edc       0x34 CMakeFiles/main.dir/usr/local/picosdk/lib/tinyusb/src/portable/raspberrypi/rp2040/dcd_rp2040.c.o
                0x0000000010004edc                dcd_edpt_stall
 .text.dcd_edpt_clear_stall
                0x0000000010004f10       0x30 CMakeFiles/main.dir/usr/local/picosdk/lib/tinyusb/src/portable/raspberrypi/rp2040/dcd_rp2040.c.o
                0x0000000010004f10                dcd_edpt_clear_stall
 .text.rp2040_usb_init
                0x0000000010004f40       0x40 CMakeFiles/main.dir/usr/local/picosdk/lib/tinyusb/src/portable/raspberrypi/rp2040/rp2040_usb.c.o
                0x0000000010004f40                rp2040_usb_init
 .text.hw_endpoint_xfer_start
                0x0000000010004f80       0x40 CMakeFiles/main.dir/usr/local/picosdk/lib/tinyusb/src/portable/raspberrypi/rp2040/rp2040_usb.c.o
                0x0000000010004f80                hw_endpoint_xfer_start
 .text.tud_event_hook_cb
                0x0000000010004fc0        0x4 CMakeFiles/main.dir/usr/local/picosdk/lib/tinyusb/src/device/usbd.c.o
                0x0000000010004fc0                tud_event_hook_cb
 .text.tud_sof_cb
                0x0000000010004fc4        0x4 CMakeFiles/main.dir/usr/local/picosdk/lib/tinyusb/src/device/usbd.c.o
                0x0000000010004fc4                tud_sof_cb
 .text.tud_descriptor_device_qualifier_cb
                0x0000000010004fc8        0x4 CMakeFiles/main.dir/usr/local/picosdk/lib/tinyusb/src/device/usbd.c.o
                0x0000000010004fc8                tud_descriptor_device_qualifier_cb
 .text.tud_descriptor_other_speed_configuration_cb
                0x0000000010004fcc        0x4 CMakeFiles/main.dir/usr/local/picosdk/lib/tinyusb/src/device/usbd.c.o
                0x0000000010004fcc                tud_descriptor_other_speed_configuration_cb
 .text.tud_mount_cb
                0x0000000010004fd0        0x4 CMakeFiles/main.dir/usr/local/picosdk/lib/tinyusb/src/device/usbd.c.o
                0x0000000010004fd0                tud_mount_cb
 .text.tud_umount_cb
                0x0000000010004fd4        0x4 CMakeFiles/main.dir/usr/local/picosdk/lib/tinyusb/src/device/usbd.c.o
                0x0000000010004fd4                tud_umount_cb
 .text.tud_suspend_cb
                0x0000000010004fd8        0x4 CMakeFiles/main.dir/usr/local/picosdk/lib/tinyusb/src/device/usbd.c.o
                0x0000000010004fd8                tud_suspend_cb
 .text.tud_resume_cb
                0x0000000010004fdc        0x4 CMakeFiles/main.dir/usr/local/picosdk/lib/tinyusb/src/device/usbd.c.o
                0x0000000010004fdc                tud_resume_cb
 .text.tud_mounted
                0x0000000010004fe0       0x10 CMakeFiles/main.dir/usr/local/picosdk/lib/tinyusb/src/device/usbd.c.o
                0x0000000010004fe0                tud_mounted
 .text.tud_suspended
                0x0000000010004ff0       0x10 CMakeFiles/main.dir/usr/local/picosdk/lib/tinyusb/src/device/usbd.c.o
                0x0000000010004ff0                tud_suspended
 .text.tud_rhport_init
                0x0000000010005000       0xfc CMakeFiles/main.dir/usr/local/picosdk/lib/tinyusb/src/device/usbd.c.o
                0x0000000010005000                tud_rhport_init
 .text.tud_task_ext
                0x00000000100050fc      0x808 CMakeFiles/main.dir/usr/local/picosdk/lib/tinyusb/src/device/usbd.c.o
                0x00000000100050fc                tud_task_ext
 .text.usbd_open_edpt_pair
                0x0000000010005904       0x9c CMakeFiles/main.dir/usr/local/picosdk/lib/tinyusb/src/device/usbd.c.o
                0x0000000010005904                usbd_open_edpt_pair
 .text.usbd_edpt_open
                0x00000000100059a0       0x34 CMakeFiles/main.dir/usr/local/picosdk/lib/tinyusb/src/device/usbd.c.o
                0x00000000100059a0                usbd_edpt_open
 .text.usbd_edpt_claim
                0x00000000100059d4       0x28 CMakeFiles/main.dir/usr/local/picosdk/lib/tinyusb/src/device/usbd.c.o
                0x00000000100059d4                usbd_edpt_claim
 .text.usbd_edpt_release
                0x00000000100059fc       0x28 CMakeFiles/main.dir/usr/local/picosdk/lib/tinyusb/src/device/usbd.c.o
                0x00000000100059fc                usbd_edpt_release
 .text.usbd_edpt_xfer
                0x0000000010005a24       0x4c CMakeFiles/main.dir/usr/local/picosdk/lib/tinyusb/src/device/usbd.c.o
                0x0000000010005a24                usbd_edpt_xfer
 .text.tud_control_status
                0x0000000010005a70       0x2c CMakeFiles/main.dir/usr/local/picosdk/lib/tinyusb/src/device/usbd_control.c.o
                0x0000000010005a70                tud_control_status
 .text.tud_control_xfer
                0x0000000010005a9c       0xac CMakeFiles/main.dir/usr/local/picosdk/lib/tinyusb/src/device/usbd_control.c.o
                0x0000000010005a9c                tud_control_xfer
 .text.usbd_control_reset
                0x0000000010005b48       0x14 CMakeFiles/main.dir/usr/local/picosdk/lib/tinyusb/src/device/usbd_control.c.o
                0x0000000010005b48                usbd_control_reset
 .text.usbd_control_set_complete_callback
                0x0000000010005b5c        0xc CMakeFiles/main.dir/usr/local/picosdk/lib/tinyusb/src/device/usbd_control.c.o
                0x0000000010005b5c                usbd_control_set_complete_callback
 .text.usbd_control_set_request
                0x0000000010005b68       0x1c CMakeFiles/main.dir/usr/local/picosdk/lib/tinyusb/src/device/usbd_control.c.o
                0x0000000010005b68                usbd_control_set_request
 .text.usbd_control_xfer_cb
                0x0000000010005b84       0xec CMakeFiles/main.dir/usr/local/picosdk/lib/tinyusb/src/device/usbd_control.c.o
                0x0000000010005b84                usbd_control_xfer_cb
 .text._prep_out_transaction.isra.0
                0x0000000010005c70       0x6c CMakeFiles/main.dir/usr/local/picosdk/lib/tinyusb/src/class/cdc/cdc_device.c.o
 .text.tud_cdc_n_connected
                0x0000000010005cdc       0x2c CMakeFiles/main.dir/usr/local/picosdk/lib/tinyusb/src/class/cdc/cdc_device.c.o
                0x0000000010005cdc                tud_cdc_n_connected
 .text.tud_cdc_n_available
                0x0000000010005d08       0x14 CMakeFiles/main.dir/usr/local/picosdk/lib/tinyusb/src/class/cdc/cdc_device.c.o
                0x0000000010005d08                tud_cdc_n_available
 .text.tud_cdc_n_read
                0x0000000010005d1c       0x94 CMakeFiles/main.dir/usr/local/picosdk/lib/tinyusb/src/class/cdc/cdc_device.c.o
                0x0000000010005d1c                tud_cdc_n_read
 .text.tud_cdc_n_write_flush
                0x0000000010005db0       0x74 CMakeFiles/main.dir/usr/local/picosdk/lib/tinyusb/src/class/cdc/cdc_device.c.o
                0x0000000010005db0                tud_cdc_n_write_flush
 .text.tud_cdc_n_write
                0x0000000010005e24       0x40 CMakeFiles/main.dir/usr/local/picosdk/lib/tinyusb/src/class/cdc/cdc_device.c.o
                0x0000000010005e24                tud_cdc_n_write
 .text.tud_cdc_n_write_available
                0x0000000010005e64       0x14 CMakeFiles/main.dir/usr/local/picosdk/lib/tinyusb/src/class/cdc/cdc_device.c.o
                0x0000000010005e64                tud_cdc_n_write_available
 .text.cdcd_init
                0x0000000010005e78       0x70 CMakeFiles/main.dir/usr/local/picosdk/lib/tinyusb/src/class/cdc/cdc_device.c.o
                0x0000000010005e78                cdcd_init
 .text.cdcd_deinit
                0x0000000010005ee8       0x30 CMakeFiles/main.dir/usr/local/picosdk/lib/tinyusb/src/class/cdc/cdc_device.c.o
                0x0000000010005ee8                cdcd_deinit
 .text.cdcd_reset
                0x0000000010005f18       0x4c CMakeFiles/main.dir/usr/local/picosdk/lib/tinyusb/src/class/cdc/cdc_device.c.o
                0x0000000010005f18                cdcd_reset
 .text.cdcd_open
                0x0000000010005f64       0xa8 CMakeFiles/main.dir/usr/local/picosdk/lib/tinyusb/src/class/cdc/cdc_device.c.o
                0x0000000010005f64                cdcd_open
 .text.cdcd_control_xfer_cb
                0x000000001000600c       0xe8 CMakeFiles/main.dir/usr/local/picosdk/lib/tinyusb/src/class/cdc/cdc_device.c.o
                0x000000001000600c                cdcd_control_xfer_cb
 .text.cdcd_xfer_cb
                0x00000000100060f4      0x100 CMakeFiles/main.dir/usr/local/picosdk/lib/tinyusb/src/class/cdc/cdc_device.c.o
                0x00000000100060f4                cdcd_xfer_cb
 .text.vendord_init
                0x00000000100061f4       0x5c CMakeFiles/main.dir/usr/local/picosdk/lib/tinyusb/src/class/vendor/vendor_device.c.o
                0x00000000100061f4                vendord_init
 .text.vendord_deinit
                0x0000000010006250       0x1c CMakeFiles/main.dir/usr/local/picosdk/lib/tinyusb/src/class/vendor/vendor_device.c.o
                0x0000000010006250                vendord_deinit
 .text.vendord_reset
                0x000000001000626c       0x28 CMakeFiles/main.dir/usr/local/picosdk/lib/tinyusb/src/class/vendor/vendor_device.c.o
                0x000000001000626c                vendord_reset
 .text.vendord_open
                0x0000000010006294      0x128 CMakeFiles/main.dir/usr/local/picosdk/lib/tinyusb/src/class/vendor/vendor_device.c.o
                0x0000000010006294                vendord_open
 .text.vendord_xfer_cb
                0x00000000100063bc       0x9c CMakeFiles/main.dir/usr/local/picosdk/lib/tinyusb/src/class/vendor/vendor_device.c.o
                0x00000000100063bc                vendord_xfer_cb
 .text.tusb_rhport_init
                0x0000000010006458       0x48 CMakeFiles/main.dir/usr/local/picosdk/lib/tinyusb/src/tusb.c.o
                0x0000000010006458                tusb_rhport_init
 .text.tu_edpt_claim
                0x00000000100064a0       0x50 CMakeFiles/main.dir/usr/local/picosdk/lib/tinyusb/src/tusb.c.o
                0x00000000100064a0                tu_edpt_claim
 .text.tu_edpt_release
                0x00000000100064f0       0x38 CMakeFiles/main.dir/usr/local/picosdk/lib/tinyusb/src/tusb.c.o
                0x00000000100064f0                tu_edpt_release
 .text.tu_edpt_validate
                0x0000000010006528       0x7c CMakeFiles/main.dir/usr/local/picosdk/lib/tinyusb/src/tusb.c.o
                0x0000000010006528                tu_edpt_validate
 .text.tu_edpt_bind_driver
                0x00000000100065a4       0x34 CMakeFiles/main.dir/usr/local/picosdk/lib/tinyusb/src/tusb.c.o
                0x00000000100065a4                tu_edpt_bind_driver
 .text.tu_edpt_stream_init
                0x00000000100065d8       0x6c CMakeFiles/main.dir/usr/local/picosdk/lib/tinyusb/src/tusb.c.o
                0x00000000100065d8                tu_edpt_stream_init
 .text.tu_edpt_stream_deinit
                0x0000000010006644        0x4 CMakeFiles/main.dir/usr/local/picosdk/lib/tinyusb/src/tusb.c.o
                0x0000000010006644                tu_edpt_stream_deinit
 .text.tu_edpt_stream_write_zlp_if_needed
                0x0000000010006648       0x68 CMakeFiles/main.dir/usr/local/picosdk/lib/tinyusb/src/tusb.c.o
                0x0000000010006648                tu_edpt_stream_write_zlp_if_needed
 .text.tu_edpt_stream_write_xfer
                0x00000000100066b0       0x64 CMakeFiles/main.dir/usr/local/picosdk/lib/tinyusb/src/tusb.c.o
                0x00000000100066b0                tu_edpt_stream_write_xfer
 .text.tu_edpt_stream_read_xfer
                0x0000000010006714       0xdc CMakeFiles/main.dir/usr/local/picosdk/lib/tinyusb/src/tusb.c.o
                0x0000000010006714                tu_edpt_stream_read_xfer
 .text.tu_fifo_config
                0x00000000100067f0       0x6c CMakeFiles/main.dir/usr/local/picosdk/lib/tinyusb/src/common/tusb_fifo.c.o
                0x00000000100067f0                tu_fifo_config
 .text.tu_fifo_count
                0x000000001000685c       0x2c CMakeFiles/main.dir/usr/local/picosdk/lib/tinyusb/src/common/tusb_fifo.c.o
                0x000000001000685c                tu_fifo_count
 .text.tu_fifo_empty
                0x0000000010006888       0x10 CMakeFiles/main.dir/usr/local/picosdk/lib/tinyusb/src/common/tusb_fifo.c.o
                0x0000000010006888                tu_fifo_empty
 .text.tu_fifo_remaining
                0x0000000010006898       0x2c CMakeFiles/main.dir/usr/local/picosdk/lib/tinyusb/src/common/tusb_fifo.c.o
                0x0000000010006898                tu_fifo_remaining
 .text.tu_fifo_read
                0x00000000100068c4       0x9c CMakeFiles/main.dir/usr/local/picosdk/lib/tinyusb/src/common/tusb_fifo.c.o
                0x00000000100068c4                tu_fifo_read
 .text.tu_fifo_read_n
                0x0000000010006960       0xe8 CMakeFiles/main.dir/usr/local/picosdk/lib/tinyusb/src/common/tusb_fifo.c.o
                0x0000000010006960                tu_fifo_read_n
 .text.tu_fifo_write
                0x0000000010006a48       0x88 CMakeFiles/main.dir/usr/local/picosdk/lib/tinyusb/src/common/tusb_fifo.c.o
                0x0000000010006a48                tu_fifo_write
 .text.tu_fifo_write_n
                0x0000000010006ad0      0x178 CMakeFiles/main.dir/usr/local/picosdk/lib/tinyusb/src/common/tusb_fifo.c.o
                0x0000000010006ad0                tu_fifo_write_n
 .text.tu_fifo_clear
                0x0000000010006c48       0x40 CMakeFiles/main.dir/usr/local/picosdk/lib/tinyusb/src/common/tusb_fifo.c.o
                0x0000000010006c48                tu_fifo_clear
 .text.tu_fifo_set_overwritable
                0x0000000010006c88       0x48 CMakeFiles/main.dir/usr/local/picosdk/lib/tinyusb/src/common/tusb_fifo.c.o
                0x0000000010006c88                tu_fifo_set_overwritable
 .text.startup.SystemInit
                0x0000000010006cd0       0x14 CMakeFiles/main.dir/usr/local/picosdk/src/rp2_common/cmsis/stub/CMSIS/Device/RP2040/Source/system_RP2040.c.o
                0x0000000010006cd0                SystemInit
 .text.LCD_SetGramScanWay
                0x0000000010006ce4      0x1a4 lib/lcd/liblcd.a(LCD_Driver.c.o)
                0x0000000010006ce4                LCD_SetGramScanWay
 .text.LCD_Init
                0x0000000010006e88     0x175c lib/lcd/liblcd.a(LCD_Driver.c.o)
                0x0000000010006e88                LCD_Init
 .text.LCD_SetWindow
                0x00000000100085e4      0x268 lib/lcd/liblcd.a(LCD_Driver.c.o)
                0x00000000100085e4                LCD_SetWindow
 .text.LCD_SetPointlColor
                0x000000001000884c       0x48 lib/lcd/liblcd.a(LCD_Driver.c.o)
                0x000000001000884c                LCD_SetPointlColor
 .text.LCD_SetArealColor
                0x0000000010008894       0x64 lib/lcd/liblcd.a(LCD_Driver.c.o)
                0x0000000010008894                LCD_SetArealColor
 .text.LCD_Clear
                0x00000000100088f8       0x58 lib/lcd/liblcd.a(LCD_Driver.c.o)
                0x00000000100088f8                LCD_Clear
 .text.TP_Read_ADC_Average
                0x0000000010008950      0x104 lib/lcd/liblcd.a(LCD_Touch.c.o)
 .text.TP_GetAdFac
                0x0000000010008a54       0xe8 lib/lcd/liblcd.a(LCD_Touch.c.o)
                0x0000000010008a54                TP_GetAdFac
 .text.TP_Dialog
                0x0000000010008b3c       0x7c lib/lcd/liblcd.a(LCD_Touch.c.o)
                0x0000000010008b3c                TP_Dialog
 .text.TP_Init  0x0000000010008bb8       0x28 lib/lcd/liblcd.a(LCD_Touch.c.o)
                0x0000000010008bb8                TP_Init
 .text.GUI_DisChar.part.0
                0x0000000010008be0      0x128 lib/lcd/liblcd.a(LCD_GUI.c.o)
 .text.GUI_DrawLine.part.0
                0x0000000010008d08      0x1b8 lib/lcd/liblcd.a(LCD_GUI.c.o)
 .text.GUI_DrawRectangle
                0x0000000010008ec0      0x100 lib/lcd/liblcd.a(LCD_GUI.c.o)
                0x0000000010008ec0                GUI_DrawRectangle
 .text.GUI_DisString_EN
                0x0000000010008fc0       0xa8 lib/lcd/liblcd.a(LCD_GUI.c.o)
                0x0000000010008fc0                GUI_DisString_EN
 .text.DEV_Digital_Write
                0x0000000010009068       0x14 lib/config/libconfig.a(DEV_Config.c.o)
                0x0000000010009068                DEV_Digital_Write
 .text.System_Init
                0x000000001000907c       0x8c lib/config/libconfig.a(DEV_Config.c.o)
                0x000000001000907c                System_Init
 .text.SPI4W_Write_Byte
                0x0000000010009108       0x24 lib/config/libconfig.a(DEV_Config.c.o)
                0x0000000010009108                SPI4W_Write_Byte
 .text.SPI4W_Read_Byte
                0x000000001000912c       0x20 lib/config/libconfig.a(DEV_Config.c.o)
                0x000000001000912c                SPI4W_Read_Byte
 .text.Driver_Delay_ms
                0x000000001000914c        0x8 lib/config/libconfig.a(DEV_Config.c.o)
                0x000000001000914c                Driver_Delay_ms
 .text.Driver_Delay_us
                0x0000000010009154        0x4 lib/config/libconfig.a(DEV_Config.c.o)
                0x0000000010009154                Driver_Delay_us
 .text.atexit   0x0000000010009158       0x10 /usr/lib/gcc/arm-none-eabi/12.2.0/../../../../arm-none-eabi/lib/thumb/v6-m/nofp/libg.a(lib_a-atexit.o)
                0x0000000010009158                atexit
 .text.__libc_fini_array
                0x0000000010009168       0x28 /usr/lib/gcc/arm-none-eabi/12.2.0/../../../../arm-none-eabi/lib/thumb/v6-m/nofp/libg.a(lib_a-fini.o)
                0x0000000010009168                __libc_fini_array
 .text.__retarget_lock_acquire_recursive
                0x0000000010009190        0x4 /usr/lib/gcc/arm-none-eabi/12.2.0/../../../../arm-none-eabi/lib/thumb/v6-m/nofp/libg.a(lib_a-lock.o)
                0x0000000010009190                __retarget_lock_acquire_recursive
 .text.__retarget_lock_release_recursive
                0x0000000010009194        0x4 /usr/lib/gcc/arm-none-eabi/12.2.0/../../../../arm-none-eabi/lib/thumb/v6-m/nofp/libg.a(lib_a-lock.o)
                0x0000000010009194                __retarget_lock_release_recursive
 .text.strlen   0x0000000010009198       0x5c /usr/lib/gcc/arm-none-eabi/12.2.0/../../../../arm-none-eabi/lib/thumb/v6-m/nofp/libg.a(lib_a-strlen-stub.o)
                0x0000000010009198                strlen
 .text.strncpy  0x00000000100091f4       0x60 /usr/lib/gcc/arm-none-eabi/12.2.0/../../../../arm-none-eabi/lib/thumb/v6-m/nofp/libg.a(lib_a-strncpy.o)
                0x00000000100091f4                strncpy
 .text.__register_exitproc
                0x0000000010009254       0xac /usr/lib/gcc/arm-none-eabi/12.2.0/../../../../arm-none-eabi/lib/thumb/v6-m/nofp/libg.a(lib_a-__atexit.o)
                0x0000000010009254                __register_exitproc
 .text.startup.register_fini
                0x0000000010009300       0x18 /usr/lib/gcc/arm-none-eabi/12.2.0/../../../../arm-none-eabi/lib/thumb/v6-m/nofp/libg.a(lib_a-__call_atexit.o)
 *(.fini)
 .fini          0x0000000010009318        0x4 /usr/lib/gcc/arm-none-eabi/12.2.0/thumb/v6-m/nofp/crti.o
                0x0000000010009318                _fini
 *fill*         0x000000001000931c        0x4 
 .fini.__stub   0x0000000010009320       0xe0 linker stubs
 *crtbegin.o(.ctors)
 *crtbegin?.o(.ctors)
 *(EXCLUDE_FILE(*crtend.o *crtend?.o) .ctors)
 *(SORT_BY_NAME(.ctors.*))
 *(.ctors)
 *crtbegin.o(.dtors)
 *crtbegin?.o(.dtors)
 *(EXCLUDE_FILE(*crtend.o *crtend?.o) .dtors)
 *(SORT_BY_NAME(.dtors.*))
 *(.dtors)
                0x0000000010009400                . = ALIGN (0x4)
                0x0000000010009400                PROVIDE (__preinit_array_start = .)
 *(SORT_BY_NAME(.preinit_array.*))
 .preinit_array.00100
                0x0000000010009400        0x4 CMakeFiles/main.dir/usr/local/picosdk/src/rp2_common/pico_runtime_init/runtime_init.c.o
                0x0000000010009400                __pre_init_runtime_init_early_resets
 .preinit_array.00101
                0x0000000010009404        0x4 CMakeFiles/main.dir/usr/local/picosdk/src/rp2_common/pico_runtime_init/runtime_init.c.o
                0x0000000010009404                __pre_init_runtime_init_usb_power_down
 .preinit_array.00275
                0x0000000010009408        0x4 CMakeFiles/main.dir/usr/local/picosdk/src/rp2_common/pico_bit_ops/bit_ops_aeabi.S.o
 .preinit_array.00300
                0x000000001000940c        0x4 CMakeFiles/main.dir/usr/local/picosdk/src/rp2_common/pico_mem_ops/mem_ops_aeabi.S.o
 .preinit_array.00350
                0x0000000010009410        0x4 CMakeFiles/main.dir/usr/local/picosdk/src/rp2_common/pico_double/double_aeabi_rp2040.S.o
 .preinit_array.00350
                0x0000000010009414        0x4 CMakeFiles/main.dir/usr/local/picosdk/src/rp2_common/pico_float/float_aeabi_rp2040.S.o
 .preinit_array.00500
                0x0000000010009418        0x4 CMakeFiles/main.dir/usr/local/picosdk/src/rp2_common/pico_runtime_init/runtime_init.c.o
                0x0000000010009418                __pre_init_runtime_init_clocks
 .preinit_array.00600
                0x000000001000941c        0x4 CMakeFiles/main.dir/usr/local/picosdk/src/rp2_common/pico_runtime_init/runtime_init.c.o
                0x000000001000941c                __pre_init_runtime_init_post_clock_resets
 .preinit_array.00700
                0x0000000010009420        0x4 CMakeFiles/main.dir/usr/local/picosdk/src/rp2_common/pico_runtime_init/runtime_init.c.o
                0x0000000010009420                __pre_init_runtime_init_rp2040_gpio_ie_disable
 .preinit_array.01000
                0x0000000010009424        0x4 CMakeFiles/main.dir/usr/local/picosdk/src/rp2_common/pico_runtime_init/runtime_init.c.o
                0x0000000010009424                __pre_init_runtime_init_spin_locks_reset
 .preinit_array.01100
                0x0000000010009428        0x4 CMakeFiles/main.dir/usr/local/picosdk/src/common/pico_sync/mutex.c.o
                0x0000000010009428                __pre_init_runtime_init_mutex
 .preinit_array.10080
                0x000000001000942c        0x4 CMakeFiles/main.dir/usr/local/picosdk/src/rp2_common/pico_runtime_init/runtime_init.c.o
                0x000000001000942c                __pre_init_runtime_init_install_ram_vector_table
 .preinit_array.11000
                0x0000000010009430        0x4 CMakeFiles/main.dir/usr/local/picosdk/src/common/pico_time/time.c.o
                0x0000000010009430                __pre_init_runtime_init_default_alarm_pool
 .preinit_array.YYYYY
                0x0000000010009434        0x4 CMakeFiles/main.dir/usr/local/picosdk/src/rp2_common/pico_runtime/runtime.c.o
                0x0000000010009434                __pre_init_first_per_core_initializer
 .preinit_array.ZZZZZ.01200
                0x0000000010009438        0x4 CMakeFiles/main.dir/usr/local/picosdk/src/rp2_common/hardware_irq/irq.c.o
                0x0000000010009438                __pre_init_runtime_init_per_core_irq_priorities
 *(.preinit_array)
                0x000000001000943c                PROVIDE (__preinit_array_end = .)
                0x000000001000943c                . = ALIGN (0x4)
                0x000000001000943c                PROVIDE (__init_array_start = .)
 *(SORT_BY_NAME(.init_array.*))
 .init_array.00000
                0x000000001000943c        0x4 /usr/lib/gcc/arm-none-eabi/12.2.0/../../../../arm-none-eabi/lib/thumb/v6-m/nofp/libg.a(lib_a-__call_atexit.o)
 .init_array.01000
                0x0000000010009440        0x4 CMakeFiles/main.dir/usr/local/picosdk/src/rp2_common/pico_unique_id/unique_id.c.o
 *(.init_array)
 .init_array    0x0000000010009444        0x4 /usr/lib/gcc/arm-none-eabi/12.2.0/thumb/v6-m/nofp/crtbegin.o
 .init_array    0x0000000010009448        0x4 CMakeFiles/main.dir/usr/local/picosdk/src/rp2_common/cmsis/stub/CMSIS/Device/RP2040/Source/system_RP2040.c.o
                0x000000001000944c                PROVIDE (__init_array_end = .)
                0x000000001000944c                . = ALIGN (0x4)
                0x000000001000944c                PROVIDE (__fini_array_start = .)
 *(SORT_BY_NAME(.fini_array.*))
 *(.fini_array)
                0x000000001000944c                PROVIDE (__fini_array_end = .)
 *(.eh_frame*)
 .eh_frame      0x000000001000944c        0x0 /usr/lib/gcc/arm-none-eabi/12.2.0/thumb/v6-m/nofp/crtbegin.o
                0x000000001000944c                . = ALIGN (0x4)

.glue_7         0x000000001000944c        0x0
 .glue_7        0x000000001000944c        0x0 linker stubs

.glue_7t        0x000000001000944c        0x0
 .glue_7t       0x000000001000944c        0x0 linker stubs

.vfp11_veneer   0x000000001000944c        0x0
 .vfp11_veneer  0x000000001000944c        0x0 linker stubs

.v4_bx          0x000000001000944c        0x0
 .v4_bx         0x000000001000944c        0x0 linker stubs

.iplt           0x000000001000944c        0x0
 .iplt          0x000000001000944c        0x0 /usr/lib/gcc/arm-none-eabi/12.2.0/thumb/v6-m/nofp/crtbegin.o

.rodata         0x0000000010009450     0x1438
 *(EXCLUDE_FILE(*libm.a: *libc.a:*lib_a-mem*.o *libgcc.a:) .rodata*)
 .rodata.main.str1.4
                0x0000000010009450       0x15 CMakeFiles/main.dir/main.c.o
 *fill*         0x0000000010009465        0x3 
 .rodata.bit_map
                0x0000000010009468       0x40 CMakeFiles/main.dir/main.c.o
                0x0000000010009468                bit_map
 .rodata.m_Crc7Table
                0x00000000100094a8      0x100 CMakeFiles/main.dir/lib/sd_card/src/crc.c.o
                0x00000000100094a8                m_Crc7Table
 .rodata.sd_write_async.str1.4
                0x00000000100095a8       0x76 CMakeFiles/main.dir/lib/sd_card/sd_utils.c.o
 *fill*         0x000000001000961e        0x2 
 .rodata.panic.str1.4
                0x0000000010009620       0x10 CMakeFiles/main.dir/usr/local/picosdk/src/rp2_common/pico_platform_panic/panic.c.o
                                         0x12 (size before relaxing)
 .rodata.spin_lock_claim_unused.str1.4
                0x0000000010009630       0x1b CMakeFiles/main.dir/usr/local/picosdk/src/rp2_common/hardware_sync/sync.c.o
 *fill*         0x000000001000964b        0x1 
 .rodata.user_irq_claim_unused.str1.4
                0x000000001000964c       0x1b CMakeFiles/main.dir/usr/local/picosdk/src/rp2_common/hardware_irq/irq.c.o
 *fill*         0x0000000010009667        0x1 
 .rodata.timer_hardware_alarm_claim.str1.4
                0x0000000010009668       0x22 CMakeFiles/main.dir/usr/local/picosdk/src/rp2_common/hardware_timer/timer.c.o
 *fill*         0x000000001000968a        0x2 
 .rodata.hard_assertion_failure.str1.4
                0x000000001000968c        0xc CMakeFiles/main.dir/usr/local/picosdk/src/rp2_common/pico_runtime/runtime.c.o
 .rodata.str1.4
                0x0000000010009698       0x3c CMakeFiles/main.dir/usr/local/picosdk/src/rp2_common/pico_standard_binary_info/standard_binary_info.c.o
 .rodata.__bi_84
                0x00000000100096d4        0xc CMakeFiles/main.dir/usr/local/picosdk/src/rp2_common/pico_standard_binary_info/standard_binary_info.c.o
 .rodata.__bi_78
                0x00000000100096e0        0xc CMakeFiles/main.dir/usr/local/picosdk/src/rp2_common/pico_standard_binary_info/standard_binary_info.c.o
 .rodata.__bi_54
                0x00000000100096ec        0xc CMakeFiles/main.dir/usr/local/picosdk/src/rp2_common/pico_standard_binary_info/standard_binary_info.c.o
 .rodata.__bi_48
                0x00000000100096f8        0xc CMakeFiles/main.dir/usr/local/picosdk/src/rp2_common/pico_standard_binary_info/standard_binary_info.c.o
 .rodata.__bi_42
                0x0000000010009704        0xc CMakeFiles/main.dir/usr/local/picosdk/src/rp2_common/pico_standard_binary_info/standard_binary_info.c.o
 .rodata.__bi_34
                0x0000000010009710        0xc CMakeFiles/main.dir/usr/local/picosdk/src/rp2_common/pico_standard_binary_info/standard_binary_info.c.o
 .rodata.__bi_26
                0x000000001000971c        0xc CMakeFiles/main.dir/usr/local/picosdk/src/rp2_common/pico_standard_binary_info/standard_binary_info.c.o
 .rodata._ftoa.str1.4
                0x0000000010009728       0x15 CMakeFiles/main.dir/usr/local/picosdk/src/rp2_common/pico_printf/printf.c.o
 *fill*         0x000000001000973d        0x3 
 .rodata._vsnprintf
                0x0000000010009740      0x19c CMakeFiles/main.dir/usr/local/picosdk/src/rp2_common/pico_printf/printf.c.o
 *fill*         0x00000000100098dc        0x4 
 .rodata.pow10.0
                0x00000000100098e0       0x50 CMakeFiles/main.dir/usr/local/picosdk/src/rp2_common/pico_printf/printf.c.o
 .rodata.crlf_str.0
                0x0000000010009930        0x2 CMakeFiles/main.dir/usr/local/picosdk/src/rp2_common/pico_stdio/stdio.c.o
 *fill*         0x0000000010009932        0x2 
 .rodata._resetd_driver
                0x0000000010009934       0x20 CMakeFiles/main.dir/usr/local/picosdk/src/rp2_common/pico_stdio_usb/reset_interface.c.o
 .rodata.desc_ms_os_20
                0x0000000010009954       0xa6 CMakeFiles/main.dir/usr/local/picosdk/src/rp2_common/pico_stdio_usb/reset_interface.c.o
 *fill*         0x00000000100099fa        0x2 
 .rodata.desc_bos
                0x00000000100099fc       0x21 CMakeFiles/main.dir/usr/local/picosdk/src/rp2_common/pico_stdio_usb/reset_interface.c.o
                0x00000000100099fc                desc_bos
 *fill*         0x0000000010009a1d        0x3 
 .rodata.str1.4
                0x0000000010009a20       0x13 CMakeFiles/main.dir/usr/local/picosdk/src/rp2_common/pico_stdio_usb/stdio_usb.c.o
 *fill*         0x0000000010009a33        0x1 
 .rodata.__bi_202.0
                0x0000000010009a34        0xc CMakeFiles/main.dir/usr/local/picosdk/src/rp2_common/pico_stdio_usb/stdio_usb.c.o
 .rodata.str1.4
                0x0000000010009a40       0x2a CMakeFiles/main.dir/usr/local/picosdk/src/rp2_common/pico_stdio_usb/stdio_usb_descriptors.c.o
 *fill*         0x0000000010009a6a        0x2 
 .rodata.usbd_desc_str
                0x0000000010009a6c       0x18 CMakeFiles/main.dir/usr/local/picosdk/src/rp2_common/pico_stdio_usb/stdio_usb_descriptors.c.o
 .rodata.usbd_desc_cfg
                0x0000000010009a84       0x54 CMakeFiles/main.dir/usr/local/picosdk/src/rp2_common/pico_stdio_usb/stdio_usb_descriptors.c.o
 .rodata.usbd_desc_device
                0x0000000010009ad8       0x12 CMakeFiles/main.dir/usr/local/picosdk/src/rp2_common/pico_stdio_usb/stdio_usb_descriptors.c.o
 *fill*         0x0000000010009aea        0x2 
 .rodata.str1.4
                0x0000000010009aec       0x14 CMakeFiles/main.dir/usr/local/picosdk/lib/tinyusb/src/portable/raspberrypi/rp2040/dcd_rp2040.c.o
 .rodata.str1.4
                0x0000000010009b00       0x48 CMakeFiles/main.dir/usr/local/picosdk/lib/tinyusb/src/portable/raspberrypi/rp2040/rp2040_usb.c.o
 .rodata.tud_task_ext
                0x0000000010009b48       0x8c CMakeFiles/main.dir/usr/local/picosdk/lib/tinyusb/src/device/usbd.c.o
 .rodata        0x0000000010009bd4       0x1c CMakeFiles/main.dir/usr/local/picosdk/lib/tinyusb/src/device/usbd.c.o
 .rodata._usbd_driver
                0x0000000010009bf0       0x40 CMakeFiles/main.dir/usr/local/picosdk/lib/tinyusb/src/device/usbd.c.o
 .rodata.CSWTCH.21
                0x0000000010009c30       0x10 lib/lcd/liblcd.a(LCD_Driver.c.o)
 .rodata.CSWTCH.20
                0x0000000010009c40       0x10 lib/lcd/liblcd.a(LCD_Driver.c.o)
 .rodata.TP_GetAdFac.str1.4
                0x0000000010009c50       0x43 lib/lcd/liblcd.a(LCD_Touch.c.o)
 *fill*         0x0000000010009c93        0x1 
 .rodata.TP_Dialog.str1.4
                0x0000000010009c94        0xd lib/lcd/liblcd.a(LCD_Touch.c.o)
 *fill*         0x0000000010009ca1        0x3 
 .rodata        0x0000000010009ca4      0xbe0 lib/font/libfont.a(font16.c.o)
                0x0000000010009ca4                Font16_Table
 .rodata._global_impure_ptr
                0x000000001000a884        0x4 /usr/lib/gcc/arm-none-eabi/12.2.0/../../../../arm-none-eabi/lib/thumb/v6-m/nofp/libg.a(lib_a-impure.o)
                0x000000001000a884                _global_impure_ptr
                0x000000001000a888                . = ALIGN (0x4)
 *(SORT_BY_ALIGNMENT(SORT_BY_NAME(.flashdata*)))
                0x000000001000a888                . = ALIGN (0x4)

.ARM.extab
 *(.ARM.extab* .gnu.linkonce.armextab.*)
                0x000000001000a888                __exidx_start = .

.ARM.exidx
 *(.ARM.exidx* .gnu.linkonce.armexidx.*)
                0x000000001000a888                __exidx_end = .
                0x000000001000a888                . = ALIGN (0x4)
                0x000000001000a888                __binary_info_start = .

.binary_info    0x000000001000a888       0x20
 *(.binary_info.keep.*)
 .binary_info.keep.__bi_ptr84
                0x000000001000a888        0x4 CMakeFiles/main.dir/usr/local/picosdk/src/rp2_common/pico_standard_binary_info/standard_binary_info.c.o
 .binary_info.keep.__bi_ptr78
                0x000000001000a88c        0x4 CMakeFiles/main.dir/usr/local/picosdk/src/rp2_common/pico_standard_binary_info/standard_binary_info.c.o
 .binary_info.keep.__bi_ptr54
                0x000000001000a890        0x4 CMakeFiles/main.dir/usr/local/picosdk/src/rp2_common/pico_standard_binary_info/standard_binary_info.c.o
 .binary_info.keep.__bi_ptr48
                0x000000001000a894        0x4 CMakeFiles/main.dir/usr/local/picosdk/src/rp2_common/pico_standard_binary_info/standard_binary_info.c.o
 .binary_info.keep.__bi_ptr42
                0x000000001000a898        0x4 CMakeFiles/main.dir/usr/local/picosdk/src/rp2_common/pico_standard_binary_info/standard_binary_info.c.o
 .binary_info.keep.__bi_ptr34
                0x000000001000a89c        0x4 CMakeFiles/main.dir/usr/local/picosdk/src/rp2_common/pico_standard_binary_info/standard_binary_info.c.o
 .binary_info.keep.__bi_ptr26
                0x000000001000a8a0        0x4 CMakeFiles/main.dir/usr/local/picosdk/src/rp2_common/pico_standard_binary_info/standard_binary_info.c.o
 *(.binary_info.*)
 .binary_info.__bi_ptr202
                0x000000001000a8a4        0x4 CMakeFiles/main.dir/usr/local/picosdk/src/rp2_common/pico_stdio_usb/stdio_usb.c.o
                0x000000001000a8a8                __binary_info_end = .
                0x000000001000a8a8                . = ALIGN (0x4)

.ram_vector_table
                0x0000000020000000       0xc0
 *(.ram_vector_table)
 .ram_vector_table
                0x0000000020000000       0xc0 CMakeFiles/main.dir/usr/local/picosdk/src/rp2_common/pico_runtime_init/runtime_init.c.o
                0x0000000020000000                ram_vector_table

.uninitialized_data
                0x00000000200000c0       0x78
                0x00000000200000c0                . = ALIGN (0x4)
 *(.uninitialized_data*)
 .uninitialized_data
                0x00000000200000c0       0x78 CMakeFiles/main.dir/lib/sd_card/src/crash.c.o

.data           0x0000000020000140     0x14ec load address 0x000000001000a8a8
                0x0000000020000140                __data_start__ = .
 *(vtable)
 *(.time_critical*)
 .time_critical.mutex_enter_blocking
                0x0000000020000140       0x48 CMakeFiles/main.dir/usr/local/picosdk/src/common/pico_sync/mutex.c.o
                0x0000000020000140                mutex_enter_blocking
 .time_critical.mutex_try_enter
                0x0000000020000188       0x40 CMakeFiles/main.dir/usr/local/picosdk/src/common/pico_sync/mutex.c.o
                0x0000000020000188                mutex_try_enter
 .time_critical.mutex_try_enter_block_until
                0x00000000200001c8       0x9c CMakeFiles/main.dir/usr/local/picosdk/src/common/pico_sync/mutex.c.o
                0x00000000200001c8                mutex_try_enter_block_until
 .time_critical.mutex_enter_timeout_ms
                0x0000000020000264       0x90 CMakeFiles/main.dir/usr/local/picosdk/src/common/pico_sync/mutex.c.o
                0x0000000020000264                mutex_enter_timeout_ms
 .time_critical.mutex_exit
                0x00000000200002f4       0x28 CMakeFiles/main.dir/usr/local/picosdk/src/common/pico_sync/mutex.c.o
                0x00000000200002f4                mutex_exit
 .time_critical.spi_write_read_blocking
                0x000000002000031c       0x78 CMakeFiles/main.dir/usr/local/picosdk/src/rp2_common/hardware_spi/spi.c.o
                0x000000002000031c                spi_write_read_blocking
 .time_critical.flash_init_boot2_copyout
                0x0000000020000394       0x30 CMakeFiles/main.dir/usr/local/picosdk/src/rp2_common/hardware_flash/flash.c.o
 .time_critical.flash_enable_xip_via_boot2
                0x00000000200003c4        0xc CMakeFiles/main.dir/usr/local/picosdk/src/rp2_common/hardware_flash/flash.c.o
 .time_critical.flash_save_hardware_state
                0x00000000200003d0       0x20 CMakeFiles/main.dir/usr/local/picosdk/src/rp2_common/hardware_flash/flash.c.o
 .time_critical.flash_restore_hardware_state
                0x00000000200003f0       0x20 CMakeFiles/main.dir/usr/local/picosdk/src/rp2_common/hardware_flash/flash.c.o
 .time_critical.flash_cs_force
                0x0000000020000410       0x38 CMakeFiles/main.dir/usr/local/picosdk/src/rp2_common/hardware_flash/flash.c.o
 .time_critical.flash_do_cmd
                0x0000000020000448       0xd0 CMakeFiles/main.dir/usr/local/picosdk/src/rp2_common/hardware_flash/flash.c.o
                0x0000000020000448                flash_do_cmd
 .time_critical.reset_non_control_endpoints
                0x0000000020000518       0x68 CMakeFiles/main.dir/usr/local/picosdk/lib/tinyusb/src/portable/raspberrypi/rp2040/dcd_rp2040.c.o
 .time_critical.hw_handle_buff_status
                0x0000000020000580       0x98 CMakeFiles/main.dir/usr/local/picosdk/lib/tinyusb/src/portable/raspberrypi/rp2040/dcd_rp2040.c.o
 .time_critical.dcd_rp2040_irq
                0x0000000020000618      0x550 CMakeFiles/main.dir/usr/local/picosdk/lib/tinyusb/src/portable/raspberrypi/rp2040/dcd_rp2040.c.o
 .time_critical.prepare_ep_buffer
                0x0000000020000b68       0xe0 CMakeFiles/main.dir/usr/local/picosdk/lib/tinyusb/src/portable/raspberrypi/rp2040/rp2040_usb.c.o
 .time_critical.sync_ep_buffer
                0x0000000020000c48       0xa8 CMakeFiles/main.dir/usr/local/picosdk/lib/tinyusb/src/portable/raspberrypi/rp2040/rp2040_usb.c.o
 .time_critical._hw_endpoint_xfer_sync
                0x0000000020000cf0       0x28 CMakeFiles/main.dir/usr/local/picosdk/lib/tinyusb/src/portable/raspberrypi/rp2040/rp2040_usb.c.o
 .time_critical.e15_is_bulkin_ep
                0x0000000020000d18       0x28 CMakeFiles/main.dir/usr/local/picosdk/lib/tinyusb/src/portable/raspberrypi/rp2040/rp2040_usb.c.o
 .time_critical.e15_is_critical_frame_period
                0x0000000020000d40       0x34 CMakeFiles/main.dir/usr/local/picosdk/lib/tinyusb/src/portable/raspberrypi/rp2040/rp2040_usb.c.o
 .time_critical.hw_endpoint_reset_transfer
                0x0000000020000d74        0xc CMakeFiles/main.dir/usr/local/picosdk/lib/tinyusb/src/portable/raspberrypi/rp2040/rp2040_usb.c.o
                0x0000000020000d74                hw_endpoint_reset_transfer
 .time_critical._hw_endpoint_buffer_control_update32
                0x0000000020000d80       0x50 CMakeFiles/main.dir/usr/local/picosdk/lib/tinyusb/src/portable/raspberrypi/rp2040/rp2040_usb.c.o
                0x0000000020000d80                _hw_endpoint_buffer_control_update32
 .time_critical.hw_endpoint_start_next_buffer
                0x0000000020000dd0       0x6c CMakeFiles/main.dir/usr/local/picosdk/lib/tinyusb/src/portable/raspberrypi/rp2040/rp2040_usb.c.o
                0x0000000020000dd0                hw_endpoint_start_next_buffer
 .time_critical.hw_endpoint_xfer_continue
                0x0000000020000e3c       0x40 CMakeFiles/main.dir/usr/local/picosdk/lib/tinyusb/src/portable/raspberrypi/rp2040/rp2040_usb.c.o
                0x0000000020000e3c                hw_endpoint_xfer_continue
 .time_critical.tinyusb
                0x0000000020000e7c      0x1e4 CMakeFiles/main.dir/usr/local/picosdk/lib/tinyusb/src/device/usbd.c.o
                0x0000000020000e7c                dcd_event_handler
 *(.text*)
 .text          0x0000000020001060        0x4 /usr/lib/gcc/arm-none-eabi/12.2.0/thumb/v6-m/nofp/libgcc.a(_dvmd_tls.o)
                0x0000000020001060                __aeabi_ldiv0
                0x0000000020001060                __aeabi_idiv0
 *fill*         0x0000000020001064        0x4 
 .text.__stub   0x0000000020001068       0x80 linker stubs
                0x00000000200010e8                . = ALIGN (0x4)
 *(.rodata*)
                0x00000000200010e8                . = ALIGN (0x4)
 *(.data*)
 .data.striped_spin_lock_num
                0x00000000200010e8        0x1 CMakeFiles/main.dir/usr/local/picosdk/src/rp2_common/hardware_sync/sync.c.o
 *fill*         0x00000000200010e9        0x3 
 .data          0x00000000200010ec       0x78 CMakeFiles/main.dir/usr/local/picosdk/src/rp2_common/hardware_irq/irq_handler_chain.S.o
                0x00000000200010ec                irq_handler_chain_slots
                0x000000002000114c                irq_handler_chain_first_slot
                0x0000000020001156                irq_handler_chain_remove_tail
 .data.default_alarm_pool
                0x0000000020001164       0x18 CMakeFiles/main.dir/usr/local/picosdk/src/common/pico_time/time.c.o
 *fill*         0x000000002000117c        0x4 
 .data.aeabi_bits_funcs
                0x0000000020001180       0x10 CMakeFiles/main.dir/usr/local/picosdk/src/rp2_common/pico_bit_ops/bit_ops_aeabi.S.o
                0x0000000020001180                aeabi_bits_funcs
                0x0000000020001190                aeabi_bits_funcs_end
 .data.aeabi_mem_funcs
                0x0000000020001190       0x10 CMakeFiles/main.dir/usr/local/picosdk/src/rp2_common/pico_mem_ops/mem_ops_aeabi.S.o
                0x0000000020001190                aeabi_mem_funcs
                0x00000000200011a0                aeabi_mem_funcs_end
 .data.stdio_usb
                0x00000000200011a0       0x18 CMakeFiles/main.dir/usr/local/picosdk/src/rp2_common/pico_stdio_usb/stdio_usb.c.o
                0x00000000200011a0                stdio_usb
 .data._usbd_qdef
                0x00000000200011b8       0x1c CMakeFiles/main.dir/usr/local/picosdk/lib/tinyusb/src/device/usbd.c.o
                0x00000000200011b8                _usbd_qdef
 .data._usbd_rhport
                0x00000000200011d4        0x1 CMakeFiles/main.dir/usr/local/picosdk/lib/tinyusb/src/device/usbd.c.o
 *fill*         0x00000000200011d5        0x3 
 .data          0x00000000200011d8        0x8 lib/font/libfont.a(font16.c.o)
                0x00000000200011d8                Font16
 .data.impure_data
                0x00000000200011e0      0x428 /usr/lib/gcc/arm-none-eabi/12.2.0/../../../../arm-none-eabi/lib/thumb/v6-m/nofp/libg.a(lib_a-impure.o)
 .data.__atexit_recursive_mutex
                0x0000000020001608        0x4 /usr/lib/gcc/arm-none-eabi/12.2.0/../../../../arm-none-eabi/lib/thumb/v6-m/nofp/libg.a(lib_a-__call_atexit.o)
                0x0000000020001608                __atexit_recursive_mutex
                0x000000002000160c                . = ALIGN (0x4)
 *(.after_data.*)
                0x000000002000160c                . = ALIGN (0x4)
                0x000000002000160c                PROVIDE (__mutex_array_start = .)
 *(SORT_BY_NAME(.mutex_array.*))
 *(.mutex_array)
 .mutex_array   0x000000002000160c        0x8 CMakeFiles/main.dir/lib/sd_card/sd_driver/sd_card.c.o
 .mutex_array   0x0000000020001614        0x8 CMakeFiles/main.dir/lib/sd_card/sd_driver/SPI/my_spi.c.o
 .mutex_array   0x000000002000161c        0x8 CMakeFiles/main.dir/usr/local/picosdk/src/rp2_common/pico_malloc/malloc.c.o
 .mutex_array   0x0000000020001624        0x8 CMakeFiles/main.dir/usr/local/picosdk/src/rp2_common/pico_stdio/stdio.c.o
                0x000000002000162c                PROVIDE (__mutex_array_end = .)
                0x000000002000162c                . = ALIGN (0x4)
 *(.jcr)
                0x000000002000162c                . = ALIGN (0x4)

.igot.plt       0x000000002000162c        0x0 load address 0x000000001000bd94
 .igot.plt      0x000000002000162c        0x0 /usr/lib/gcc/arm-none-eabi/12.2.0/thumb/v6-m/nofp/crtbegin.o

.tdata          0x000000002000162c        0x0 load address 0x000000001000bd94
                0x000000002000162c                . = ALIGN (0x4)
 *(.tdata .tdata.* .gnu.linkonce.td.*)
                0x000000002000162c                __tdata_end = .
                0x000000002000162c                PROVIDE (__data_end__ = .)
                0x000000001000a8a8                __etext = LOADADDR (.data)

.tbss           0x000000002000162c        0x0 load address 0x000000001000bd94
                0x000000002000162c                . = ALIGN (0x4)
                0x000000002000162c                __bss_start__ = .
                0x000000002000162c                __tls_base = .
 *(.tbss .tbss.* .gnu.linkonce.tb.*)
 *(.tcommon)
                0x000000002000162c                __tls_end = .

.bss            0x0000000020001630    0x241cc load address 0x000000001000bd94
                0x0000000020001630                . = ALIGN (0x4)
                0x0000000020001630                __tbss_end = .
 *(SORT_BY_ALIGNMENT(SORT_BY_NAME(.bss*)))
 .bss.default_alarm_pool_entries
                0x0000000020001630      0x180 CMakeFiles/main.dir/usr/local/picosdk/src/common/pico_time/time.c.o
 .bss.epochtime
                0x00000000200017b0        0x8 CMakeFiles/main.dir/lib/sd_card/src/my_rtc.c.o
                0x00000000200017b0                epochtime
 .bss.last_avail_time.1
                0x00000000200017b8        0x8 CMakeFiles/main.dir/usr/local/picosdk/src/rp2_common/pico_stdio_usb/stdio_usb.c.o
 .bss.sd_table  0x00000000200017c0      0x100 CMakeFiles/main.dir/usr/local/picosdk/src/rp2_common/pico_double/double_init_rom_rp2040.c.o
                0x00000000200017c0                sd_table
 .bss.sf_table  0x00000000200018c0      0x100 CMakeFiles/main.dir/usr/local/picosdk/src/rp2_common/pico_float/float_init_rom_rp2040.c.o
                0x00000000200018c0                sf_table
 .bss.SystemCoreClock
                0x00000000200019c0        0x4 CMakeFiles/main.dir/usr/local/picosdk/src/rp2_common/cmsis/stub/CMSIS/Device/RP2040/Source/system_RP2040.c.o
                0x00000000200019c0                SystemCoreClock
 .bss.__lock___atexit_recursive_mutex
                0x00000000200019c4        0x1 /usr/lib/gcc/arm-none-eabi/12.2.0/../../../../arm-none-eabi/lib/thumb/v6-m/nofp/libg.a(lib_a-lock.o)
                0x00000000200019c4                __lock___atexit_recursive_mutex
 *fill*         0x00000000200019c5        0x3 
 .bss._app_driver
                0x00000000200019c8        0x4 CMakeFiles/main.dir/usr/local/picosdk/lib/tinyusb/src/device/usbd.c.o
 .bss._cdcd_epbuf
                0x00000000200019cc       0x80 CMakeFiles/main.dir/usr/local/picosdk/lib/tinyusb/src/class/cdc/cdc_device.c.o
 .bss._cdcd_fifo_cfg
                0x0000000020001a4c        0x1 CMakeFiles/main.dir/usr/local/picosdk/lib/tinyusb/src/class/cdc/cdc_device.c.o
 *fill*         0x0000000020001a4d        0x3 
 .bss._cdcd_itf
                0x0000000020001a50       0xc8 CMakeFiles/main.dir/usr/local/picosdk/lib/tinyusb/src/class/cdc/cdc_device.c.o
 .bss._ctrl_epbuf
                0x0000000020001b18       0x40 CMakeFiles/main.dir/usr/local/picosdk/lib/tinyusb/src/device/usbd_control.c.o
 .bss._ctrl_xfer
                0x0000000020001b58       0x14 CMakeFiles/main.dir/usr/local/picosdk/lib/tinyusb/src/device/usbd_control.c.o
 .bss._tusb_rhport_role
                0x0000000020001b6c        0x2 CMakeFiles/main.dir/usr/local/picosdk/lib/tinyusb/src/tusb.c.o
                0x0000000020001b6c                _tusb_rhport_role
 *fill*         0x0000000020001b6e        0x2 
 .bss._ubsd_mutexdef
                0x0000000020001b70        0x8 CMakeFiles/main.dir/usr/local/picosdk/lib/tinyusb/src/device/usbd.c.o
 .bss._usbd_dev
                0x0000000020001b78       0x54 CMakeFiles/main.dir/usr/local/picosdk/lib/tinyusb/src/device/usbd.c.o
 .bss._usbd_mutex
                0x0000000020001bcc        0x4 CMakeFiles/main.dir/usr/local/picosdk/lib/tinyusb/src/device/usbd.c.o
 .bss._usbd_q   0x0000000020001bd0        0x4 CMakeFiles/main.dir/usr/local/picosdk/lib/tinyusb/src/device/usbd.c.o
 .bss._usbd_qdef_buf
                0x0000000020001bd4       0xc0 CMakeFiles/main.dir/usr/local/picosdk/lib/tinyusb/src/device/usbd.c.o
                0x0000000020001bd4                _usbd_qdef_buf
 .bss._vendord_epbuf
                0x0000000020001c94       0x80 CMakeFiles/main.dir/usr/local/picosdk/lib/tinyusb/src/class/vendor/vendor_device.c.o
 .bss._vendord_itf
                0x0000000020001d14      0x24c CMakeFiles/main.dir/usr/local/picosdk/lib/tinyusb/src/class/vendor/vendor_device.c.o
 .bss.bitmap_mutex
                0x0000000020001f60        0x8 CMakeFiles/main.dir/lib/sd_card/sd_utils.c.o
 .bss.boot2_copyout
                0x0000000020001f68      0x100 CMakeFiles/main.dir/usr/local/picosdk/src/rp2_common/hardware_flash/flash.c.o
 .bss.chars_available_callback
                0x0000000020002068        0x4 CMakeFiles/main.dir/usr/local/picosdk/src/rp2_common/pico_stdio_usb/stdio_usb.c.o
 .bss.chars_available_param
                0x000000002000206c        0x4 CMakeFiles/main.dir/usr/local/picosdk/src/rp2_common/pico_stdio_usb/stdio_usb.c.o
 .bss.claimed   0x0000000020002070        0x4 CMakeFiles/main.dir/usr/local/picosdk/src/rp2_common/hardware_sync/sync.c.o
 .bss.claimed   0x0000000020002074        0x1 CMakeFiles/main.dir/usr/local/picosdk/src/rp2_common/hardware_timer/timer.c.o
 *fill*         0x0000000020002075        0x3 
 .bss.configured_freq
                0x0000000020002078       0x28 CMakeFiles/main.dir/usr/local/picosdk/src/rp2_common/hardware_clocks/clocks.c.o
 .bss.desc_str.0
                0x00000000200020a0       0x28 CMakeFiles/main.dir/usr/local/picosdk/src/rp2_common/pico_stdio_usb/stdio_usb_descriptors.c.o
 .bss.drivers   0x00000000200020c8        0x4 CMakeFiles/main.dir/usr/local/picosdk/src/rp2_common/pico_stdio/stdio.c.o
 .bss.e15_last_sof
                0x00000000200020cc        0x4 CMakeFiles/main.dir/usr/local/picosdk/lib/tinyusb/src/portable/raspberrypi/rp2040/rp2040_usb.c.o
                0x00000000200020cc                e15_last_sof
 .bss.filter    0x00000000200020d0        0x4 CMakeFiles/main.dir/usr/local/picosdk/src/rp2_common/pico_stdio/stdio.c.o
 .bss.hw_endpoints
                0x00000000200020d4      0x400 CMakeFiles/main.dir/usr/local/picosdk/lib/tinyusb/src/portable/raspberrypi/rp2040/dcd_rp2040.c.o
 .bss.lazy_vsnprintf
                0x00000000200024d4        0x4 CMakeFiles/main.dir/usr/local/picosdk/src/rp2_common/pico_printf/printf.c.o
 .bss.load_value
                0x00000000200024d8        0x4 CMakeFiles/main.dir/usr/local/picosdk/src/rp2_common/hardware_watchdog/watchdog.c.o
 .bss.next_buffer_ptr
                0x00000000200024dc        0x4 CMakeFiles/main.dir/usr/local/picosdk/lib/tinyusb/src/portable/raspberrypi/rp2040/dcd_rp2040.c.o
 .bss.object.0  0x00000000200024e0       0x18 /usr/lib/gcc/arm-none-eabi/12.2.0/thumb/v6-m/nofp/crtbegin.o
 .bss.one_shot_timer_crit_sec
                0x00000000200024f8        0x8 CMakeFiles/main.dir/usr/local/picosdk/src/rp2_common/pico_stdio_usb/stdio_usb.c.o
 .bss.pools     0x0000000020002500       0x10 CMakeFiles/main.dir/usr/local/picosdk/src/common/pico_time/time.c.o
 .bss.retrieved_id
                0x0000000020002510        0x8 CMakeFiles/main.dir/usr/local/picosdk/src/rp2_common/pico_unique_id/unique_id.c.o
 .bss.sDrawShadow
                0x0000000020002518    0x10680 lib/lcd/liblcd.a(LCD_Touch.c.o)
 .bss.sLCD_DIS  0x0000000020012b98        0xa lib/lcd/liblcd.a(LCD_Driver.c.o)
                0x0000000020012b98                sLCD_DIS
 *fill*         0x0000000020012ba2        0x2 
 .bss.sTP_DEV   0x0000000020012ba4       0x1c lib/lcd/liblcd.a(LCD_Touch.c.o)
 .bss.sd_command_queue
                0x0000000020012bc0       0x10 CMakeFiles/main.dir/lib/sd_card/sd_utils.c.o
 .bss.sf_clz_func
                0x0000000020012bd0        0x4 CMakeFiles/main.dir/usr/local/picosdk/src/rp2_common/pico_double/double_init_rom_rp2040.c.o
                0x0000000020012bd0                sf_clz_func
 .bss.shared_bitmap_buffer
                0x0000000020012bd4    0x12c00 CMakeFiles/main.dir/lib/sd_card/sd_utils.c.o
 .bss.sleep_notifier
                0x00000000200257d4        0x4 CMakeFiles/main.dir/usr/local/picosdk/src/common/pico_time/time.c.o
 .bss.stdio_usb_mutex
                0x00000000200257d8        0x8 CMakeFiles/main.dir/usr/local/picosdk/src/rp2_common/pico_stdio_usb/stdio_usb.c.o
 .bss.usbd_serial_str
                0x00000000200257e0       0x11 CMakeFiles/main.dir/usr/local/picosdk/src/rp2_common/pico_stdio_usb/stdio_usb_descriptors.c.o
 .bss._app_driver_count
                0x00000000200257f1        0x1 CMakeFiles/main.dir/usr/local/picosdk/lib/tinyusb/src/device/usbd.c.o
 .bss._sof_enable
                0x00000000200257f2        0x1 CMakeFiles/main.dir/usr/local/picosdk/lib/tinyusb/src/portable/raspberrypi/rp2040/dcd_rp2040.c.o
 .bss._usbd_queued_setup
                0x00000000200257f3        0x1 CMakeFiles/main.dir/usr/local/picosdk/lib/tinyusb/src/device/usbd.c.o
 .bss.boot2_copyout_valid
                0x00000000200257f4        0x1 CMakeFiles/main.dir/usr/local/picosdk/src/rp2_common/hardware_flash/flash.c.o
 .bss.id        0x00000000200257f5        0x1 lib/lcd/liblcd.a(LCD_Driver.c.o)
                0x00000000200257f5                id
 .bss.irq_handler_chain_free_slot_head
                0x00000000200257f6        0x1 CMakeFiles/main.dir/usr/local/picosdk/src/rp2_common/hardware_irq/irq.c.o
 .bss.itf_num   0x00000000200257f7        0x1 CMakeFiles/main.dir/usr/local/picosdk/src/rp2_common/pico_stdio_usb/reset_interface.c.o
 .bss.low_priority_irq_num
                0x00000000200257f8        0x1 CMakeFiles/main.dir/usr/local/picosdk/src/rp2_common/pico_stdio_usb/stdio_usb.c.o
 .bss.one_shot_timer_pending
                0x00000000200257f9        0x1 CMakeFiles/main.dir/usr/local/picosdk/src/rp2_common/pico_stdio_usb/stdio_usb.c.o
 .bss.user_irq_claimed
                0x00000000200257fa        0x1 CMakeFiles/main.dir/usr/local/picosdk/src/rp2_common/hardware_irq/irq.c.o
 *(COMMON)
                0x00000000200257fc                . = ALIGN (0x4)
 *fill*         0x00000000200257fb        0x1 
                0x00000000200257fc                __bss_end__ = .

.heap           0x00000000200257fc      0x800 load address 0x000000001000bd94
                0x00000000200257fc                __end__ = .
                0x00000000200257fc                end = __end__
 *(.heap*)
 .heap          0x00000000200257fc      0x800 CMakeFiles/main.dir/usr/local/picosdk/src/rp2_common/pico_crt0/crt0.S.o
                0x0000000020040000                __HeapLimit = (ORIGIN (RAM) + LENGTH (RAM))

.scratch_x      0x0000000020040000        0x0 load address 0x000000001000bd94
                0x0000000020040000                __scratch_x_start__ = .
 *(.scratch_x.*)
                0x0000000020040000                . = ALIGN (0x4)
                0x0000000020040000                __scratch_x_end__ = .
                0x000000001000bd94                __scratch_x_source__ = LOADADDR (.scratch_x)

.scratch_y      0x0000000020041000        0x0 load address 0x000000001000bd94
                0x0000000020041000                __scratch_y_start__ = .